Component: ARM Compiler 5.06 update 5 (build 528) Tool: armlink [4d35e2]

==============================================================================

Section Cross References

    startup_stm32f103xb.o(STACK) refers (Special) to heapauxi.o(.text) for __use_two_region_memory
    startup_stm32f103xb.o(HEAP) refers (Special) to heapauxi.o(.text) for __use_two_region_memory
    startup_stm32f103xb.o(RESET) refers (Special) to heapauxi.o(.text) for __use_two_region_memory
    startup_stm32f103xb.o(RESET) refers to startup_stm32f103xb.o(STACK) for __initial_sp
    startup_stm32f103xb.o(RESET) refers to startup_stm32f103xb.o(.text) for Reset_Handler
    startup_stm32f103xb.o(RESET) refers to stm32f1xx_it.o(i.NMI_Handler) for NMI_Handler
    startup_stm32f103xb.o(RESET) refers to stm32f1xx_it.o(i.HardFault_Handler) for HardFault_Handler
    startup_stm32f103xb.o(RESET) refers to stm32f1xx_it.o(i.MemManage_Handler) for MemManage_Handler
    startup_stm32f103xb.o(RESET) refers to stm32f1xx_it.o(i.BusFault_Handler) for BusFault_Handler
    startup_stm32f103xb.o(RESET) refers to stm32f1xx_it.o(i.UsageFault_Handler) for UsageFault_Handler
    startup_stm32f103xb.o(RESET) refers to port.o(.emb_text) for SVC_Handler
    startup_stm32f103xb.o(RESET) refers to stm32f1xx_it.o(i.DebugMon_Handler) for DebugMon_Handler
    startup_stm32f103xb.o(RESET) refers to stm32f1xx_it.o(i.SysTick_Handler) for SysTick_Handler
    startup_stm32f103xb.o(RESET) refers to stm32f1xx_it.o(i.DMA1_Channel1_IRQHandler) for DMA1_Channel1_IRQHandler
    startup_stm32f103xb.o(RESET) refers to stm32f1xx_it.o(i.TIM3_IRQHandler) for TIM3_IRQHandler
    startup_stm32f103xb.o(RESET) refers to stm32f1xx_it.o(i.TIM4_IRQHandler) for TIM4_IRQHandler
    startup_stm32f103xb.o(.text) refers (Special) to heapauxi.o(.text) for __use_two_region_memory
    startup_stm32f103xb.o(.text) refers to system_stm32f1xx.o(i.SystemInit) for SystemInit
    startup_stm32f103xb.o(.text) refers to __main.o(!!!main) for __main
    startup_stm32f103xb.o(.text) refers to startup_stm32f103xb.o(HEAP) for Heap_Mem
    startup_stm32f103xb.o(.text) refers to startup_stm32f103xb.o(STACK) for Stack_Mem
    freertos_watch.o(i.FreeRTOS_Init) refers to queue.o(i.xQueueGenericCreate) for xQueueGenericCreate
    freertos_watch.o(i.FreeRTOS_Init) refers to timers.o(i.xTimerCreate) for xTimerCreate
    freertos_watch.o(i.FreeRTOS_Init) refers to tasks.o(i.xTaskGetTickCount) for xTaskGetTickCount
    freertos_watch.o(i.FreeRTOS_Init) refers to timers.o(i.xTimerGenericCommand) for xTimerGenericCommand
    freertos_watch.o(i.FreeRTOS_Init) refers to tasks.o(i.xTaskCreate) for xTaskCreate
    freertos_watch.o(i.FreeRTOS_Init) refers to tasks.o(i.vTaskStartScheduler) for vTaskStartScheduler
    freertos_watch.o(i.FreeRTOS_Init) refers to freertos_watch.o(.data) for .data
    freertos_watch.o(i.FreeRTOS_Init) refers to timetask.o(i.clockCallbackFunction) for clockCallbackFunction
    freertos_watch.o(i.FreeRTOS_Init) refers to gametask.o(i.flickerCallbackFunction) for flickerCallbackFunction
    freertos_watch.o(i.FreeRTOS_Init) refers to testtask.o(i.testtask) for testtask
    freertos_watch.o(i.FreeRTOS_Init) refers to timetask.o(i.TimeTask) for TimeTask
    freertos_watch.o(i.FreeRTOS_Init) refers to menutask.o(i.MenuTask) for MenuTask
    freertos_watch.o(i.FreeRTOS_Init) refers to alarmtask.o(i.AlarmTask) for AlarmTask
    freertos_watch.o(i.FreeRTOS_Init) refers to alarmsettask.o(i.AlarmSetTask) for AlarmSetTask
    freertos_watch.o(i.FreeRTOS_Init) refers to flashlighttask.o(i.FlashlightTask) for FlashlightTask
    freertos_watch.o(i.FreeRTOS_Init) refers to gametask.o(i.GameTask) for GameTask
    freertos_watch.o(i.FreeRTOS_Init) refers to musictask.o(i.MusicTask) for MusicTask
    freertos_watch.o(i.FreeRTOS_Init) refers to humituretask.o(i.HumitureTask) for HumitureTask
    freertos_watch.o(i.FreeRTOS_Init) refers to settingtask.o(i.SettingTask) for SettingTask
    main.o(i.HAL_TIM_PeriodElapsedCallback) refers to stm32f1xx_hal.o(i.HAL_IncTick) for HAL_IncTick
    main.o(i.HAL_TIM_PeriodElapsedCallback) refers to key.o(i.Key_ReleaseJudge) for Key_ReleaseJudge
    main.o(i.HAL_TIM_PeriodElapsedCallback) refers to main.o(.data) for .data
    main.o(i.SystemClock_Config) refers to rt_memclr_w.o(.text) for __aeabi_memclr4
    main.o(i.SystemClock_Config) refers to stm32f1xx_hal_rcc.o(i.HAL_RCC_OscConfig) for HAL_RCC_OscConfig
    main.o(i.SystemClock_Config) refers to stm32f1xx_hal_rcc.o(i.HAL_RCC_ClockConfig) for HAL_RCC_ClockConfig
    main.o(i.SystemClock_Config) refers to stm32f1xx_hal_rcc_ex.o(i.HAL_RCCEx_PeriphCLKConfig) for HAL_RCCEx_PeriphCLKConfig
    main.o(i.main) refers to stm32f1xx_hal.o(i.HAL_Init) for HAL_Init
    main.o(i.main) refers to main.o(i.SystemClock_Config) for SystemClock_Config
    main.o(i.main) refers to gpio.o(i.MX_GPIO_Init) for MX_GPIO_Init
    main.o(i.main) refers to dma.o(i.MX_DMA_Init) for MX_DMA_Init
[...]
    EXTI1_IRQHandler                         0x0800023b   Thumb Code     0  startup_stm32f103xb.o(.text)
    EXTI2_IRQHandler                         0x0800023b   Thumb Code     0  startup_stm32f103xb.o(.text)
    EXTI3_IRQHandler                         0x0800023b   Thumb Code     0  startup_stm32f103xb.o(.text)
    EXTI4_IRQHandler                         0x0800023b   Thumb Code     0  startup_stm32f103xb.o(.text)
    EXTI9_5_IRQHandler                       0x0800023b   Thumb Code     0  startup_stm32f103xb.o(.text)
    FLASH_IRQHandler                         0x0800023b   Thumb Code     0  startup_stm32f103xb.o(.text)
    I2C1_ER_IRQHandler                       0x0800023b   Thumb Code     0  startup_stm32f103xb.o(.text)
    I2C1_EV_IRQHandler                       0x0800023b   Thumb Code     0  startup_stm32f103xb.o(.text)
    I2C2_ER_IRQHandler                       0x0800023b   Thumb Code     0  startup_stm32f103xb.o(.text)
    I2C2_EV_IRQHandler                       0x0800023b   Thumb Code     0  startup_stm32f103xb.o(.text)
    PVD_IRQHandler                           0x0800023b   Thumb Code     0  startup_stm32f103xb.o(.text)
    RCC_IRQHandler                           0x0800023b   Thumb Code     0  startup_stm32f103xb.o(.text)
    RTC_Alarm_IRQHandler                     0x0800023b   Thumb Code     0  startup_stm32f103xb.o(.text)
    RTC_IRQHandler                           0x0800023b   Thumb Code     0  startup_stm32f103xb.o(.text)
    SPI1_IRQHandler                          0x0800023b   Thumb Code     0  startup_stm32f103xb.o(.text)
    SPI2_IRQHandler                          0x0800023b   Thumb Code     0  startup_stm32f103xb.o(.text)
    TAMPER_IRQHandler                        0x0800023b   Thumb Code     0  startup_stm32f103xb.o(.text)
    TIM1_BRK_IRQHandler                      0x0800023b   Thumb Code     0  startup_stm32f103xb.o(.text)
    TIM1_CC_IRQHandler                       0x0800023b   Thumb Code     0  startup_stm32f103xb.o(.text)
    TIM1_TRG_COM_IRQHandler                  0x0800023b   Thumb Code     0  startup_stm32f103xb.o(.text)
    TIM1_UP_IRQHandler                       0x0800023b   Thumb Code     0  startup_stm32f103xb.o(.text)
    TIM2_IRQHandler                          0x0800023b   Thumb Code     0  startup_stm32f103xb.o(.text)
    USART1_IRQHandler                        0x0800023b   Thumb Code     0  startup_stm32f103xb.o(.text)
    USART2_IRQHandler                        0x0800023b   Thumb Code     0  startup_stm32f103xb.o(.text)
    USART3_IRQHandler                        0x0800023b   Thumb Code     0  startup_stm32f103xb.o(.text)
    USBWakeUp_IRQHandler                     0x0800023b   Thumb Code     0  startup_stm32f103xb.o(.text)
    USB_HP_CAN1_TX_IRQHandler                0x0800023b   Thumb Code     0  startup_stm32f103xb.o(.text)
    USB_LP_CAN1_RX0_IRQHandler               0x0800023b   Thumb Code     0  startup_stm32f103xb.o(.text)
    WWDG_IRQHandler                          0x0800023b   Thumb Code     0  startup_stm32f103xb.o(.text)
    __user_initial_stackheap                 0x0800023d   Thumb Code     0  startup_stm32f103xb.o(.text)
    __aeabi_memcpy                           0x08000261   Thumb Code     0  rt_memcpy_v6.o(.text)
    __rt_memcpy                              0x08000261   Thumb Code   138  rt_memcpy_v6.o(.text)
    _memcpy_lastbytes                        0x080002c7   Thumb Code     0  rt_memcpy_v6.o(.text)
    __aeabi_memclr                           0x080002eb   Thumb Code     0  rt_memclr.o(.text)
    __rt_memclr                              0x080002eb   Thumb Code    68  rt_memclr.o(.text)
    _memset                                  0x080002ef   Thumb Code     0  rt_memclr.o(.text)
    __aeabi_memclr4                          0x0800032f   Thumb Code     0  rt_memclr_w.o(.text)
    __aeabi_memclr8                          0x0800032f   Thumb Code     0  rt_memclr_w.o(.text)
    __rt_memclr_w                            0x0800032f   Thumb Code    78  rt_memclr_w.o(.text)
    _memset_w                                0x08000333   Thumb Code     0  rt_memclr_w.o(.text)
    __use_two_region_memory                  0x0800037d   Thumb Code     2  heapauxi.o(.text)
    __rt_heap_escrow$2region                 0x0800037f   Thumb Code     2  heapauxi.o(.text)
    __rt_heap_expand$2region                 0x08000381   Thumb Code     2  heapauxi.o(.text)
    __aeabi_memcpy4                          0x08000383   Thumb Code     0  rt_memcpy_w.o(.text)
    __aeabi_memcpy8                          0x08000383   Thumb Code     0  rt_memcpy_w.o(.text)
    __rt_memcpy_w                            0x08000383   Thumb Code   100  rt_memcpy_w.o(.text)
    _memcpy_lastbytes_aligned                0x080003cb   Thumb Code     0  rt_memcpy_w.o(.text)
    __user_setup_stackheap                   0x080003e7   Thumb Code    74  sys_stackheap_outer.o(.text)
    exit                                     0x08000431   Thumb Code    18  exit.o(.text)
    __user_libspace                          0x08000445   Thumb Code     8  libspace.o(.text)
    __user_perproc_libspace                  0x08000445   Thumb Code     0  libspace.o(.text)
    __user_perthread_libspace                0x08000445   Thumb Code     0  libspace.o(.text)
    _sys_exit                                0x0800044d   Thumb Code     8  sys_exit.o(.text)
    __I$use$semihosting                      0x08000459   Thumb Code     0  use_no_semi.o(.text)
    __use_no_semihosting_swi                 0x08000459   Thumb Code     2  use_no_semi.o(.text)
    __semihosting_library_function           0x0800045b   Thumb Code     0  indicate_semi.o(.text)
    ADC_ConversionStop_Disable               0x0800045d   Thumb Code    86  stm32f1xx_hal_adc.o(i.ADC_ConversionStop_Disable)
    ADC_DMAConvCplt                          0x080004b3   Thumb Code    78  stm32f1xx_hal_adc.o(i.ADC_DMAConvCplt)
    ADC_DMAError                             0x08000501   Thumb Code    26  stm32f1xx_hal_adc.o(i.ADC_DMAError)
    ADC_DMAHalfConvCplt                      0x0800051b   Thumb Code    10  stm32f1xx_hal_adc.o(i.ADC_DMAHalfConvCplt)
    ADC_Enable                               0x08000525   Thumb Code   114  stm32f1xx_hal_adc.o(i.ADC_Enable)
    AlarmSetTask                             0x080005a1   Thumb Code   534  alarmsettask.o(i.AlarmSetTask)
    AlarmTask                                0x080007e1   Thumb Code    38  alarmtask.o(i.AlarmTask)
    Beep                                     0x08000815   Thumb Code    60  beep.o(i.Beep)
    BusFault_Handler                         0x08000861   Thumb Code     2  stm32f1xx_it.o(i.BusFault_Handler)
    Buzzer_PlayNote                          0x08000865   Thumb Code    32  buzzer.o(i.Buzzer_PlayNote)
    ComputerPlay                             0x0800088d   Thumb Code   112  game.o(i.ComputerPlay)
    DHT11_Check                              0x08000909   Thumb Code    72  dht11.o(i.DHT11_Check)
    DHT11_ReadBit                            0x08000951   Thumb Code    70  dht11.o(i.DHT11_ReadBit)
    DHT11_ReadByte                           0x0800099d   Thumb Code    26  dht11.o(i.DHT11_ReadByte)
    DHT11_ReadData                           0x080009b7   Thumb Code    80  dht11.o(i.DHT11_ReadData)
    DHT11_ReadPin                            0x08000a09   Thumb Code     8  dht11.o(i.DHT11_ReadPin)
    DHT11_Reset                              0x08000a15   Thumb Code    30  dht11.o(i.DHT11_Reset)
    DHT11_WritePin                           0x08000a35   Thumb Code    10  dht11.o(i.DHT11_WritePin)
    DHT_delay_us                             0x08000a45   Thumb Code    36  dht11.o(i.DHT_delay_us)
    DMA1_Channel1_IRQHandler                 0x08000a6d   Thumb Code     6  stm32f1xx_it.o(i.DMA1_Channel1_IRQHandler)
    DebugMon_Handler                         0x08000aa3   Thumb Code     2  stm32f1xx_it.o(i.DebugMon_Handler)
    DrawBoardBuffer                          0x08000aa5   Thumb Code   134  gametask.o(i.DrawBoardBuffer)
    DrawMenuBuffer                           0x08000b35   Thumb Code   124  menutask.o(i.DrawMenuBuffer)
    Error_Handler                            0x08000bb9   Thumb Code     4  main.o(i.Error_Handler)
    FlashlightTask                           0x08000bbd   Thumb Code   178  flashlighttask.o(i.FlashlightTask)
    FreeRTOS_Init                            0x08000c99   Thumb Code   306  freertos_watch.o(i.FreeRTOS_Init)
    GameTask                                 0x08000e95   Thumb Code   400  gametask.o(i.GameTask)
    HAL_ADC_ConfigChannel                    0x08001049   Thumb Code   240  stm32f1xx_hal_adc.o(i.HAL_ADC_ConfigChannel)
    HAL_ADC_ConvCpltCallback                 0x08001145   Thumb Code     8  game.o(i.HAL_ADC_ConvCpltCallback)
    HAL_ADC_ConvHalfCpltCallback             0x08001151   Thumb Code     2  stm32f1xx_hal_adc.o(i.HAL_ADC_ConvHalfCpltCallback)
    HAL_ADC_ErrorCallback                    0x08001153   Thumb Code     2  stm32f1xx_hal_adc.o(i.HAL_ADC_ErrorCallback)
    HAL_ADC_Init                             0x08001155   Thumb Code   272  stm32f1xx_hal_adc.o(i.HAL_ADC_Init)
    HAL_ADC_MspInit                          0x08001271   Thumb Code   120  adc.o(i.HAL_ADC_MspInit)
    HAL_ADC_Start_DMA                        0x080012fd   Thumb Code   246  stm32f1xx_hal_adc.o(i.HAL_ADC_Start_DMA)
    HAL_DMA_IRQHandler                       0x08001409   Thumb Code   316  stm32f1xx_hal_dma.o(i.HAL_DMA_IRQHandler)
    HAL_DMA_Init                             0x0800155d   Thumb Code    84  stm32f1xx_hal_dma.o(i.HAL_DMA_Init)
    HAL_DMA_Start_IT                         0x080015b9   Thumb Code   112  stm32f1xx_hal_dma.o(i.HAL_DMA_Start_IT)
    HAL_Delay                                0x08001629   Thumb Code    32  stm32f1xx_hal.o(i.HAL_Delay)
    HAL_GPIO_Init                            0x0800164d   Thumb Code   446  stm32f1xx_hal_gpio.o(i.HAL_GPIO_Init)
    HAL_GPIO_ReadPin                         0x0800182d   Thumb Code    10  stm32f1xx_hal_gpio.o(i.HAL_GPIO_ReadPin)
    HAL_GPIO_TogglePin                       0x08001837   Thumb Code    16  stm32f1xx_hal_gpio.o(i.HAL_GPIO_TogglePin)
    HAL_GPIO_WritePin                        0x08001847   Thumb Code    10  stm32f1xx_hal_gpio.o(i.HAL_GPIO_WritePin)
    HAL_GetTick                              0x08001851   Thumb Code     6  stm32f1xx_hal.o(i.HAL_GetTick)
    HAL_I2C_Init                             0x0800185d   Thumb Code   376  stm32f1xx_hal_i2c.o(i.HAL_I2C_Init)
    HAL_I2C_Master_Transmit                  0x080019e5   Thumb Code   290  stm32f1xx_hal_i2c.o(i.HAL_I2C_Master_Transmit)
    HAL_I2C_MspInit                          0x08001b11   Thumb Code    80  i2c.o(i.HAL_I2C_MspInit)
    HAL_IncTick                              0x08001b6d   Thumb Code    12  stm32f1xx_hal.o(i.HAL_IncTick)
    HAL_Init                                 0x08001b7d   Thumb Code    32  stm32f1xx_hal.o(i.HAL_Init)
    HAL_InitTick                             0x08001ba1   Thumb Code   132  stm32f1xx_hal_timebase_tim.o(i.HAL_InitTick)
    HAL_MspInit                              0x08001c39   Thumb Code    52  stm32f1xx_hal_msp.o(i.HAL_MspInit)
    HAL_NVIC_EnableIRQ                       0x08001c75   Thumb Code    26  stm32f1xx_hal_cortex.o(i.HAL_NVIC_EnableIRQ)
    HAL_NVIC_SetPriority                     0x08001c91   Thumb Code    60  stm32f1xx_hal_cortex.o(i.HAL_NVIC_SetPriority)
    HAL_NVIC_SetPriorityGrouping             0x08001cd1   Thumb Code    26  stm32f1xx_hal_cortex.o(i.HAL_NVIC_SetPriorityGrouping)
    HAL_RCCEx_PeriphCLKConfig                0x08001cf5   Thumb Code   224  stm32f1xx_hal_rcc_ex.o(i.HAL_RCCEx_PeriphCLKConfig)
    HAL_RCC_ClockConfig                      0x08001de1   Thumb Code   280  stm32f1xx_hal_rcc.o(i.HAL_RCC_ClockConfig)
    HAL_RCC_GetClockConfig                   0x08001f0d   Thumb Code    54  stm32f1xx_hal_rcc.o(i.HAL_RCC_GetClockConfig)
    HAL_RCC_GetPCLK1Freq                     0x08001f4d   Thumb Code    20  stm32f1xx_hal_rcc.o(i.HAL_RCC_GetPCLK1Freq)
    HAL_RCC_GetSysClockFreq                  0x08001f6d   Thumb Code    58  stm32f1xx_hal_rcc.o(i.HAL_RCC_GetSysClockFreq)
    HAL_RCC_OscConfig                        0x08001fb9   Thumb Code   778  stm32f1xx_hal_rcc.o(i.HAL_RCC_OscConfig)
    HAL_TIMEx_BreakCallback                  0x080022d9   Thumb Code     2  stm32f1xx_hal_tim_ex.o(i.HAL_TIMEx_BreakCallback)
    HAL_TIMEx_CommutCallback                 0x080022db   Thumb Code     2  stm32f1xx_hal_tim_ex.o(i.HAL_TIMEx_CommutCallback)
    HAL_TIMEx_ConfigBreakDeadTime            0x080022dd   Thumb Code    84  stm32f1xx_hal_tim_ex.o(i.HAL_TIMEx_ConfigBreakDeadTime)
    HAL_TIMEx_MasterConfigSynchronization    0x08002331   Thumb Code    92  stm32f1xx_hal_tim_ex.o(i.HAL_TIMEx_MasterConfigSynchronization)
    HAL_TIM_Base_Init                        0x08002399   Thumb Code    90  stm32f1xx_hal_tim.o(i.HAL_TIM_Base_Init)
    HAL_TIM_Base_MspInit                     0x080023f5   Thumb Code    94  tim.o(i.HAL_TIM_Base_MspInit)
    HAL_TIM_Base_Start_IT                    0x08002461   Thumb Code    76  stm32f1xx_hal_tim.o(i.HAL_TIM_Base_Start_IT)
    HAL_TIM_ConfigClockSource                0x080024b9   Thumb Code   220  stm32f1xx_hal_tim.o(i.HAL_TIM_ConfigClockSource)
    HAL_TIM_IC_CaptureCallback               0x08002595   Thumb Code     2  stm32f1xx_hal_tim.o(i.HAL_TIM_IC_CaptureCallback)
    HAL_TIM_IRQHandler                       0x08002597   Thumb Code   304  stm32f1xx_hal_tim.o(i.HAL_TIM_IRQHandler)
    HAL_TIM_MspPostInit                      0x080026c9   Thumb Code    88  tim.o(i.HAL_TIM_MspPostInit)
    HAL_TIM_OC_DelayElapsedCallback          0x0800272d   Thumb Code     2  stm32f1xx_hal_tim.o(i.HAL_TIM_OC_DelayElapsedCallback)
    HAL_TIM_PWM_ConfigChannel                0x0800272f   Thumb Code   204  stm32f1xx_hal_tim.o(i.HAL_TIM_PWM_ConfigChannel)
    HAL_TIM_PWM_Init                         0x080027fb   Thumb Code    90  stm32f1xx_hal_tim.o(i.HAL_TIM_PWM_Init)
    HAL_TIM_PWM_MspInit                      0x08002855   Thumb Code     2  stm32f1xx_hal_tim.o(i.HAL_TIM_PWM_MspInit)
    HAL_TIM_PWM_PulseFinishedCallback        0x08002857   Thumb Code     2  stm32f1xx_hal_tim.o(i.HAL_TIM_PWM_PulseFinishedCallback)
    HAL_TIM_PWM_Start                        0x08002859   Thumb Code   144  stm32f1xx_hal_tim.o(i.HAL_TIM_PWM_Start)
    HAL_TIM_PWM_Stop                         0x080028f5   Thumb Code   108  stm32f1xx_hal_tim.o(i.HAL_TIM_PWM_Stop)
    HAL_TIM_PeriodElapsedCallback            0x08002965   Thumb Code    52  main.o(i.HAL_TIM_PeriodElapsedCallback)
    HAL_TIM_TriggerCallback                  0x080029a5   Thumb Code     2  stm32f1xx_hal_tim.o(i.HAL_TIM_TriggerCallback)
    HardFault_Handler                        0x080029a7   Thumb Code     2  stm32f1xx_it.o(i.HardFault_Handler)
    HumitureTask                             0x080029a9   Thumb Code   262  humituretask.o(i.HumitureTask)
    IsBoardFull                              0x08002d93   Thumb Code    36  game.o(i.IsBoardFull)
    Key_GetState                             0x08002db9   Thumb Code    66  key.o(i.Key_GetState)
    Key_ReleaseJudge                         0x08002e01   Thumb Code   134  key.o(i.Key_ReleaseJudge)
    MX_ADC1_Init                             0x08002e91   Thumb Code    90  adc.o(i.MX_ADC1_Init)
    MX_DMA_Init                              0x08002ef5   Thumb Code    40  dma.o(i.MX_DMA_Init)
    MX_GPIO_Init                             0x08002f21   Thumb Code   172  gpio.o(i.MX_GPIO_Init)
    MX_I2C1_Init                             0x08002fdd   Thumb Code    50  i2c.o(i.MX_I2C1_Init)
    MX_TIM1_Init                             0x0800301d   Thumb Code   198  tim.o(i.MX_TIM1_Init)
    MX_TIM2_Init                             0x080030ed   Thumb Code   152  tim.o(i.MX_TIM2_Init)
    MX_TIM3_Init                             0x08003189   Thumb Code    96  tim.o(i.MX_TIM3_Init)
    MemManage_Handler                        0x080031f1   Thumb Code     2  stm32f1xx_it.o(i.MemManage_Handler)
    MenuTask                                 0x080031f5   Thumb Code   378  menutask.o(i.MenuTask)
    MusicTask                                0x080033a9   Thumb Code   300  musictask.o(i.MusicTask)
    Music_Pause                              0x08003501   Thumb Code    24  buzzer.o(i.Music_Pause)
    Music_Resume                             0x08003521   Thumb Code    36  buzzer.o(i.Music_Resume)
    Music_Start                              0x08003549   Thumb Code    42  buzzer.o(i.Music_Start)
    Music_Stop                               0x08003581   Thumb Code    18  buzzer.o(i.Music_Stop)
    Music_Update                             0x0800359d   Thumb Code    88  buzzer.o(i.Music_Update)
    NMI_Handler                              0x080035fd   Thumb Code     2  stm32f1xx_it.o(i.NMI_Handler)
    ResultJodge                              0x080035ff   Thumb Code   120  game.o(i.ResultJodge)
    SettingTask                              0x08003679   Thumb Code   678  settingtask.o(i.SettingTask)
    SysTick_Handler                          0x08003961   Thumb Code    20  stm32f1xx_it.o(i.SysTick_Handler)
    SystemClock_Config                       0x08003975   Thumb Code   120  main.o(i.SystemClock_Config)
    SystemInit                               0x080039ed   Thumb Code     2  system_stm32f1xx.o(i.SystemInit)
    TIM3_IRQHandler                          0x080039f1   Thumb Code     6  stm32f1xx_it.o(i.TIM3_IRQHandler)
    TIM4_IRQHandler                          0x080039fd   Thumb Code     6  stm32f1xx_it.o(i.TIM4_IRQHandler)
    TIM_Base_SetConfig                       0x08003a09   Thumb Code   108  stm32f1xx_hal_tim.o(i.TIM_Base_SetConfig)
    TIM_CCxChannelCmd                        0x08003a81   Thumb Code    26  stm32f1xx_hal_tim.o(i.TIM_CCxChannelCmd)
    TIM_ETR_SetConfig                        0x08003a9b   Thumb Code    20  stm32f1xx_hal_tim.o(i.TIM_ETR_SetConfig)
    TIM_OC2_SetConfig                        0x08003b11   Thumb Code    84  stm32f1xx_hal_tim.o(i.TIM_OC2_SetConfig)
    TimeTask                                 0x08003c4d   Thumb Code   424  timetask.o(i.TimeTask)
    UsageFault_Handler                       0x08003e3d   Thumb Code     2  stm32f1xx_it.o(i.UsageFault_Handler)
    clockCallbackFunction                    0x08003e61   Thumb Code   170  timetask.o(i.clockCallbackFunction)
    flickerCallbackFunction                  0x08003f25   Thumb Code    10  gametask.o(i.flickerCallbackFunction)
    main                                     0x08003f35   Thumb Code    48  main.o(i.main)
    pvPortMalloc                             0x08004631   Thumb Code   146  heap_4.o(i.pvPortMalloc)
    pxPortInitialiseStack                    0x080046c9   Thumb Code    32  port.o(i.pxPortInitialiseStack)
    testtask                                 0x080046ed   Thumb Code    54  testtask.o(i.testtask)
    u8g2_ClearBuffer                         0x0800472d   Thumb Code    18  u8g2_buffer.o(i.u8g2_ClearBuffer)
    u8g2_ClearDisplay                        0x0800473f   Thumb Code    30  u8g2_cleardisplay.o(i.u8g2_ClearDisplay)
    u8g2_DrawBox                             0x0800475d   Thumb Code    68  u8g2_box.o(i.u8g2_DrawBox)
    u8g2_DrawCircle                          0x080047a1   Thumb Code    64  u8g2_circle.o(i.u8g2_DrawCircle)
    u8g2_DrawDisc                            0x080047e1   Thumb Code    64  u8g2_circle.o(i.u8g2_DrawDisc)
    u8g2_DrawFrame                           0x08004821   Thumb Code   136  u8g2_box.o(i.u8g2_DrawFrame)
    u8g2_DrawGlyph                           0x080048a9   Thumb Code   112  u8g2_font.o(i.u8g2_DrawGlyph)
    u8g2_DrawHLine                           0x08004919   Thumb Code    12  u8g2_hvline.o(i.u8g2_DrawHLine)
    u8g2_DrawHVLine                          0x08004925   Thumb Code   172  u8g2_hvline.o(i.u8g2_DrawHVLine)
    u8g2_DrawHXBMP                           0x080049d1   Thumb Code   172  u8g2_bitmap.o(i.u8g2_DrawHXBMP)
    u8g2_DrawPixel                           0x08004a7d   Thumb Code    46  u8g2_hvline.o(i.u8g2_DrawPixel)
    u8g2_DrawRBox                            0x08004aab   Thumb Code   230  u8g2_box.o(i.u8g2_DrawRBox)
    u8g2_DrawStr                             0x08004b91   Thumb Code    12  u8g2_font.o(i.u8g2_DrawStr)
    u8g2_DrawUTF8                            0x08004ba1   Thumb Code    12  u8g2_font.o(i.u8g2_DrawUTF8)
    u8g2_DrawVLine                           0x08004bb1   Thumb Code    12  u8g2_hvline.o(i.u8g2_DrawVLine)
    u8g2_DrawXBMP                            0x08004bbd   Thumb Code    76  u8g2_bitmap.o(i.u8g2_DrawXBMP)
    u8g2_FirstPage                           0x08004c09   Thumb Code    28  u8g2_buffer.o(i.u8g2_FirstPage)
    u8g2_Init                                0x08004c25   Thumb Code    38  u8g2_d_setup.o(i.u8g2_Init)
    u8g2_IsIntersection                      0x08004c59   Thumb Code    48  u8g2_intersection.o(i.u8g2_IsIntersection)
    u8g2_NextPage                            0x08004c89   Thumb Code    62  u8g2_buffer.o(i.u8g2_NextPage)
    u8g2_SendBuffer                          0x08004cc7   Thumb Code    18  u8g2_buffer.o(i.u8g2_SendBuffer)
    u8g2_SetBufferCurrTileRow                0x08004cd9   Thumb Code    28  u8g2_buffer.o(i.u8g2_SetBufferCurrTileRow)
    u8g2_SetDrawColor                        0x08004cf5   Thumb Code    16  u8g2_hvline.o(i.u8g2_SetDrawColor)
    u8g2_SetFont                             0x08004d05   Thumb Code    32  u8g2_font.o(i.u8g2_SetFont)
    u8g2_SetFontPosBaseline                  0x08004d25   Thumb Code     6  u8g2_font.o(i.u8g2_SetFontPosBaseline)
    u8g2_SetMaxClipWindow                    0x08004d31   Thumb Code    28  u8g2_setup.o(i.u8g2_SetMaxClipWindow)
    u8g2_SetupBuffer                         0x08004d4d   Thumb Code    70  u8g2_setup.o(i.u8g2_SetupBuffer)
    u8g2_Setup_ssd1306_i2c_128x64_noname_f   0x08004d95   Thumb Code    42  u8g2_d_setup.o(i.u8g2_Setup_ssd1306_i2c_128x64_noname_f)
    u8g2_UpdateRefHeight                     0x08004dcd   Thumb Code    82  u8g2_font.o(i.u8g2_UpdateRefHeight)
    u8g2_add_vector_x                        0x08004e1f   Thumb Code    28  u8g2_font.o(i.u8g2_add_vector_x)
    u8g2_add_vector_y                        0x08004e3b   Thumb Code    28  u8g2_font.o(i.u8g2_add_vector_y)
    u8g2_draw_hv_line_2dir                   0x0800515b   Thumb Code    18  u8g2_hvline.o(i.u8g2_draw_hv_line_2dir)
    u8g2_draw_l90_r0                         0x0800516d   Thumb Code    12  u8g2_setup.o(i.u8g2_draw_l90_r0)
    u8g2_font_calc_vref_font                 0x080051ef   Thumb Code     4  u8g2_font.o(i.u8g2_font_calc_vref_font)
    u8g2_font_decode_get_signed_bits         0x080051f3   Thumb Code    20  u8g2_font.o(i.u8g2_font_decode_get_signed_bits)
    u8g2_font_decode_get_unsigned_bits       0x08005207   Thumb Code    52  u8g2_font.o(i.u8g2_font_decode_get_unsigned_bits)
    u8g2_font_decode_glyph                   0x0800523d   Thumb Code   276  u8g2_font.o(i.u8g2_font_decode_glyph)
    u8g2_font_decode_len                     0x08005351   Thumb Code   140  u8g2_font.o(i.u8g2_font_decode_len)
    u8g2_font_get_glyph_data                 0x080053dd   Thumb Code   114  u8g2_font.o(i.u8g2_font_get_glyph_data)
    u8g2_is_intersection_decision_tree       0x08005497   Thumb Code    24  u8g2_intersection.o(i.u8g2_is_intersection_decision_tree)
    u8g2_ll_hvline_vertical_top_lsb          0x080054b1   Thumb Code   144  u8g2_ll_hvline.o(i.u8g2_ll_hvline_vertical_top_lsb)
    u8g2_m_16_8_f                            0x08005541   Thumb Code     8  u8g2_d_memory.o(i.u8g2_m_16_8_f)
    u8g2_read_font_info                      0x0800554d   Thumb Code   106  u8g2_font.o(i.u8g2_read_font_info)
    u8g2_stm32_delay                         0x08005605   Thumb Code    24  main.o(i.u8g2_stm32_delay)
    u8g2_update_dimension_r0                 0x08005663   Thumb Code     4  u8g2_setup.o(i.u8g2_update_dimension_r0)
    u8g2_update_page_win_r0                  0x08005667   Thumb Code    34  u8g2_setup.o(i.u8g2_update_page_win_r0)
    u8x8_DrawTile                            0x08005689   Thumb Code    30  u8x8_display.o(i.u8x8_DrawTile)
    u8x8_InitDisplay                         0x080056a7   Thumb Code    16  u8x8_display.o(i.u8x8_InitDisplay)
    u8x8_RefreshDisplay                      0x080056b7   Thumb Code    16  u8x8_display.o(i.u8x8_RefreshDisplay)
    u8x8_SetPowerSave                        0x080056c7   Thumb Code    16  u8x8_display.o(i.u8x8_SetPowerSave)
    u8x8_Setup                               0x080056d7   Thumb Code    34  u8x8_setup.o(i.u8x8_Setup)
    u8x8_SetupDefaults                       0x080056f9   Thumb Code    32  u8x8_setup.o(i.u8x8_SetupDefaults)
    u8x8_SetupMemory                         0x0800571d   Thumb Code    16  u8x8_display.o(i.u8x8_SetupMemory)
    u8x8_ascii_next                          0x0800572d   Thumb Code    14  u8x8_8x8.o(i.u8x8_ascii_next)
    u8x8_byte_EndTransfer                    0x0800573b   Thumb Code    16  u8x8_byte.o(i.u8x8_byte_EndTransfer)
    u8x8_byte_SendByte                       0x0800574b   Thumb Code    14  u8x8_byte.o(i.u8x8_byte_SendByte)
    u8x8_byte_StartTransfer                  0x08005759   Thumb Code    16  u8x8_byte.o(i.u8x8_byte_StartTransfer)
    u8x8_byte_hw_i2c                         0x08005769   Thumb Code    88  u8x8_byte.o(i.u8x8_byte_hw_i2c)
    u8x8_cad_EndTransfer                     0x080057cd   Thumb Code    16  u8x8_cad.o(i.u8x8_cad_EndTransfer)
    u8x8_cad_SendArg                         0x080057dd   Thumb Code    16  u8x8_cad.o(i.u8x8_cad_SendArg)
    u8x8_cad_SendCmd                         0x080057ed   Thumb Code    16  u8x8_cad.o(i.u8x8_cad_SendCmd)
    u8x8_cad_SendData                        0x080057fd   Thumb Code    16  u8x8_cad.o(i.u8x8_cad_SendData)
    u8x8_cad_SendSequence                    0x0800580d   Thumb Code   104  u8x8_cad.o(i.u8x8_cad_SendSequence)
    u8x8_cad_StartTransfer                   0x08005875   Thumb Code    16  u8x8_cad.o(i.u8x8_cad_StartTransfer)
    u8x8_cad_ssd13xx_fast_i2c                0x08005885   Thumb Code   182  u8x8_cad.o(i.u8x8_cad_ssd13xx_fast_i2c)
    u8x8_d_helper_display_init               0x08005941   Thumb Code    96  u8x8_display.o(i.u8x8_d_helper_display_init)
    u8x8_d_helper_display_setup_memory       0x080059a1   Thumb Code    10  u8x8_display.o(i.u8x8_d_helper_display_setup_memory)
    u8x8_d_ssd1306_128x64_noname             0x080059ad   Thumb Code    52  u8x8_d_ssd1306_128x64_noname.o(i.u8x8_d_ssd1306_128x64_noname)
    u8x8_dummy_cb                            0x08005ab1   Thumb Code     4  u8x8_setup.o(i.u8x8_dummy_cb)
    u8x8_gpio_call                           0x08005ab5   Thumb Code    12  u8x8_gpio.o(i.u8x8_gpio_call)
    u8x8_utf8_init                           0x08005aed   Thumb Code     8  u8x8_8x8.o(i.u8x8_utf8_init)
    u8x8_utf8_next                           0x08005af5   Thumb Code   144  u8x8_8x8.o(i.u8x8_utf8_next)
    uxListRemove                             0x08005b85   Thumb Code    38  list.o(i.uxListRemove)
    uxTaskGetNumberOfTasks                   0x08005bad   Thumb Code     6  tasks.o(i.uxTaskGetNumberOfTasks)
    vListInitialise                          0x08005bb9   Thumb Code    22  list.o(i.vListInitialise)
    vListInitialiseItem                      0x08005bcf   Thumb Code     6  list.o(i.vListInitialiseItem)
    vListInsert                              0x08005bd5   Thumb Code    48  list.o(i.vListInsert)
    vListInsertEnd                           0x08005c05   Thumb Code    24  list.o(i.vListInsertEnd)
    vPortEnterCritical                       0x08005c1d   Thumb Code    24  port.o(i.vPortEnterCritical)
    vPortExitCritical                        0x08005c39   Thumb Code    16  port.o(i.vPortExitCritical)
    vPortFree                                0x08005c4d   Thumb Code    64  heap_4.o(i.vPortFree)
    vPortSetupTimerInterrupt                 0x08005c91   Thumb Code    20  port.o(i.vPortSetupTimerInterrupt)
    vQueueWaitForMessageRestricted           0x08005ca9   Thumb Code    68  queue.o(i.vQueueWaitForMessageRestricted)
    vTaskDelay                               0x08005ced   Thumb Code    44  tasks.o(i.vTaskDelay)
    vTaskInternalSetTimeOutState             0x08005d1d   Thumb Code    12  tasks.o(i.vTaskInternalSetTimeOutState)
    vTaskMissedYield                         0x08005d2d   Thumb Code     8  tasks.o(i.vTaskMissedYield)
    vTaskPlaceOnEventList                    0x08005d39   Thumb Code    26  tasks.o(i.vTaskPlaceOnEventList)
    vTaskPlaceOnEventListRestricted          0x08005d59   Thumb Code    58  tasks.o(i.vTaskPlaceOnEventListRestricted)
    vTaskResume                              0x08005d99   Thumb Code   136  tasks.o(i.vTaskResume)
    vTaskStartScheduler                      0x08005e2d   Thumb Code    72  tasks.o(i.vTaskStartScheduler)
    vTaskSuspend                             0x08005e85   Thumb Code   150  tasks.o(i.vTaskSuspend)
    vTaskSuspendAll                          0x08005f2d   Thumb Code    10  tasks.o(i.vTaskSuspendAll)
    vTaskSwitchContext                       0x08005f3d   Thumb Code    60  tasks.o(i.vTaskSwitchContext)
    xPortStartScheduler                      0x08005f81   Thumb Code    38  port.o(i.xPortStartScheduler)
    xPortSysTickHandler                      0x08005fb1   Thumb Code    38  port.o(i.xPortSysTickHandler)
    xQueueGenericCreate                      0x08005fdd   Thumb Code    70  queue.o(i.xQueueGenericCreate)
    xQueueGenericReset                       0x08006025   Thumb Code   144  queue.o(i.xQueueGenericReset)
    xQueueGenericSend                        0x080060b9   Thumb Code   242  queue.o(i.xQueueGenericSend)
    xQueueGenericSendFromISR                 0x080061b1   Thumb Code   112  queue.o(i.xQueueGenericSendFromISR)
    xQueueReceive                            0x08006221   Thumb Code   236  queue.o(i.xQueueReceive)
    xTaskCheckForTimeOut                     0x08006311   Thumb Code    82  tasks.o(i.xTaskCheckForTimeOut)
    xTaskCreate                              0x08006369   Thumb Code    92  tasks.o(i.xTaskCreate)
    xTaskGetSchedulerState                   0x080063c5   Thumb Code    22  tasks.o(i.xTaskGetSchedulerState)
    xTaskGetTickCount                        0x080063e1   Thumb Code     6  tasks.o(i.xTaskGetTickCount)
    xTaskIncrementTick                       0x080063ed   Thumb Code   282  tasks.o(i.xTaskIncrementTick)
    xTaskRemoveFromEventList                 0x08006511   Thumb Code   190  tasks.o(i.xTaskRemoveFromEventList)
    xTaskResumeAll                           0x080065dd   Thumb Code   266  tasks.o(i.xTaskResumeAll)
    xTimerCreate                             0x080066f9   Thumb Code    74  timers.o(i.xTimerCreate)
    xTimerCreateTimerTask                    0x08006745   Thumb Code    44  timers.o(i.xTimerCreateTimerTask)
    xTimerGenericCommand                     0x08006781   Thumb Code    68  timers.o(i.xTimerGenericCommand)
    AHBPrescTable                            0x080067da   Data          16  system_stm32f1xx.o(.constdata)
    APBPrescTable                            0x080067ea   Data           8  system_stm32f1xx.o(.constdata)
    Signal                                   0x080067f2   Data          32  data.o(.constdata)
    Power                                    0x08006812   Data          32  data.o(.constdata)
    Number8x16                               0x08006832   Data         160  data.o(.constdata)
    Number16x32                              0x080068d2   Data         640  data.o(.constdata)
    Setting                                  0x08006b52   Data          64  data.o(.constdata)
    MenuItems                                0x08006b94   Data        1020  data.o(.constdata)
    Bulb                                     0x08006f90   Data         576  data.o(.constdata)
    Chess                                    0x080071d0   Data          24  data.o(.constdata)
    Confirm                                  0x080071e8   Data          64  data.o(.constdata)
    little_star                              0x08007228   Data         172  data.o(.constdata)
    castle_in_sky                            0x080072d4   Data         488  data.o(.constdata)
    Little_star                              0x080074bc   Data          96  data.o(.constdata)
    Castle_in_sky                            0x0800751c   Data         128  data.o(.constdata)
    Last                                     0x0800759c   Data          32  data.o(.constdata)
    Next                                     0x080075bc   Data          32  data.o(.constdata)
    Pause                                    0x080075dc   Data          32  data.o(.constdata)
    Playing                                  0x080075fc   Data          32  data.o(.constdata)
    Temperature                              0x0800761c   Data          64  data.o(.constdata)
    Humidity                                 0x0800765c   Data          64  data.o(.constdata)
    u8g2_font_t0_11_tf                       0x0800769c   Data        1994  u8g2_fonts.o(.constdata)
    u8g2_font_wqy16_t_chinese1               0x08007e66   Data       13882  u8g2_fonts.o(.constdata)
    u8g2_cb_r0                               0x0800b4a0   Data          12  u8g2_setup.o(.constdata)
    Region$$Table$$Base                      0x0800b648   Number         0  anon$$obj.o(Region$$Table)
    Region$$Table$$Limit                     0x0800b668   Number         0  anon$$obj.o(Region$$Table)
    KeyQueue                                 0x20000000   Data           4  freertos_watch.o(.data)
    clock_handle                             0x20000004   Data           4  freertos_watch.o(.data)
    flicker_handle                           0x20000008   Data           4  freertos_watch.o(.data)
    testtask_handle                          0x2000000c   Data           4  freertos_watch.o(.data)
    TimeTask_handle                          0x20000010   Data           4  freertos_watch.o(.data)
    MenuTask_handle                          0x20000014   Data           4  freertos_watch.o(.data)
    AlarmTask_handle                         0x20000018   Data           4  freertos_watch.o(.data)
    AlarmSetTask_handle                      0x2000001c   Data           4  freertos_watch.o(.data)
    FlashlightTask_handle                    0x20000020   Data           4  freertos_watch.o(.data)
    GameTask_handle                          0x20000024   Data           4  freertos_watch.o(.data)
    MusicTask_handle                         0x20000028   Data           4  freertos_watch.o(.data)
    HumitureTask_handle                      0x2000002c   Data           4  freertos_watch.o(.data)
    SettingTask_handle                       0x20000030   Data           4  freertos_watch.o(.data)
    uwTickFreq                               0x20000038   Data           1  stm32f1xx_hal.o(.data)
    uwTickPrio                               0x2000003c   Data           4  stm32f1xx_hal.o(.data)
    uwTick                                   0x20000040   Data           4  stm32f1xx_hal.o(.data)
    SystemCoreClock                          0x20000044   Data           4  system_stm32f1xx.o(.data)
    pxCurrentTCB                             0x20000048   Data           4  tasks.o(.data)
    uxTopUsedPriority                        0x20000078   Data           4  tasks.o(.data)
    f_hour                                   0x200000bc   Data           1  timetask.o(.data)
    f_minute                                 0x200000bd   Data           1  timetask.o(.data)
    f_second                                 0x200000be   Data           1  timetask.o(.data)
    s_hour                                   0x200000bf   Data           1  timetask.o(.data)
    s_minute                                 0x200000c0   Data           1  timetask.o(.data)
    s_second                                 0x200000c1   Data           1  timetask.o(.data)
    SelectedIndex                            0x200000c4   Data           4  menutask.o(.data)
    Alarm_working                            0x200000c8   Data           1  alarmtask.o(.data)
    Light_Status                             0x200000c9   Data           1  flashlighttask.o(.data)
    ResultFlag                               0x200000cc   Data           1  gametask.o(.data)
    GameEndFlag                              0x200000cd   Data           1  gametask.o(.data)
    x                                        0x200000d0   Data           4  gametask.o(.data)
    y                                        0x200000d4   Data           4  gametask.o(.data)
    flickerTime                              0x200000d8   Data           4  gametask.o(.data)
    temp                                     0x200000dc   Data           1  humituretask.o(.data)
    humi                                     0x200000dd   Data           1  humituretask.o(.data)
    flickerbit                               0x200000de   Data           1  settingtask.o(.data)
    settingstate                             0x200000df   Data           1  settingtask.o(.data)
    t_f_hour                                 0x200000e0   Data           1  settingtask.o(.data)
    t_f_minute                               0x200000e1   Data           1  settingtask.o(.data)
    t_f_second                               0x200000e2   Data           1  settingtask.o(.data)
    t_s_hour                                 0x200000e3   Data           1  settingtask.o(.data)
    t_s_minute                               0x200000e4   Data           1  settingtask.o(.data)
    t_s_second                               0x200000e5   Data           1  settingtask.o(.data)
    A_f_hour                                 0x200000e6   Data           1  alarmsettask.o(.data)
    A_f_minute                               0x200000e7   Data           1  alarmsettask.o(.data)
    A_s_hour                                 0x200000e8   Data           1  alarmsettask.o(.data)
    A_s_minute                               0x200000e9   Data           1  alarmsettask.o(.data)
    a_f_hour                                 0x200000ea   Data           1  alarmsettask.o(.data)
    a_f_minute                               0x200000eb   Data           1  alarmsettask.o(.data)
    a_s_hour                                 0x200000ec   Data           1  alarmsettask.o(.data)
    a_s_minute                               0x200000ed   Data           1  alarmsettask.o(.data)
    FlickerBit                               0x200000ee   Data           1  alarmsettask.o(.data)
    SettingState                             0x200000ef   Data           1  alarmsettask.o(.data)
    ADCReady                                 0x200000f2   Data           1  game.o(.data)
    RandomValues                             0x200000f4   Data           4  game.o(.data)
    music_state                              0x200000f8   Data           1  buzzer.o(.data)
    current_song                             0x200000f9   Data           1  buzzer.o(.data)
    current_note                             0x200000fa   Data           2  buzzer.o(.data)
    note_start_time                          0x200000fc   Data           4  buzzer.o(.data)
    pause_time                               0x20000100   Data           4  buzzer.o(.data)
    paused_duration                          0x20000104   Data           4  buzzer.o(.data)
    current_melody                           0x20000108   Data           4  buzzer.o(.data)
    Beep_end_tick                            0x2000010c   Data           4  beep.o(.data)
    hadc1                                    0x2000011c   Data          48  adc.o(.bss)
    hdma_adc1                                0x2000014c   Data          68  adc.o(.bss)
    hi2c1                                    0x20000190   Data          84  i2c.o(.bss)
    htim1                                    0x200001e4   Data          72  tim.o(.bss)
    htim2                                    0x2000022c   Data          72  tim.o(.bss)
    htim3                                    0x20000274   Data          72  tim.o(.bss)
    htim4                                    0x200002bc   Data          72  stm32f1xx_hal_timebase_tim.o(.bss)
    chessflag                                0x20002e10   Data           9  gametask.o(.bss)
    __libspace_start                         0x2000323c   Data          96  libspace.o(.bss)
    __temporary_stack_top$libspace           0x2000329c   Data           0  libspace.o(.bss)



==============================================================================

Memory Map of the image

  Image Entry point : 0x080000ed

  Load Region LR_IROM1 (Base: 0x08000000, Size: 0x0000b784, Max: 0x00010000, ABSOLUTE)

    Execution Region ER_IROM1 (Exec base: 0x08000000, Load base: 0x08000000, Size: 0x0000b668, Max: 0x00010000, ABSOLUTE)

    Exec Addr    Load Addr    Size         Type   Attr      Idx    E Section Name        Object

    0x08000000   0x08000000   0x000000ec   Data   RO            3    RESET               startup_stm32f103xb.o
    0x080000ec   0x080000ec   0x00000008   Code   RO         9693  * !!!main             c_w.l(__main.o)
    0x080000f4   0x080000f4   0x00000034   Code   RO         9852    !!!scatter          c_w.l(__scatter.o)
    0x08000128   0x08000128   0x0000001a   Code   RO         9854    !!handler_copy      c_w.l(__scatter_copy.o)
    0x08000142   0x08000142   0x00000002   PAD
    0x08000144   0x08000144   0x0000001c   Code   RO         9856    !!handler_zi        c_w.l(__scatter_zi.o)
    0x08000160   0x08000160   0x00000002   Code   RO         9722    .ARM.Collect$$libinit$$00000000  c_w.l(libinit.o)
    0x08000162   0x08000162   0x00000000   Code   RO         9729    .ARM.Collect$$libinit$$00000002  c_w.l(libinit2.o)
    0x08000162   0x08000162   0x00000000   Code   RO         9731    .ARM.Collect$$libinit$$00000004  c_w.l(libinit2.o)
    0x08000162   0x08000162   0x00000000   Code   RO         9734    .ARM.Collect$$libinit$$0000000A  c_w.l(libinit2.o)
    0x08000162   0x08000162   0x00000000   Code   RO         9736    .ARM.Collect$$libinit$$0000000C  c_w.l(libinit2.o)
    0x08000162   0x08000162   0x00000000   Code   RO         9738    .ARM.Collect$$libinit$$0000000E  c_w.l(libinit2.o)
    0x08000162   0x08000162   0x00000000   Code   RO         9741    .ARM.Collect$$libinit$$00000011  c_w.l(libinit2.o)
    0x08000162   0x08000162   0x00000000   Code   RO         9743    .ARM.Collect$$libinit$$00000013  c_w.l(libinit2.o)
    0x08000162   0x08000162   0x00000000   Code   RO         9745    .ARM.Collect$$libinit$$00000015  c_w.l(libinit2.o)
    0x08000162   0x08000162   0x00000000   Code   RO         9747    .ARM.Collect$$libinit$$00000017  c_w.l(libinit2.o)
    0x08000162   0x08000162   0x00000000   Code   RO         9749    .ARM.Collect$$libinit$$00000019  c_w.l(libinit2.o)
    0x08000162   0x08000162   0x00000000   Code   RO         9751    .ARM.Collect$$libinit$$0000001B  c_w.l(libinit2.o)
    0x08000162   0x08000162   0x00000000   Code   RO         9753    .ARM.Collect$$libinit$$0000001D  c_w.l(libinit2.o)
    0x08000162   0x08000162   0x00000000   Code   RO         9755    .ARM.Collect$$libinit$$0000001F  c_w.l(libinit2.o)
    0x08000162   0x08000162   0x00000000   Code   RO         9757    .ARM.Collect$$libinit$$00000021  c_w.l(libinit2.o)
    0x08000162   0x08000162   0x00000000   Code   RO         9759    .ARM.Collect$$libinit$$00000023  c_w.l(libinit2.o)
    0x08000162   0x08000162   0x00000000   Code   RO         9761    .ARM.Collect$$libinit$$00000025  c_w.l(libinit2.o)
    0x08000162   0x08000162   0x00000000   Code   RO         9765    .ARM.Collect$$libinit$$0000002C  c_w.l(libinit2.o)
    0x08000162   0x08000162   0x00000000   Code   RO         9767    .ARM.Collect$$libinit$$0000002E  c_w.l(libinit2.o)
    0x08000162   0x08000162   0x00000000   Code   RO         9769    .ARM.Collect$$libinit$$00000030  c_w.l(libinit2.o)
    0x08000162   0x08000162   0x00000000   Code   RO         9771    .ARM.Collect$$libinit$$00000032  c_w.l(libinit2.o)
    0x08000162   0x08000162   0x00000002   Code   RO         9772    .ARM.Collect$$libinit$$00000033  c_w.l(libinit2.o)
    0x08000164   0x08000164   0x00000002   Code   RO         9792    .ARM.Collect$$libshutdown$$00000000  c_w.l(libshutdown.o)
    0x08000166   0x08000166   0x00000000   Code   RO         9805    .ARM.Collect$$libshutdown$$00000002  c_w.l(libshutdown2.o)
    0x08000166   0x08000166   0x00000000   Code   RO         9807    .ARM.Collect$$libshutdown$$00000004  c_w.l(libshutdown2.o)
    0x08000166   0x08000166   0x00000000   Code   RO         9810    .ARM.Collect$$libshutdown$$00000007  c_w.l(libshutdown2.o)
    0x08000166   0x08000166   0x00000000   Code   RO         9813    .ARM.Collect$$libshutdown$$0000000A  c_w.l(libshutdown2.o)
    0x08000166   0x08000166   0x00000000   Code   RO         9815    .ARM.Collect$$libshutdown$$0000000C  c_w.l(libshutdown2.o)
    0x08000166   0x08000166   0x00000000   Code   RO         9818    .ARM.Collect$$libshutdown$$0000000F  c_w.l(libshutdown2.o)
    0x08000166   0x08000166   0x00000002   Code   RO         9819    .ARM.Collect$$libshutdown$$00000010  c_w.l(libshutdown2.o)
    0x08000168   0x08000168   0x00000000   Code   RO         9695    .ARM.Collect$$rtentry$$00000000  c_w.l(__rtentry.o)
    0x08000168   0x08000168   0x00000000   Code   RO         9699    .ARM.Collect$$rtentry$$00000002  c_w.l(__rtentry2.o)
    0x08000168   0x08000168   0x00000006   Code   RO         9711    .ARM.Collect$$rtentry$$00000004  c_w.l(__rtentry4.o)
    0x0800016e   0x0800016e   0x00000000   Code   RO         9701    .ARM.Collect$$rtentry$$00000009  c_w.l(__rtentry2.o)
    0x0800016e   0x0800016e   0x00000004   Code   RO         9702    .ARM.Collect$$rtentry$$0000000A  c_w.l(__rtentry2.o)
    0x08000172   0x08000172   0x00000000   Code   RO         9704    .ARM.Collect$$rtentry$$0000000C  c_w.l(__rtentry2.o)
    0x08000172   0x08000172   0x00000008   Code   RO         9705    .ARM.Collect$$rtentry$$0000000D  c_w.l(__rtentry2.o)
    0x0800017a   0x0800017a   0x00000002   Code   RO         9726    .ARM.Collect$$rtexit$$00000000  c_w.l(rtexit.o)
    0x0800017c   0x0800017c   0x00000000   Code   RO         9774    .ARM.Collect$$rtexit$$00000002  c_w.l(rtexit2.o)
    0x0800017c   0x0800017c   0x00000004   Code   RO         9775    .ARM.Collect$$rtexit$$00000003  c_w.l(rtexit2.o)
    0x08000180   0x08000180   0x00000006   Code   RO         9776    .ARM.Collect$$rtexit$$00000004  c_w.l(rtexit2.o)
    0x08000186   0x08000186   0x00000002   PAD
    0x08000188   0x08000188   0x00000096   Code   RO         4166    .emb_text           port.o
    0x0800021e   0x0800021e   0x00000002   PAD
    0x08000220   0x08000220   0x00000040   Code   RO            4    .text               startup_stm32f103xb.o
    0x08000260   0x08000260   0x0000008a   Code   RO         9685    .text               c_w.l(rt_memcpy_v6.o)
    0x080002ea   0x080002ea   0x00000044   Code   RO         9687    .text               c_w.l(rt_memclr.o)
    0x0800032e   0x0800032e   0x0000004e   Code   RO         9689    .text               c_w.l(rt_memclr_w.o)
    0x0800037c   0x0800037c   0x00000006   Code   RO         9691    .text               c_w.l(heapauxi.o)
    0x08000382   0x08000382   0x00000064   Code   RO         9696    .text               c_w.l(rt_memcpy_w.o)
    0x080003e6   0x080003e6   0x0000004a   Code   RO         9713    .text               c_w.l(sys_stackheap_outer.o)
    0x08000430   0x08000430   0x00000012   Code   RO         9715    .text               c_w.l(exit.o)
    0x08000442   0x08000442   0x00000002   PAD
    0x08000444   0x08000444   0x00000008   Code   RO         9723    .text               c_w.l(libspace.o)
    0x0800044c   0x0800044c   0x0000000c   Code   RO         9784    .text               c_w.l(sys_exit.o)
    0x08000458   0x08000458   0x00000002   Code   RO         9795    .text               c_w.l(use_no_semi.o)
    0x0800045a   0x0800045a   0x00000000   Code   RO         9797    .text               c_w.l(indicate_semi.o)
    0x0800045a   0x0800045a   0x00000002   PAD
    0x0800045c   0x0800045c   0x00000056   Code   RO          627    i.ADC_ConversionStop_Disable  stm32f1xx_hal_adc.o
    0x080004b2   0x080004b2   0x0000004e   Code   RO          628    i.ADC_DMAConvCplt   stm32f1xx_hal_adc.o
    0x08000500   0x08000500   0x0000001a   Code   RO          629    i.ADC_DMAError      stm32f1xx_hal_adc.o
    0x0800051a   0x0800051a   0x0000000a   Code   RO          630    i.ADC_DMAHalfConvCplt  stm32f1xx_hal_adc.o
    0x08000524   0x08000524   0x0000007c   Code   RO          631    i.ADC_Enable        stm32f1xx_hal_adc.o
    0x080005a0   0x080005a0   0x00000240   Code   RO         4588    i.AlarmSetTask      alarmsettask.o
    0x080007e0   0x080007e0   0x00000034   Code   RO         4401    i.AlarmTask         alarmtask.o
    0x08000814   0x08000814   0x0000004c   Code   RO         4795    i.Beep              beep.o
    0x08000860   0x08000860   0x00000002   Code   RO          446    i.BusFault_Handler  stm32f1xx_it.o
    0x08000862   0x08000862   0x00000002   PAD
    0x08000864   0x08000864   0x00000028   Code   RO         4738    i.Buzzer_PlayNote   buzzer.o
    0x0800088c   0x0800088c   0x0000007c   Code   RO         4693    i.ComputerPlay      game.o
    0x08000908   0x08000908   0x00000048   Code   RO         4822    i.DHT11_Check       dht11.o
    0x08000950   0x08000950   0x0000004c   Code   RO         4823    i.DHT11_ReadBit     dht11.o
    0x0800099c   0x0800099c   0x0000001a   Code   RO         4824    i.DHT11_ReadByte    dht11.o
    0x080009b6   0x080009b6   0x00000050   Code   RO         4825    i.DHT11_ReadData    dht11.o
    0x08000a06   0x08000a06   0x00000002   PAD
    0x08000a08   0x08000a08   0x0000000c   Code   RO         4826    i.DHT11_ReadPin     dht11.o
    0x08000a14   0x08000a14   0x0000001e   Code   RO         4827    i.DHT11_Reset       dht11.o
    0x08000a32   0x08000a32   0x00000002   PAD
    0x08000a34   0x08000a34   0x00000010   Code   RO         4828    i.DHT11_WritePin    dht11.o
    0x08000a44   0x08000a44   0x00000028   Code   RO         4829    i.DHT_delay_us      dht11.o
    0x08000a6c   0x08000a6c   0x0000000c   Code   RO          447    i.DMA1_Channel1_IRQHandler  stm32f1xx_it.o
    0x08000a78   0x08000a78   0x0000002a   Code   RO         1283    i.DMA_SetConfig     stm32f1xx_hal_dma.o
    0x08000aa2   0x08000aa2   0x00000002   Code   RO          448    i.DebugMon_Handler  stm32f1xx_it.o
    0x08000aa4   0x08000aa4   0x00000090   Code   RO         4457    i.DrawBoardBuffer   gametask.o
    0x08000b34   0x08000b34   0x00000084   Code   RO         4367    i.DrawMenuBuffer    menutask.o
    0x08000bb8   0x08000bb8   0x00000004   Code   RO          187    i.Error_Handler     main.o
    0x08000bbc   0x08000bbc   0x000000dc   Code   RO         4429    i.FlashlightTask    flashlighttask.o
    0x08000c98   0x08000c98   0x000001fc   Code   RO           13    i.FreeRTOS_Init     freertos_watch.o
    0x08000e94   0x08000e94   0x000001b4   Code   RO         4458    i.GameTask          gametask.o
    0x08001048   0x08001048   0x000000fc   Code   RO          633    i.HAL_ADC_ConfigChannel  stm32f1xx_hal_adc.o
    0x08001144   0x08001144   0x0000000c   Code   RO         4694    i.HAL_ADC_ConvCpltCallback  game.o
    0x08001150   0x08001150   0x00000002   Code   RO          635    i.HAL_ADC_ConvHalfCpltCallback  stm32f1xx_hal_adc.o
    0x08001152   0x08001152   0x00000002   Code   RO          637    i.HAL_ADC_ErrorCallback  stm32f1xx_hal_adc.o
    0x08001154   0x08001154   0x0000011c   Code   RO          642    i.HAL_ADC_Init      stm32f1xx_hal_adc.o
    0x08001270   0x08001270   0x0000008c   Code   RO          279    i.HAL_ADC_MspInit   adc.o
    0x080012fc   0x080012fc   0x0000010c   Code   RO          649    i.HAL_ADC_Start_DMA  stm32f1xx_hal_adc.o
    0x08001408   0x08001408   0x00000154   Code   RO         1289    i.HAL_DMA_IRQHandler  stm32f1xx_hal_dma.o
    0x0800155c   0x0800155c   0x0000005c   Code   RO         1290    i.HAL_DMA_Init      stm32f1xx_hal_dma.o
    0x080015b8   0x080015b8   0x00000070   Code   RO         1294    i.HAL_DMA_Start_IT  stm32f1xx_hal_dma.o
    0x08001628   0x08001628   0x00000024   Code   RO          910    i.HAL_Delay         stm32f1xx_hal.o
    0x0800164c   0x0800164c   0x000001e0   Code   RO         1220    i.HAL_GPIO_Init     stm32f1xx_hal_gpio.o
    0x0800182c   0x0800182c   0x0000000a   Code   RO         1222    i.HAL_GPIO_ReadPin  stm32f1xx_hal_gpio.o
    0x08001836   0x08001836   0x00000010   Code   RO         1223    i.HAL_GPIO_TogglePin  stm32f1xx_hal_gpio.o
    0x08001846   0x08001846   0x0000000a   Code   RO         1224    i.HAL_GPIO_WritePin  stm32f1xx_hal_gpio.o
    0x08001850   0x08001850   0x0000000c   Code   RO          914    i.HAL_GetTick       stm32f1xx_hal.o
    0x0800185c   0x0800185c   0x00000188   Code   RO         1891    i.HAL_I2C_Init      stm32f1xx_hal_i2c.o
    0x080019e4   0x080019e4   0x0000012c   Code   RO         1904    i.HAL_I2C_Master_Transmit  stm32f1xx_hal_i2c.o
    0x08001b10   0x08001b10   0x0000005c   Code   RO          345    i.HAL_I2C_MspInit   i2c.o
    0x08001b6c   0x08001b6c   0x00000010   Code   RO          920    i.HAL_IncTick       stm32f1xx_hal.o
    0x08001b7c   0x08001b7c   0x00000024   Code   RO          921    i.HAL_Init          stm32f1xx_hal.o
    0x08001ba0   0x08001ba0   0x00000098   Code   RO          552    i.HAL_InitTick      stm32f1xx_hal_timebase_tim.o
    0x08001c38   0x08001c38   0x0000003c   Code   RO          528    i.HAL_MspInit       stm32f1xx_hal_msp.o
    0x08001c74   0x08001c74   0x0000001a   Code   RO         1380    i.HAL_NVIC_EnableIRQ  stm32f1xx_hal_cortex.o
    0x08001c8e   0x08001c8e   0x00000002   PAD
    0x08001c90   0x08001c90   0x00000040   Code   RO         1386    i.HAL_NVIC_SetPriority  stm32f1xx_hal_cortex.o
    0x08001cd0   0x08001cd0   0x00000024   Code   RO         1387    i.HAL_NVIC_SetPriorityGrouping  stm32f1xx_hal_cortex.o
    0x08001cf4   0x08001cf4   0x000000ec   Code   RO         1182    i.HAL_RCCEx_PeriphCLKConfig  stm32f1xx_hal_rcc_ex.o
    0x08001de0   0x08001de0   0x0000012c   Code   RO         1078    i.HAL_RCC_ClockConfig  stm32f1xx_hal_rcc.o
    0x08001f0c   0x08001f0c   0x00000040   Code   RO         1082    i.HAL_RCC_GetClockConfig  stm32f1xx_hal_rcc.o
    0x08001f4c   0x08001f4c   0x00000020   Code   RO         1085    i.HAL_RCC_GetPCLK1Freq  stm32f1xx_hal_rcc.o
    0x08001f6c   0x08001f6c   0x0000004c   Code   RO         1087    i.HAL_RCC_GetSysClockFreq  stm32f1xx_hal_rcc.o
    0x08001fb8   0x08001fb8   0x00000320   Code   RO         1090    i.HAL_RCC_OscConfig  stm32f1xx_hal_rcc.o
    0x080022d8   0x080022d8   0x00000002   Code   RO         3023    i.HAL_TIMEx_BreakCallback  stm32f1xx_hal_tim_ex.o
    0x080022da   0x080022da   0x00000002   Code   RO         3024    i.HAL_TIMEx_CommutCallback  stm32f1xx_hal_tim_ex.o
    0x080022dc   0x080022dc   0x00000054   Code   RO         3026    i.HAL_TIMEx_ConfigBreakDeadTime  stm32f1xx_hal_tim_ex.o
    0x08002330   0x08002330   0x00000068   Code   RO         3042    i.HAL_TIMEx_MasterConfigSynchronization  stm32f1xx_hal_tim_ex.o
    0x08002398   0x08002398   0x0000005a   Code   RO         2319    i.HAL_TIM_Base_Init  stm32f1xx_hal_tim.o
    0x080023f2   0x080023f2   0x00000002   PAD
    0x080023f4   0x080023f4   0x0000006c   Code   RO          387    i.HAL_TIM_Base_MspInit  tim.o
    0x08002460   0x08002460   0x00000058   Code   RO         2324    i.HAL_TIM_Base_Start_IT  stm32f1xx_hal_tim.o
    0x080024b8   0x080024b8   0x000000dc   Code   RO         2328    i.HAL_TIM_ConfigClockSource  stm32f1xx_hal_tim.o
    0x08002594   0x08002594   0x00000002   Code   RO         2353    i.HAL_TIM_IC_CaptureCallback  stm32f1xx_hal_tim.o
    0x08002596   0x08002596   0x00000130   Code   RO         2367    i.HAL_TIM_IRQHandler  stm32f1xx_hal_tim.o
    0x080026c6   0x080026c6   0x00000002   PAD
    0x080026c8   0x080026c8   0x00000064   Code   RO          388    i.HAL_TIM_MspPostInit  tim.o
    0x0800272c   0x0800272c   0x00000002   Code   RO         2370    i.HAL_TIM_OC_DelayElapsedCallback  stm32f1xx_hal_tim.o
    0x0800272e   0x0800272e   0x000000cc   Code   RO         2391    i.HAL_TIM_PWM_ConfigChannel  stm32f1xx_hal_tim.o
    0x080027fa   0x080027fa   0x0000005a   Code   RO         2394    i.HAL_TIM_PWM_Init  stm32f1xx_hal_tim.o
    0x08002854   0x08002854   0x00000002   Code   RO         2396    i.HAL_TIM_PWM_MspInit  stm32f1xx_hal_tim.o
    0x08002856   0x08002856   0x00000002   Code   RO         2397    i.HAL_TIM_PWM_PulseFinishedCallback  stm32f1xx_hal_tim.o
    0x08002858   0x08002858   0x0000009c   Code   RO         2399    i.HAL_TIM_PWM_Start  stm32f1xx_hal_tim.o
    0x080028f4   0x080028f4   0x00000070   Code   RO         2402    i.HAL_TIM_PWM_Stop  stm32f1xx_hal_tim.o
    0x08002964   0x08002964   0x00000040   Code   RO          188    i.HAL_TIM_PeriodElapsedCallback  main.o
    0x080029a4   0x080029a4   0x00000002   Code   RO         2410    i.HAL_TIM_TriggerCallback  stm32f1xx_hal_tim.o
    0x080029a6   0x080029a6   0x00000002   Code   RO          449    i.HardFault_Handler  stm32f1xx_it.o
    0x080029a8   0x080029a8   0x00000124   Code   RO         4529    i.HumitureTask      humituretask.o
    0x08002acc   0x08002acc   0x0000002e   Code   RO         1934    i.I2C_IsAcknowledgeFailed  stm32f1xx_hal_i2c.o
    0x08002afa   0x08002afa   0x00000002   PAD
    0x08002afc   0x08002afc   0x0000009c   Code   RO         1938    i.I2C_MasterRequestWrite  stm32f1xx_hal_i2c.o
    0x08002b98   0x08002b98   0x00000056   Code   RO         1949    i.I2C_WaitOnBTFFlagUntilTimeout  stm32f1xx_hal_i2c.o
    0x08002bee   0x08002bee   0x00000002   PAD
    0x08002bf0   0x08002bf0   0x00000090   Code   RO         1950    i.I2C_WaitOnFlagUntilTimeout  stm32f1xx_hal_i2c.o
    0x08002c80   0x08002c80   0x000000bc   Code   RO         1951    i.I2C_WaitOnMasterAddressFlagUntilTimeout  stm32f1xx_hal_i2c.o
    0x08002d3c   0x08002d3c   0x00000056   Code   RO         1953    i.I2C_WaitOnTXEFlagUntilTimeout  stm32f1xx_hal_i2c.o
    0x08002d92   0x08002d92   0x00000024   Code   RO         4695    i.IsBoardFull       game.o
    0x08002db6   0x08002db6   0x00000002   PAD
    0x08002db8   0x08002db8   0x00000048   Code   RO         4616    i.Key_GetState      key.o
    0x08002e00   0x08002e00   0x00000090   Code   RO         4617    i.Key_ReleaseJudge  key.o
    0x08002e90   0x08002e90   0x00000064   Code   RO          280    i.MX_ADC1_Init      adc.o
    0x08002ef4   0x08002ef4   0x0000002c   Code   RO          320    i.MX_DMA_Init       dma.o
    0x08002f20   0x08002f20   0x000000bc   Code   RO          254    i.MX_GPIO_Init      gpio.o
    0x08002fdc   0x08002fdc   0x00000040   Code   RO          346    i.MX_I2C1_Init      i2c.o
    0x0800301c   0x0800301c   0x000000d0   Code   RO          389    i.MX_TIM1_Init      tim.o
    0x080030ec   0x080030ec   0x0000009c   Code   RO          390    i.MX_TIM2_Init      tim.o
    0x08003188   0x08003188   0x00000068   Code   RO          391    i.MX_TIM3_Init      tim.o
    0x080031f0   0x080031f0   0x00000002   Code   RO          450    i.MemManage_Handler  stm32f1xx_it.o
    0x080031f2   0x080031f2   0x00000002   PAD
    0x080031f4   0x080031f4   0x000001b4   Code   RO         4368    i.MenuTask          menutask.o
    0x080033a8   0x080033a8   0x00000158   Code   RO         4501    i.MusicTask         musictask.o
    0x08003500   0x08003500   0x00000020   Code   RO         4739    i.Music_Pause       buzzer.o
    0x08003520   0x08003520   0x00000028   Code   RO         4740    i.Music_Resume      buzzer.o
    0x08003548   0x08003548   0x00000038   Code   RO         4741    i.Music_Start       buzzer.o
    0x08003580   0x08003580   0x0000001c   Code   RO         4742    i.Music_Stop        buzzer.o
    0x0800359c   0x0800359c   0x00000060   Code   RO         4743    i.Music_Update      buzzer.o
    0x080035fc   0x080035fc   0x00000002   Code   RO          451    i.NMI_Handler       stm32f1xx_it.o
    0x080035fe   0x080035fe   0x00000078   Code   RO         4696    i.ResultJodge       game.o
    0x08003676   0x08003676   0x00000002   PAD
    0x08003678   0x08003678   0x000002e8   Code   RO         4560    i.SettingTask       settingtask.o
    0x08003960   0x08003960   0x00000014   Code   RO          452    i.SysTick_Handler   stm32f1xx_it.o
    0x08003974   0x08003974   0x00000078   Code   RO          189    i.SystemClock_Config  main.o
    0x080039ec   0x080039ec   0x00000002   Code   RO         3291    i.SystemInit        system_stm32f1xx.o
    0x080039ee   0x080039ee   0x00000002   PAD
    0x080039f0   0x080039f0   0x0000000c   Code   RO          453    i.TIM3_IRQHandler   stm32f1xx_it.o
    0x080039fc   0x080039fc   0x0000000c   Code   RO          454    i.TIM4_IRQHandler   stm32f1xx_it.o
    0x08003a08   0x08003a08   0x00000078   Code   RO         2412    i.TIM_Base_SetConfig  stm32f1xx_hal_tim.o
    0x08003a80   0x08003a80   0x0000001a   Code   RO         2413    i.TIM_CCxChannelCmd  stm32f1xx_hal_tim.o
    0x08003a9a   0x08003a9a   0x00000014   Code   RO         2423    i.TIM_ETR_SetConfig  stm32f1xx_hal_tim.o
    0x08003aae   0x08003aae   0x00000010   Code   RO         2424    i.TIM_ITRx_SetConfig  stm32f1xx_hal_tim.o
    0x08003abe   0x08003abe   0x00000002   PAD
    0x08003ac0   0x08003ac0   0x00000050   Code   RO         2425    i.TIM_OC1_SetConfig  stm32f1xx_hal_tim.o
    0x08003b10   0x08003b10   0x00000058   Code   RO         2426    i.TIM_OC2_SetConfig  stm32f1xx_hal_tim.o
    0x08003b68   0x08003b68   0x00000058   Code   RO         2427    i.TIM_OC3_SetConfig  stm32f1xx_hal_tim.o
    0x08003bc0   0x08003bc0   0x00000044   Code   RO         2428    i.TIM_OC4_SetConfig  stm32f1xx_hal_tim.o
    0x08003c04   0x08003c04   0x00000022   Code   RO         2430    i.TIM_TI1_ConfigInputStage  stm32f1xx_hal_tim.o
    0x08003c26   0x08003c26   0x00000024   Code   RO         2432    i.TIM_TI2_ConfigInputStage  stm32f1xx_hal_tim.o
    0x08003c4a   0x08003c4a   0x00000002   PAD
    0x08003c4c   0x08003c4c   0x000001f0   Code   RO         4330    i.TimeTask          timetask.o
    0x08003e3c   0x08003e3c   0x00000002   Code   RO          455    i.UsageFault_Handler  stm32f1xx_it.o
    0x08003e3e   0x08003e3e   0x00000020   Code   RO         1393    i.__NVIC_SetPriority  stm32f1xx_hal_cortex.o
    0x08003e5e   0x08003e5e   0x00000002   PAD
    0x08003e60   0x08003e60   0x000000c4   Code   RO         4331    i.clockCallbackFunction  timetask.o
    0x08003f24   0x08003f24   0x00000010   Code   RO         4459    i.flickerCallbackFunction  gametask.o
    0x08003f34   0x08003f34   0x00000034   Code   RO          190    i.main              main.o
    0x08003f68   0x08003f68   0x00000088   Code   RO         3738    i.prvAddCurrentTaskToDelayedList  tasks.o
    0x08003ff0   0x08003ff0   0x000000f0   Code   RO         3739    i.prvAddNewTaskToReadyList  tasks.o
    0x080040e0   0x080040e0   0x00000040   Code   RO         4037    i.prvCheckForValidListAndQueue  timers.o
    0x08004120   0x08004120   0x00000026   Code   RO         3462    i.prvCopyDataFromQueue  queue.o
    0x08004146   0x08004146   0x0000005a   Code   RO         3463    i.prvCopyDataToQueue  queue.o
    0x080041a0   0x080041a0   0x00000014   Code   RO         3740    i.prvDeleteTCB      tasks.o
    0x080041b4   0x080041b4   0x00000044   Code   RO         4237    i.prvHeapInit       heap_4.o
    0x080041f8   0x080041f8   0x00000060   Code   RO         3741    i.prvIdleTask       tasks.o
    0x08004258   0x08004258   0x00000070   Code   RO         3742    i.prvInitialiseNewTask  tasks.o
    0x080042c8   0x080042c8   0x0000004c   Code   RO         4238    i.prvInsertBlockIntoFreeList  heap_4.o
    0x08004314   0x08004314   0x00000038   Code   RO         4038    i.prvInsertTimerInActiveList  timers.o
    0x0800434c   0x0800434c   0x0000001c   Code   RO         3464    i.prvIsQueueEmpty   queue.o
    0x08004368   0x08004368   0x00000040   Code   RO         4039    i.prvProcessExpiredTimer  timers.o
    0x080043a8   0x080043a8   0x000000d0   Code   RO         4040    i.prvProcessReceivedCommands  timers.o
    0x08004478   0x08004478   0x0000006c   Code   RO         4041    i.prvProcessTimerOrBlockTask  timers.o
    0x080044e4   0x080044e4   0x00000028   Code   RO         4042    i.prvReloadTimer    timers.o
    0x0800450c   0x0800450c   0x0000001c   Code   RO         3743    i.prvResetNextTaskUnblockTime  tasks.o
    0x08004528   0x08004528   0x00000048   Code   RO         4043    i.prvSampleTimeNow  timers.o
    0x08004570   0x08004570   0x00000010   Code   RO         4167    i.prvTaskExitError  port.o
    0x08004580   0x08004580   0x00000020   Code   RO         3744    i.prvTaskIsTaskSuspended  tasks.o
    0x080045a0   0x080045a0   0x00000024   Code   RO         4044    i.prvTimerTask      timers.o
    0x080045c4   0x080045c4   0x0000006a   Code   RO         3465    i.prvUnlockQueue    queue.o
    0x0800462e   0x0800462e   0x00000002   PAD
    0x08004630   0x08004630   0x00000098   Code   RO         4240    i.pvPortMalloc      heap_4.o
    0x080046c8   0x080046c8   0x00000024   Code   RO         4168    i.pxPortInitialiseStack  port.o
    0x080046ec   0x080046ec   0x00000040   Code   RO         4301    i.testtask          testtask.o
    0x0800472c   0x0800472c   0x00000012   Code   RO         5666    i.u8g2_ClearBuffer  u8g2_buffer.o
    0x0800473e   0x0800473e   0x0000001e   Code   RO         5830    i.u8g2_ClearDisplay  u8g2_cleardisplay.o
    0x0800475c   0x0800475c   0x00000044   Code   RO         5636    i.u8g2_DrawBox      u8g2_box.o
    0x080047a0   0x080047a0   0x00000040   Code   RO         5760    i.u8g2_DrawCircle   u8g2_circle.o
    0x080047e0   0x080047e0   0x00000040   Code   RO         5761    i.u8g2_DrawDisc     u8g2_circle.o
    0x08004820   0x08004820   0x00000088   Code   RO         5637    i.u8g2_DrawFrame    u8g2_box.o
    0x080048a8   0x080048a8   0x00000070   Code   RO         5887    i.u8g2_DrawGlyph    u8g2_font.o
    0x08004918   0x08004918   0x0000000c   Code   RO         8194    i.u8g2_DrawHLine    u8g2_hvline.o
    0x08004924   0x08004924   0x000000ac   Code   RO         8195    i.u8g2_DrawHVLine   u8g2_hvline.o
    0x080049d0   0x080049d0   0x000000ac   Code   RO         5590    i.u8g2_DrawHXBMP    u8g2_bitmap.o
    0x08004a7c   0x08004a7c   0x0000002e   Code   RO         8196    i.u8g2_DrawPixel    u8g2_hvline.o
    0x08004aaa   0x08004aaa   0x000000e6   Code   RO         5638    i.u8g2_DrawRBox     u8g2_box.o
    0x08004b90   0x08004b90   0x00000010   Code   RO         5889    i.u8g2_DrawStr      u8g2_font.o
    0x08004ba0   0x08004ba0   0x00000010   Code   RO         5891    i.u8g2_DrawUTF8     u8g2_font.o
    0x08004bb0   0x08004bb0   0x0000000c   Code   RO         8197    i.u8g2_DrawVLine    u8g2_hvline.o
    0x08004bbc   0x08004bbc   0x0000004c   Code   RO         5593    i.u8g2_DrawXBMP     u8g2_bitmap.o
    0x08004c08   0x08004c08   0x0000001c   Code   RO         5667    i.u8g2_FirstPage    u8g2_buffer.o
    0x08004c24   0x08004c24   0x00000034   Code   RO         5858    i.u8g2_Init         u8g2_d_setup.o
    0x08004c58   0x08004c58   0x00000030   Code   RO         8256    i.u8g2_IsIntersection  u8g2_intersection.o
    0x08004c88   0x08004c88   0x0000003e   Code   RO         5668    i.u8g2_NextPage     u8g2_buffer.o
    0x08004cc6   0x08004cc6   0x00000012   Code   RO         5669    i.u8g2_SendBuffer   u8g2_buffer.o
    0x08004cd8   0x08004cd8   0x0000001c   Code   RO         5670    i.u8g2_SetBufferCurrTileRow  u8g2_buffer.o
    0x08004cf4   0x08004cf4   0x00000010   Code   RO         8198    i.u8g2_SetDrawColor  u8g2_hvline.o
    0x08004d04   0x08004d04   0x00000020   Code   RO         5907    i.u8g2_SetFont      u8g2_font.o
    0x08004d24   0x08004d24   0x0000000c   Code   RO         5910    i.u8g2_SetFontPosBaseline  u8g2_font.o
    0x08004d30   0x08004d30   0x0000001c   Code   RO         8444    i.u8g2_SetMaxClipWindow  u8g2_setup.o
    0x08004d4c   0x08004d4c   0x00000046   Code   RO         8445    i.u8g2_SetupBuffer  u8g2_setup.o
    0x08004d92   0x08004d92   0x00000002   PAD
    0x08004d94   0x08004d94   0x00000038   Code   RO         5859    i.u8g2_Setup_ssd1306_i2c_128x64_noname_f  u8g2_d_setup.o
    0x08004dcc   0x08004dcc   0x00000052   Code   RO         5917    i.u8g2_UpdateRefHeight  u8g2_font.o
    0x08004e1e   0x08004e1e   0x0000001c   Code   RO         5918    i.u8g2_add_vector_x  u8g2_font.o
    0x08004e3a   0x08004e3a   0x0000001c   Code   RO         5919    i.u8g2_add_vector_y  u8g2_font.o
    0x08004e56   0x08004e56   0x0000006e   Code   RO         8447    i.u8g2_apply_clip_window  u8g2_setup.o
    0x08004ec4   0x08004ec4   0x0000003c   Code   RO         8199    i.u8g2_clip_intersection2  u8g2_hvline.o
    0x08004f00   0x08004f00   0x0000006a   Code   RO         5764    i.u8g2_draw_circle  u8g2_circle.o
    0x08004f6a   0x08004f6a   0x000000ba   Code   RO         5765    i.u8g2_draw_circle_section  u8g2_circle.o
    0x08005024   0x08005024   0x0000006a   Code   RO         5766    i.u8g2_draw_disc    u8g2_circle.o
    0x0800508e   0x0800508e   0x000000cc   Code   RO         5767    i.u8g2_draw_disc_section  u8g2_circle.o
    0x0800515a   0x0800515a   0x00000012   Code   RO         8200    i.u8g2_draw_hv_line_2dir  u8g2_hvline.o
    0x0800516c   0x0800516c   0x0000000c   Code   RO         8449    i.u8g2_draw_l90_r0  u8g2_setup.o
    0x08005178   0x08005178   0x00000076   Code   RO         5920    i.u8g2_draw_string  u8g2_font.o
    0x080051ee   0x080051ee   0x00000004   Code   RO         5926    i.u8g2_font_calc_vref_font  u8g2_font.o
    0x080051f2   0x080051f2   0x00000014   Code   RO         5928    i.u8g2_font_decode_get_signed_bits  u8g2_font.o
    0x08005206   0x08005206   0x00000034   Code   RO         5929    i.u8g2_font_decode_get_unsigned_bits  u8g2_font.o
    0x0800523a   0x0800523a   0x00000002   PAD
    0x0800523c   0x0800523c   0x00000114   Code   RO         5930    i.u8g2_font_decode_glyph  u8g2_font.o
    0x08005350   0x08005350   0x0000008c   Code   RO         5931    i.u8g2_font_decode_len  u8g2_font.o
    0x080053dc   0x080053dc   0x00000072   Code   RO         5932    i.u8g2_font_get_glyph_data  u8g2_font.o
    0x0800544e   0x0800544e   0x00000014   Code   RO         5933    i.u8g2_font_get_word  u8g2_font.o
    0x08005462   0x08005462   0x00000034   Code   RO         5934    i.u8g2_font_setup_decode  u8g2_font.o
    0x08005496   0x08005496   0x00000018   Code   RO         8257    i.u8g2_is_intersection_decision_tree  u8g2_intersection.o
    0x080054ae   0x080054ae   0x00000002   PAD
    0x080054b0   0x080054b0   0x00000090   Code   RO         8305    i.u8g2_ll_hvline_vertical_top_lsb  u8g2_ll_hvline.o
    0x08005540   0x08005540   0x0000000c   Code   RO         5842    i.u8g2_m_16_8_f     u8g2_d_memory.o
    0x0800554c   0x0800554c   0x0000006a   Code   RO         5935    i.u8g2_read_font_info  u8g2_font.o
    0x080055b6   0x080055b6   0x0000004e   Code   RO         5677    i.u8g2_send_buffer  u8g2_buffer.o
    0x08005604   0x08005604   0x00000018   Code   RO          191    i.u8g2_stm32_delay  main.o
    0x0800561c   0x0800561c   0x00000046   Code   RO         8454    i.u8g2_update_dimension_common  u8g2_setup.o
    0x08005662   0x08005662   0x00000004   Code   RO         8455    i.u8g2_update_dimension_r0  u8g2_setup.o
    0x08005666   0x08005666   0x00000022   Code   RO         8459    i.u8g2_update_page_win_r0  u8g2_setup.o
    0x08005688   0x08005688   0x0000001e   Code   RO         9256    i.u8x8_DrawTile     u8x8_display.o
    0x080056a6   0x080056a6   0x00000010   Code   RO         9258    i.u8x8_InitDisplay  u8x8_display.o
    0x080056b6   0x080056b6   0x00000010   Code   RO         9260    i.u8x8_RefreshDisplay  u8x8_display.o
    0x080056c6   0x080056c6   0x00000010   Code   RO         9263    i.u8x8_SetPowerSave  u8x8_display.o
    0x080056d6   0x080056d6   0x00000022   Code   RO         9562    i.u8x8_Setup        u8x8_setup.o
    0x080056f8   0x080056f8   0x00000024   Code   RO         9563    i.u8x8_SetupDefaults  u8x8_setup.o
    0x0800571c   0x0800571c   0x00000010   Code   RO         9264    i.u8x8_SetupMemory  u8x8_display.o
    0x0800572c   0x0800572c   0x0000000e   Code   RO         8733    i.u8x8_ascii_next   u8x8_8x8.o
    0x0800573a   0x0800573a   0x00000010   Code   RO         8862    i.u8x8_byte_EndTransfer  u8x8_byte.o
    0x0800574a   0x0800574a   0x0000000e   Code   RO         8863    i.u8x8_byte_SendByte  u8x8_byte.o
    0x08005758   0x08005758   0x00000010   Code   RO         8866    i.u8x8_byte_StartTransfer  u8x8_byte.o
    0x08005768   0x08005768   0x00000064   Code   RO         8868    i.u8x8_byte_hw_i2c  u8x8_byte.o
    0x080057cc   0x080057cc   0x00000010   Code   RO         9003    i.u8x8_cad_EndTransfer  u8x8_cad.o
    0x080057dc   0x080057dc   0x00000010   Code   RO         9004    i.u8x8_cad_SendArg  u8x8_cad.o
    0x080057ec   0x080057ec   0x00000010   Code   RO         9005    i.u8x8_cad_SendCmd  u8x8_cad.o
    0x080057fc   0x080057fc   0x00000010   Code   RO         9006    i.u8x8_cad_SendData  u8x8_cad.o
    0x0800580c   0x0800580c   0x00000068   Code   RO         9008    i.u8x8_cad_SendSequence  u8x8_cad.o
    0x08005874   0x08005874   0x00000010   Code   RO         9009    i.u8x8_cad_StartTransfer  u8x8_cad.o
    0x08005884   0x08005884   0x000000bc   Code   RO         9012    i.u8x8_cad_ssd13xx_fast_i2c  u8x8_cad.o
    0x08005940   0x08005940   0x00000060   Code   RO         9265    i.u8x8_d_helper_display_init  u8x8_display.o
    0x080059a0   0x080059a0   0x0000000a   Code   RO         9266    i.u8x8_d_helper_display_setup_memory  u8x8_display.o
    0x080059aa   0x080059aa   0x00000002   PAD
    0x080059ac   0x080059ac   0x0000003c   Code   RO         9190    i.u8x8_d_ssd1306_128x64_noname  u8x8_d_ssd1306_128x64_noname.o
    0x080059e8   0x080059e8   0x000000c8   Code   RO         9192    i.u8x8_d_ssd1306_sh1106_generic  u8x8_d_ssd1306_128x64_noname.o
    0x08005ab0   0x08005ab0   0x00000004   Code   RO         9565    i.u8x8_dummy_cb     u8x8_setup.o
    0x08005ab4   0x08005ab4   0x0000000c   Code   RO         9484    i.u8x8_gpio_call    u8x8_gpio.o
    0x08005ac0   0x08005ac0   0x0000002c   Code   RO         9020    i.u8x8_i2c_data_transfer  u8x8_cad.o
    0x08005aec   0x08005aec   0x00000008   Code   RO         8741    i.u8x8_utf8_init    u8x8_8x8.o
    0x08005af4   0x08005af4   0x00000090   Code   RO         8742    i.u8x8_utf8_next    u8x8_8x8.o
    0x08005b84   0x08005b84   0x00000026   Code   RO         3423    i.uxListRemove      list.o
    0x08005baa   0x08005baa   0x00000002   PAD
    0x08005bac   0x08005bac   0x0000000c   Code   RO         3747    i.uxTaskGetNumberOfTasks  tasks.o
    0x08005bb8   0x08005bb8   0x00000016   Code   RO         3424    i.vListInitialise   list.o
    0x08005bce   0x08005bce   0x00000006   Code   RO         3425    i.vListInitialiseItem  list.o
    0x08005bd4   0x08005bd4   0x00000030   Code   RO         3426    i.vListInsert       list.o
    0x08005c04   0x08005c04   0x00000018   Code   RO         3427    i.vListInsertEnd    list.o
    0x08005c1c   0x08005c1c   0x0000001c   Code   RO         4170    i.vPortEnterCritical  port.o
    0x08005c38   0x08005c38   0x00000014   Code   RO         4171    i.vPortExitCritical  port.o
    0x08005c4c   0x08005c4c   0x00000044   Code   RO         4241    i.vPortFree         heap_4.o
    0x08005c90   0x08005c90   0x00000018   Code   RO         4172    i.vPortSetupTimerInterrupt  port.o
    0x08005ca8   0x08005ca8   0x00000044   Code   RO         3470    i.vQueueWaitForMessageRestricted  queue.o
    0x08005cec   0x08005cec   0x00000030   Code   RO         3751    i.vTaskDelay        tasks.o
    0x08005d1c   0x08005d1c   0x00000010   Code   RO         3755    i.vTaskInternalSetTimeOutState  tasks.o
    0x08005d2c   0x08005d2c   0x0000000c   Code   RO         3756    i.vTaskMissedYield  tasks.o
    0x08005d38   0x08005d38   0x00000020   Code   RO         3757    i.vTaskPlaceOnEventList  tasks.o
    0x08005d58   0x08005d58   0x00000040   Code   RO         3758    i.vTaskPlaceOnEventListRestricted  tasks.o
    0x08005d98   0x08005d98   0x00000094   Code   RO         3762    i.vTaskResume       tasks.o
    0x08005e2c   0x08005e2c   0x00000058   Code   RO         3764    i.vTaskStartScheduler  tasks.o
    0x08005e84   0x08005e84   0x000000a8   Code   RO         3765    i.vTaskSuspend      tasks.o
    0x08005f2c   0x08005f2c   0x00000010   Code   RO         3766    i.vTaskSuspendAll   tasks.o
    0x08005f3c   0x08005f3c   0x00000044   Code   RO         3767    i.vTaskSwitchContext  tasks.o
    0x08005f80   0x08005f80   0x00000030   Code   RO         4173    i.xPortStartScheduler  port.o
    0x08005fb0   0x08005fb0   0x0000002c   Code   RO         4174    i.xPortSysTickHandler  port.o
    0x08005fdc   0x08005fdc   0x00000046   Code   RO         3471    i.xQueueGenericCreate  queue.o
    0x08006022   0x08006022   0x00000002   PAD
    0x08006024   0x08006024   0x00000094   Code   RO         3472    i.xQueueGenericReset  queue.o
    0x080060b8   0x080060b8   0x000000f8   Code   RO         3473    i.xQueueGenericSend  queue.o
    0x080061b0   0x080061b0   0x00000070   Code   RO         3474    i.xQueueGenericSendFromISR  queue.o
    0x08006220   0x08006220   0x000000f0   Code   RO         3480    i.xQueueReceive     queue.o
    0x08006310   0x08006310   0x00000058   Code   RO         3769    i.xTaskCheckForTimeOut  tasks.o
    0x08006368   0x08006368   0x0000005c   Code   RO         3770    i.xTaskCreate       tasks.o
    0x080063c4   0x080063c4   0x0000001c   Code   RO         3777    i.xTaskGetSchedulerState  tasks.o
    0x080063e0   0x080063e0   0x0000000c   Code   RO         3778    i.xTaskGetTickCount  tasks.o
    0x080063ec   0x080063ec   0x00000124   Code   RO         3780    i.xTaskIncrementTick  tasks.o
    0x08006510   0x08006510   0x000000cc   Code   RO         3781    i.xTaskRemoveFromEventList  tasks.o
    0x080065dc   0x080065dc   0x0000011c   Code   RO         3782    i.xTaskResumeAll    tasks.o
    0x080066f8   0x080066f8   0x0000004a   Code   RO         4049    i.xTimerCreate      timers.o
    0x08006742   0x08006742   0x00000002   PAD
    0x08006744   0x08006744   0x0000003c   Code   RO         4050    i.xTimerCreateTimerTask  timers.o
    0x08006780   0x08006780   0x00000048   Code   RO         4051    i.xTimerGenericCommand  timers.o
    0x080067c8   0x080067c8   0x00000012   Data   RO         1091    .constdata          stm32f1xx_hal_rcc.o
    0x080067da   0x080067da   0x00000010   Data   RO         3292    .constdata          system_stm32f1xx.o
    0x080067ea   0x080067ea   0x00000008   Data   RO         3293    .constdata          system_stm32f1xx.o
    0x080067f2   0x080067f2   0x00000020   Data   RO         4648    .constdata          data.o
    0x08006812   0x08006812   0x00000020   Data   RO         4649    .constdata          data.o
    0x08006832   0x08006832   0x000000a0   Data   RO         4650    .constdata          data.o
    0x080068d2   0x080068d2   0x00000280   Data   RO         4651    .constdata          data.o
    0x08006b52   0x08006b52   0x00000040   Data   RO         4652    .constdata          data.o
    0x08006b92   0x08006b92   0x00000002   PAD
    0x08006b94   0x08006b94   0x000003fc   Data   RO         4653    .constdata          data.o
    0x08006f90   0x08006f90   0x00000240   Data   RO         4654    .constdata          data.o
    0x080071d0   0x080071d0   0x00000018   Data   RO         4657    .constdata          data.o
    0x080071e8   0x080071e8   0x00000040   Data   RO         4658    .constdata          data.o
    0x08007228   0x08007228   0x000000ac   Data   RO         4659    .constdata          data.o
    0x080072d4   0x080072d4   0x000001e8   Data   RO         4660    .constdata          data.o
    0x080074bc   0x080074bc   0x00000060   Data   RO         4661    .constdata          data.o
    0x0800751c   0x0800751c   0x00000080   Data   RO         4662    .constdata          data.o
    0x0800759c   0x0800759c   0x00000020   Data   RO         4663    .constdata          data.o
    0x080075bc   0x080075bc   0x00000020   Data   RO         4664    .constdata          data.o
    0x080075dc   0x080075dc   0x00000020   Data   RO         4665    .constdata          data.o
    0x080075fc   0x080075fc   0x00000020   Data   RO         4666    .constdata          data.o
    0x0800761c   0x0800761c   0x00000040   Data   RO         4667    .constdata          data.o
    0x0800765c   0x0800765c   0x00000040   Data   RO         4668    .constdata          data.o
    0x0800769c   0x0800769c   0x000007ca   Data   RO         6420    .constdata          u8g2_fonts.o
    0x08007e66   0x08007e66   0x0000363a   Data   RO         7360    .constdata          u8g2_fonts.o
    0x0800b4a0   0x0800b4a0   0x0000000c   Data   RO         8463    .constdata          u8g2_setup.o
    0x0800b4ac   0x0800b4ac   0x00000158   Data   RO         9194    .constdata          u8x8_d_ssd1306_128x64_noname.o
    0x0800b604   0x0800b604   0x00000043   Data   RO         4669    .conststring        data.o
    0x0800b647   0x0800b647   0x00000001   PAD
    0x0800b648   0x0800b648   0x00000020   Data   RO         9850    Region$$Table       anon$$obj.o


    Execution Region RW_IRAM1 (Exec base: 0x20000000, Load base: 0x0800b668, Size: 0x000038a0, Max: 0x00005000, ABSOLUTE)

    Exec Addr    Load Addr    Size         Type   Attr      Idx    E Section Name        Object

    0x20000000   0x0800b668   0x00000034   Data   RW           14    .data               freertos_watch.o
    0x20000034   0x0800b69c   0x00000001   Data   RW          192    .data               main.o
    0x20000035   0x0800b69d   0x00000003   PAD
    0x20000038   0x0800b6a0   0x0000000c   Data   RW          928    .data               stm32f1xx_hal.o
    0x20000044   0x0800b6ac   0x00000004   Data   RW         3294    .data               system_stm32f1xx.o
    0x20000048   0x0800b6b0   0x00000040   Data   RW         3785    .data               tasks.o
    0x20000088   0x0800b6f0   0x00000014   Data   RW         4058    .data               timers.o
    0x2000009c   0x0800b704   0x00000004   Data   RW         4175    .data               port.o
    0x200000a0   0x0800b708   0x0000001c   Data   RW         4247    .data               heap_4.o
    0x200000bc   0x0800b724   0x00000006   Data   RW         4332    .data               timetask.o
    0x200000c2   0x0800b72a   0x00000002   PAD
    0x200000c4   0x0800b72c   0x00000004   Data   RW         4369    .data               menutask.o
    0x200000c8   0x0800b730   0x00000001   Data   RW         4402    .data               alarmtask.o
    0x200000c9   0x0800b731   0x00000001   Data   RW         4430    .data               flashlighttask.o
    0x200000ca   0x0800b732   0x00000002   PAD
    0x200000cc   0x0800b734   0x00000010   Data   RW         4461    .data               gametask.o
    0x200000dc   0x0800b744   0x00000002   Data   RW         4530    .data               humituretask.o
    0x200000de   0x0800b746   0x00000008   Data   RW         4561    .data               settingtask.o
    0x200000e6   0x0800b74e   0x0000000a   Data   RW         4589    .data               alarmsettask.o
    0x200000f0   0x0800b758   0x00000002   Data   RW         4618    .data               key.o
    0x200000f2   0x0800b75a   0x00000006   Data   RW         4697    .data               game.o
    0x200000f8   0x0800b760   0x00000014   Data   RW         4744    .data               buzzer.o
    0x2000010c   0x0800b774   0x00000004   Data   RW         4796    .data               beep.o
    0x20000110   0x0800b778   0x00000003   Data   RW         8874    .data               u8x8_byte.o
    0x20000113   0x0800b77b   0x00000006   Data   RW         9022    .data               u8x8_cad.o
    0x20000119   0x0800b781   0x00000003   PAD
    0x2000011c        -       0x00000074   Zero   RW          281    .bss                adc.o
    0x20000190        -       0x00000054   Zero   RW          347    .bss                i2c.o
    0x200001e4        -       0x000000d8   Zero   RW          392    .bss                tim.o
    0x200002bc        -       0x00000048   Zero   RW          555    .bss                stm32f1xx_hal_timebase_tim.o
    0x20000304        -       0x000002e4   Zero   RW         3784    .bss                tasks.o
    0x200005e8        -       0x00000028   Zero   RW         4057    .bss                timers.o
    0x20000610        -       0x00002800   Zero   RW         4246    .bss                heap_4.o
    0x20002e10        -       0x00000009   Zero   RW         4460    .bss                gametask.o
    0x20002e19        -       0x00000400   Zero   RW         5843    .bss                u8g2_d_memory.o
    0x20003219        -       0x00000020   Zero   RW         8873    .bss                u8x8_byte.o
    0x20003239   0x0800b781   0x00000003   PAD
    0x2000323c        -       0x00000060   Zero   RW         9724    .bss                c_w.l(libspace.o)
    0x2000329c   0x0800b781   0x00000004   PAD
    0x200032a0        -       0x00000200   Zero   RW            2    HEAP                startup_stm32f103xb.o
    0x200034a0        -       0x00000400   Zero   RW            1    STACK               startup_stm32f103xb.o


==============================================================================

Image component sizes


      Code (inc. data)   RO Data    RW Data    ZI Data      Debug   Object Name

       240         30          0          0        116       1699   adc.o
       576         42          0         10          0       1425   alarmsettask.o
        52         14          0          1          0        692   alarmtask.o
        76         16          0          4          0        803   beep.o
       292         52          0         20          0       3819   buzzer.o
         0          0       3819          0          0       2071   data.o
       352         20          0          0          0       4738   dht11.o
        44          4          0          0          0        726   dma.o
         0          0          0          0          0      14572   event_groups.o
       220         42          0          1          0        852   flashlighttask.o
       508        202          0         52          0     623584   freertos_watch.o
       292         16          0          6          0       3182   game.o
       596         52          0         16          9       2917   gametask.o
       188         16          0          0          0        943   gpio.o
       364         22          0         28      10240       4615   heap_4.o
       292         30          0          2          0        835   humituretask.o
       156         26          0          0         84       1569   i2c.o
       216         16          0          2          0       1190   key.o
       138          0          0          0          0       3150   list.o
       264         16          0          1          0       3239   main.o
       568         72          0          4          0       1616   menutask.o
         0          0          0          0          0     163162   mui_u8g2.o
       344         44          0          0          0        724   musictask.o
       366         44          0          4          0       9168   port.o
      1148         14          0          0          0      13523   queue.o
       744         74          0          8          0       1418   settingtask.o
        64         26        236          0       1536        796   startup_stm32f103xb.o
       100         18          0         12          0       5138   stm32f1xx_hal.o
      1132         56          0          0          0       7843   stm32f1xx_hal_adc.o
       158         14          0          0          0      28110   stm32f1xx_hal_cortex.o
       586         32          0          0          0       3523   stm32f1xx_hal_dma.o
       516         34          0          0          0       4052   stm32f1xx_hal_gpio.o
      1398         32          0          0          0       8981   stm32f1xx_hal_i2c.o
        60          8          0          0          0        846   stm32f1xx_hal_msp.o
      1272         82         18          0          0       5082   stm32f1xx_hal_rcc.o
       236         12          0          0          0       1356   stm32f1xx_hal_rcc_ex.o
      1850         60          0          0          0      16465   stm32f1xx_hal_tim.o
       192         12          0          0          0       3113   stm32f1xx_hal_tim_ex.o
       152         20          0          0         72       1431   stm32f1xx_hal_timebase_tim.o
        68         18          0          0          0       4246   stm32f1xx_it.o
         2          0         24          4          0       1071   system_stm32f1xx.o
      2336        198          0         64        740      32678   tasks.o
        64         10          0          0          0       1878   testtask.o
       676         48          0          0        216       3770   tim.o
       854         74          0         20         40      12172   timers.o
       692         98          0          6          0       1635   timetask.o
       248          0          0          0          0       2225   u8g2_bitmap.o
       434          0          0          0          0       2208   u8g2_box.o
       232          0          0          0          0       3996   u8g2_buffer.o
       730          0          0          0          0       5914   u8g2_circle.o
        30          0          0          0          0        544   u8g2_cleardisplay.o
        12          4          0          0       1024        804   u8g2_d_memory.o
       108         28          0          0          0       1549   u8g2_d_setup.o
      1228         14          0          0          0      14037   u8g2_font.o
         0          0      15876          0          0     149511   u8g2_fonts.o
       336          0          0          0          0       4614   u8g2_hvline.o
        72          0          0          0          0       1827   u8g2_intersection.o
       144          0          0          0          0       1338   u8g2_ll_hvline.o
       328          0         12          0          0     150379   u8g2_setup.o
       166          0          0          0          0       2474   u8x8_8x8.o
       146         12          0          3         32       5123   u8x8_byte.o
       416         12          0          6          0       8484   u8x8_cad.o
       260         12        344          0          0       3007   u8x8_d_ssd1306_128x64_noname.o
       200          0          0          0          0       4134   u8x8_display.o
        12          0          0          0          0        561   u8x8_gpio.o
        74          4          0          0          0       1666   u8x8_setup.o

    ----------------------------------------------------------------------
     25668       1802      20364        284      14112    1374813   Object Totals
         0          0         32          0          0          0   (incl. Generated)
        48          0          3         10          3          0   (incl. Padding)

    ----------------------------------------------------------------------

      Code (inc. data)   RO Data    RW Data    ZI Data      Debug   Library Member Name

         8          0          0          0          0         68   __main.o
         0          0          0          0          0          0   __rtentry.o
        12          0          0          0          0          0   __rtentry2.o
         6          0          0          0          0          0   __rtentry4.o
        52          8          0          0          0          0   __scatter.o
        26          0          0          0          0          0   __scatter_copy.o
        28          0          0          0          0          0   __scatter_zi.o
        18          0          0          0          0         80   exit.o
         6          0          0          0          0        152   heapauxi.o
         0          0          0          0          0          0   indicate_semi.o
         2          0          0          0          0          0   libinit.o
         2          0          0          0          0          0   libinit2.o
         2          0          0          0          0          0   libshutdown.o
         2          0          0          0          0          0   libshutdown2.o
         8          4          0          0         96         68   libspace.o
        68          0          0          0          0         68   rt_memclr.o
        78          0          0          0          0         80   rt_memclr_w.o
       138          0          0          0          0         68   rt_memcpy_v6.o
       100          0          0          0          0         80   rt_memcpy_w.o
         2          0          0          0          0          0   rtexit.o
        10          0          0          0          0          0   rtexit2.o
        12          4          0          0          0         68   sys_exit.o
        74          0          0          0          0         80   sys_stackheap_outer.o
         2          0          0          0          0         68   use_no_semi.o

    ----------------------------------------------------------------------
       664         16          0          0        100        880   Library Totals
         8          0          0          0          4          0   (incl. Padding)

    ----------------------------------------------------------------------

      Code (inc. data)   RO Data    RW Data    ZI Data      Debug   Library Name

       656         16          0          0         96        880   c_w.l

    ----------------------------------------------------------------------
       664         16          0          0        100        880   Library Totals

    ----------------------------------------------------------------------

==============================================================================


      Code (inc. data)   RO Data    RW Data    ZI Data      Debug   

     26332       1818      20364        284      14212    1361129   Grand Totals
     26332       1818      20364        284      14212    1361129   ELF Image Totals
     26332       1818      20364        284          0          0   ROM Totals

==============================================================================

    Total RO  Size (Code + RO Data)                46696 (  45.60kB)
    Total RW  Size (RW Data + ZI Data)             14496 (  14.16kB)
    Total ROM Size (Code + RO Data + RW Data)      46980 (  45.88kB)

==============================================================================

