Component: ARM Compiler 5.06 update 5 (build 528) Tool: armlink [4d35e2]

==============================================================================

Section Cross References

    startup_stm32f103xb.o(STACK) refers (Special) to heapauxi.o(.text) for __use_two_region_memory
    startup_stm32f103xb.o(HEAP) refers (Special) to heapauxi.o(.text) for __use_two_region_memory
    startup_stm32f103xb.o(RESET) refers (Special) to heapauxi.o(.text) for __use_two_region_memory
    startup_stm32f103xb.o(RESET) refers to startup_stm32f103xb.o(STACK) for __initial_sp
    startup_stm32f103xb.o(RESET) refers to startup_stm32f103xb.o(.text) for Reset_Handler
    startup_stm32f103xb.o(RESET) refers to stm32f1xx_it.o(i.NMI_Handler) for NMI_Handler
    startup_stm32f103xb.o(RESET) refers to stm32f1xx_it.o(i.HardFault_Handler) for HardFault_Handler
    startup_stm32f103xb.o(RESET) refers to stm32f1xx_it.o(i.MemManage_Handler) for MemManage_Handler
    startup_stm32f103xb.o(RESET) refers to stm32f1xx_it.o(i.BusFault_Handler) for BusFault_Handler
    startup_stm32f103xb.o(RESET) refers to stm32f1xx_it.o(i.UsageFault_Handler) for UsageFault_Handler
    startup_stm32f103xb.o(RESET) refers to port.o(.emb_text) for SVC_Handler
    startup_stm32f103xb.o(RESET) refers to stm32f1xx_it.o(i.DebugMon_Handler) for DebugMon_Handler
    startup_stm32f103xb.o(RESET) refers to stm32f1xx_it.o(i.SysTick_Handler) for SysTick_Handler
    startup_stm32f103xb.o(RESET) refers to stm32f1xx_it.o(i.DMA1_Channel1_IRQHandler) for DMA1_Channel1_IRQHandler
    startup_stm32f103xb.o(RESET) refers to stm32f1xx_it.o(i.TIM2_IRQHandler) for TIM2_IRQHandler
    startup_stm32f103xb.o(RESET) refers to stm32f1xx_it.o(i.TIM3_IRQHandler) for TIM3_IRQHandler
    startup_stm32f103xb.o(.text) refers (Special) to heapauxi.o(.text) for __use_two_region_memory
    startup_stm32f103xb.o(.text) refers to system_stm32f1xx.o(i.SystemInit) for SystemInit
    startup_stm32f103xb.o(.text) refers to __main.o(!!!main) for __main
    startup_stm32f103xb.o(.text) refers to startup_stm32f103xb.o(HEAP) for Heap_Mem
    startup_stm32f103xb.o(.text) refers to startup_stm32f103xb.o(STACK) for Stack_Mem
    freertos_watch.o(i.FreeRTOS_Init) refers to queue.o(i.xQueueGenericCreate) for xQueueGenericCreate
    freertos_watch.o(i.FreeRTOS_Init) refers to timers.o(i.xTimerCreate) for xTimerCreate
    freertos_watch.o(i.FreeRTOS_Init) refers to tasks.o(i.xTaskGetTickCount) for xTaskGetTickCount
    freertos_watch.o(i.FreeRTOS_Init) refers to timers.o(i.xTimerGenericCommand) for xTimerGenericCommand
    freertos_watch.o(i.FreeRTOS_Init) refers to tasks.o(i.xTaskCreate) for xTaskCreate
    freertos_watch.o(i.FreeRTOS_Init) refers to tasks.o(i.vTaskStartScheduler) for vTaskStartScheduler
    freertos_watch.o(i.FreeRTOS_Init) refers to freertos_watch.o(.data) for .data
    freertos_watch.o(i.FreeRTOS_Init) refers to timetask.o(i.clockCallbackFunction) for clockCallbackFunction
    freertos_watch.o(i.FreeRTOS_Init) refers to gametask.o(i.flickerCallbackFunction) for flickerCallbackFunction
    freertos_watch.o(i.FreeRTOS_Init) refers to testtask.o(i.testtask) for testtask
    freertos_watch.o(i.FreeRTOS_Init) refers to timetask.o(i.TimeTask) for TimeTask
    freertos_watch.o(i.FreeRTOS_Init) refers to menutask.o(i.MenuTask) for MenuTask
    freertos_watch.o(i.FreeRTOS_Init) refers to alarmtask.o(i.AlarmTask) for AlarmTask
    freertos_watch.o(i.FreeRTOS_Init) refers to flashlighttask.o(i.FlashlightTask) for FlashlightTask
    freertos_watch.o(i.FreeRTOS_Init) refers to gametask.o(i.GameTask) for GameTask
    freertos_watch.o(i.FreeRTOS_Init) refers to musictask.o(i.MusicTask) for MusicTask
    freertos_watch.o(i.FreeRTOS_Init) refers to humituretask.o(i.HumitureTask) for HumitureTask
    freertos_watch.o(i.FreeRTOS_Init) refers to settingtask.o(i.SettingTask) for SettingTask
    main.o(i.HAL_TIM_PeriodElapsedCallback) refers to stm32f1xx_hal.o(i.HAL_IncTick) for HAL_IncTick
    main.o(i.HAL_TIM_PeriodElapsedCallback) refers to key.o(i.Key_ReleaseJudge) for Key_ReleaseJudge
    main.o(i.HAL_TIM_PeriodElapsedCallback) refers to main.o(.data) for .data
    main.o(i.SystemClock_Config) refers to rt_memclr_w.o(.text) for __aeabi_memclr4
    main.o(i.SystemClock_Config) refers to stm32f1xx_hal_rcc.o(i.HAL_RCC_OscConfig) for HAL_RCC_OscConfig
    main.o(i.SystemClock_Config) refers to stm32f1xx_hal_rcc.o(i.HAL_RCC_ClockConfig) for HAL_RCC_ClockConfig
    main.o(i.SystemClock_Config) refers to stm32f1xx_hal_rcc_ex.o(i.HAL_RCCEx_PeriphCLKConfig) for HAL_RCCEx_PeriphCLKConfig
    main.o(i.main) refers to stm32f1xx_hal.o(i.HAL_Init) for HAL_Init
    main.o(i.main) refers to main.o(i.SystemClock_Config) for SystemClock_Config
    main.o(i.main) refers to gpio.o(i.MX_GPIO_Init) for MX_GPIO_Init
    main.o(i.main) refers to dma.o(i.MX_DMA_Init) for MX_DMA_Init
    main.o(i.main) refers to i2c.o(i.MX_I2C1_Init) for MX_I2C1_Init
    main.o(i.main) refers to tim.o(i.MX_TIM1_Init) for MX_TIM1_Init
[...]
    __rt_lib_init_lc_numeric_1               0x08000163   Thumb Code     0  libinit2.o(.ARM.Collect$$libinit$$00000017)
    __rt_lib_init_lc_time_1                  0x08000163   Thumb Code     0  libinit2.o(.ARM.Collect$$libinit$$00000019)
    __rt_lib_init_preinit_1                  0x08000163   Thumb Code     0  libinit2.o(.ARM.Collect$$libinit$$00000004)
    __rt_lib_init_rand_1                     0x08000163   Thumb Code     0  libinit2.o(.ARM.Collect$$libinit$$0000000E)
    __rt_lib_init_return                     0x08000163   Thumb Code     0  libinit2.o(.ARM.Collect$$libinit$$00000033)
    __rt_lib_init_signal_1                   0x08000163   Thumb Code     0  libinit2.o(.ARM.Collect$$libinit$$0000001D)
    __rt_lib_init_stdio_1                    0x08000163   Thumb Code     0  libinit2.o(.ARM.Collect$$libinit$$00000025)
    __rt_lib_init_user_alloc_1               0x08000163   Thumb Code     0  libinit2.o(.ARM.Collect$$libinit$$0000000C)
    __rt_lib_shutdown                        0x08000165   Thumb Code     0  libshutdown.o(.ARM.Collect$$libshutdown$$00000000)
    __rt_lib_shutdown_cpp_1                  0x08000167   Thumb Code     0  libshutdown2.o(.ARM.Collect$$libshutdown$$00000002)
    __rt_lib_shutdown_fp_trap_1              0x08000167   Thumb Code     0  libshutdown2.o(.ARM.Collect$$libshutdown$$00000007)
    __rt_lib_shutdown_heap_1                 0x08000167   Thumb Code     0  libshutdown2.o(.ARM.Collect$$libshutdown$$0000000F)
    __rt_lib_shutdown_return                 0x08000167   Thumb Code     0  libshutdown2.o(.ARM.Collect$$libshutdown$$00000010)
    __rt_lib_shutdown_signal_1               0x08000167   Thumb Code     0  libshutdown2.o(.ARM.Collect$$libshutdown$$0000000A)
    __rt_lib_shutdown_stdio_1                0x08000167   Thumb Code     0  libshutdown2.o(.ARM.Collect$$libshutdown$$00000004)
    __rt_lib_shutdown_user_alloc_1           0x08000167   Thumb Code     0  libshutdown2.o(.ARM.Collect$$libshutdown$$0000000C)
    __rt_entry                               0x08000169   Thumb Code     0  __rtentry.o(.ARM.Collect$$rtentry$$00000000)
    __rt_entry_presh_1                       0x08000169   Thumb Code     0  __rtentry2.o(.ARM.Collect$$rtentry$$00000002)
    __rt_entry_sh                            0x08000169   Thumb Code     0  __rtentry4.o(.ARM.Collect$$rtentry$$00000004)
    __rt_entry_li                            0x0800016f   Thumb Code     0  __rtentry2.o(.ARM.Collect$$rtentry$$0000000A)
    __rt_entry_postsh_1                      0x0800016f   Thumb Code     0  __rtentry2.o(.ARM.Collect$$rtentry$$00000009)
    __rt_entry_main                          0x08000173   Thumb Code     0  __rtentry2.o(.ARM.Collect$$rtentry$$0000000D)
    __rt_entry_postli_1                      0x08000173   Thumb Code     0  __rtentry2.o(.ARM.Collect$$rtentry$$0000000C)
    __rt_exit                                0x0800017b   Thumb Code     0  rtexit.o(.ARM.Collect$$rtexit$$00000000)
    __rt_exit_ls                             0x0800017d   Thumb Code     0  rtexit2.o(.ARM.Collect$$rtexit$$00000003)
    __rt_exit_prels_1                        0x0800017d   Thumb Code     0  rtexit2.o(.ARM.Collect$$rtexit$$00000002)
    __rt_exit_exit                           0x08000181   Thumb Code     0  rtexit2.o(.ARM.Collect$$rtexit$$00000004)
    SVC_Handler                              0x08000189   Thumb Code    32  port.o(.emb_text)
    __asm___6_port_c_39a90d8d__prvStartFirstTask 0x080001ad   Thumb Code    28  port.o(.emb_text)
    PendSV_Handler                           0x080001cd   Thumb Code    72  port.o(.emb_text)
    vPortGetIPSR                             0x08000219   Thumb Code     6  port.o(.emb_text)
    Reset_Handler                            0x08000221   Thumb Code     8  startup_stm32f103xb.o(.text)
    ADC1_2_IRQHandler                        0x0800023b   Thumb Code     0  startup_stm32f103xb.o(.text)
    CAN1_RX1_IRQHandler                      0x0800023b   Thumb Code     0  startup_stm32f103xb.o(.text)
    CAN1_SCE_IRQHandler                      0x0800023b   Thumb Code     0  startup_stm32f103xb.o(.text)
    DMA1_Channel2_IRQHandler                 0x0800023b   Thumb Code     0  startup_stm32f103xb.o(.text)
    DMA1_Channel3_IRQHandler                 0x0800023b   Thumb Code     0  startup_stm32f103xb.o(.text)
    DMA1_Channel4_IRQHandler                 0x0800023b   Thumb Code     0  startup_stm32f103xb.o(.text)
    DMA1_Channel5_IRQHandler                 0x0800023b   Thumb Code     0  startup_stm32f103xb.o(.text)
    DMA1_Channel6_IRQHandler                 0x0800023b   Thumb Code     0  startup_stm32f103xb.o(.text)
    DMA1_Channel7_IRQHandler                 0x0800023b   Thumb Code     0  startup_stm32f103xb.o(.text)
    EXTI0_IRQHandler                         0x0800023b   Thumb Code     0  startup_stm32f103xb.o(.text)
    EXTI15_10_IRQHandler                     0x0800023b   Thumb Code     0  startup_stm32f103xb.o(.text)
    EXTI1_IRQHandler                         0x0800023b   Thumb Code     0  startup_stm32f103xb.o(.text)
    EXTI2_IRQHandler                         0x0800023b   Thumb Code     0  startup_stm32f103xb.o(.text)
    EXTI3_IRQHandler                         0x0800023b   Thumb Code     0  startup_stm32f103xb.o(.text)
    EXTI4_IRQHandler                         0x0800023b   Thumb Code     0  startup_stm32f103xb.o(.text)
    EXTI9_5_IRQHandler                       0x0800023b   Thumb Code     0  startup_stm32f103xb.o(.text)
    FLASH_IRQHandler                         0x0800023b   Thumb Code     0  startup_stm32f103xb.o(.text)
    I2C1_ER_IRQHandler                       0x0800023b   Thumb Code     0  startup_stm32f103xb.o(.text)
    I2C1_EV_IRQHandler                       0x0800023b   Thumb Code     0  startup_stm32f103xb.o(.text)
    I2C2_ER_IRQHandler                       0x0800023b   Thumb Code     0  startup_stm32f103xb.o(.text)
    I2C2_EV_IRQHandler                       0x0800023b   Thumb Code     0  startup_stm32f103xb.o(.text)
    PVD_IRQHandler                           0x0800023b   Thumb Code     0  startup_stm32f103xb.o(.text)
    RCC_IRQHandler                           0x0800023b   Thumb Code     0  startup_stm32f103xb.o(.text)
    RTC_Alarm_IRQHandler                     0x0800023b   Thumb Code     0  startup_stm32f103xb.o(.text)
    RTC_IRQHandler                           0x0800023b   Thumb Code     0  startup_stm32f103xb.o(.text)
    SPI1_IRQHandler                          0x0800023b   Thumb Code     0  startup_stm32f103xb.o(.text)
    SPI2_IRQHandler                          0x0800023b   Thumb Code     0  startup_stm32f103xb.o(.text)
    TAMPER_IRQHandler                        0x0800023b   Thumb Code     0  startup_stm32f103xb.o(.text)
    TIM1_BRK_IRQHandler                      0x0800023b   Thumb Code     0  startup_stm32f103xb.o(.text)
    TIM1_CC_IRQHandler                       0x0800023b   Thumb Code     0  startup_stm32f103xb.o(.text)
    TIM1_TRG_COM_IRQHandler                  0x0800023b   Thumb Code     0  startup_stm32f103xb.o(.text)
    TIM1_UP_IRQHandler                       0x0800023b   Thumb Code     0  startup_stm32f103xb.o(.text)
    TIM4_IRQHandler                          0x0800023b   Thumb Code     0  startup_stm32f103xb.o(.text)
    USART1_IRQHandler                        0x0800023b   Thumb Code     0  startup_stm32f103xb.o(.text)
    USART2_IRQHandler                        0x0800023b   Thumb Code     0  startup_stm32f103xb.o(.text)
    USART3_IRQHandler                        0x0800023b   Thumb Code     0  startup_stm32f103xb.o(.text)
    USBWakeUp_IRQHandler                     0x0800023b   Thumb Code     0  startup_stm32f103xb.o(.text)
    USB_HP_CAN1_TX_IRQHandler                0x0800023b   Thumb Code     0  startup_stm32f103xb.o(.text)
    USB_LP_CAN1_RX0_IRQHandler               0x0800023b   Thumb Code     0  startup_stm32f103xb.o(.text)
    WWDG_IRQHandler                          0x0800023b   Thumb Code     0  startup_stm32f103xb.o(.text)
    __user_initial_stackheap                 0x0800023d   Thumb Code     0  startup_stm32f103xb.o(.text)
    __aeabi_memcpy                           0x08000261   Thumb Code     0  rt_memcpy_v6.o(.text)
    __rt_memcpy                              0x08000261   Thumb Code   138  rt_memcpy_v6.o(.text)
    _memcpy_lastbytes                        0x080002c7   Thumb Code     0  rt_memcpy_v6.o(.text)
    __aeabi_memclr                           0x080002eb   Thumb Code     0  rt_memclr.o(.text)
    __rt_memclr                              0x080002eb   Thumb Code    68  rt_memclr.o(.text)
    _memset                                  0x080002ef   Thumb Code     0  rt_memclr.o(.text)
    __aeabi_memclr4                          0x0800032f   Thumb Code     0  rt_memclr_w.o(.text)
    __aeabi_memclr8                          0x0800032f   Thumb Code     0  rt_memclr_w.o(.text)
    __rt_memclr_w                            0x0800032f   Thumb Code    78  rt_memclr_w.o(.text)
    _memset_w                                0x08000333   Thumb Code     0  rt_memclr_w.o(.text)
    __use_two_region_memory                  0x0800037d   Thumb Code     2  heapauxi.o(.text)
    __rt_heap_escrow$2region                 0x0800037f   Thumb Code     2  heapauxi.o(.text)
    __rt_heap_expand$2region                 0x08000381   Thumb Code     2  heapauxi.o(.text)
    __aeabi_memcpy4                          0x08000383   Thumb Code     0  rt_memcpy_w.o(.text)
    __aeabi_memcpy8                          0x08000383   Thumb Code     0  rt_memcpy_w.o(.text)
    __rt_memcpy_w                            0x08000383   Thumb Code   100  rt_memcpy_w.o(.text)
    _memcpy_lastbytes_aligned                0x080003cb   Thumb Code     0  rt_memcpy_w.o(.text)
    __user_setup_stackheap                   0x080003e7   Thumb Code    74  sys_stackheap_outer.o(.text)
    exit                                     0x08000431   Thumb Code    18  exit.o(.text)
    __user_libspace                          0x08000445   Thumb Code     8  libspace.o(.text)
    __user_perproc_libspace                  0x08000445   Thumb Code     0  libspace.o(.text)
    __user_perthread_libspace                0x08000445   Thumb Code     0  libspace.o(.text)
    _sys_exit                                0x0800044d   Thumb Code     8  sys_exit.o(.text)
    __I$use$semihosting                      0x08000459   Thumb Code     0  use_no_semi.o(.text)
    __use_no_semihosting_swi                 0x08000459   Thumb Code     2  use_no_semi.o(.text)
    __semihosting_library_function           0x0800045b   Thumb Code     0  indicate_semi.o(.text)
    ADC_ConversionStop_Disable               0x0800045d   Thumb Code    86  stm32f1xx_hal_adc.o(i.ADC_ConversionStop_Disable)
    ADC_DMAConvCplt                          0x080004b3   Thumb Code    78  stm32f1xx_hal_adc.o(i.ADC_DMAConvCplt)
    ADC_DMAError                             0x08000501   Thumb Code    26  stm32f1xx_hal_adc.o(i.ADC_DMAError)
    ADC_DMAHalfConvCplt                      0x0800051b   Thumb Code    10  stm32f1xx_hal_adc.o(i.ADC_DMAHalfConvCplt)
    ADC_Enable                               0x08000525   Thumb Code   114  stm32f1xx_hal_adc.o(i.ADC_Enable)
    AlarmTask                                0x080005a1   Thumb Code   532  alarmtask.o(i.AlarmTask)
    BusFault_Handler                         0x080007d9   Thumb Code     2  stm32f1xx_it.o(i.BusFault_Handler)
    Buzzer_PlayNote                          0x080007dd   Thumb Code    32  buzzer.o(i.Buzzer_PlayNote)
    ComputerPlay                             0x08000805   Thumb Code   112  game.o(i.ComputerPlay)
    DMA1_Channel1_IRQHandler                 0x08000881   Thumb Code     6  stm32f1xx_it.o(i.DMA1_Channel1_IRQHandler)
    DebugMon_Handler                         0x080008b7   Thumb Code     2  stm32f1xx_it.o(i.DebugMon_Handler)
    DrawBoardBuffer                          0x080008b9   Thumb Code   134  gametask.o(i.DrawBoardBuffer)
    DrawMenuBuffer                           0x08000949   Thumb Code   124  menutask.o(i.DrawMenuBuffer)
    Error_Handler                            0x080009cd   Thumb Code     4  main.o(i.Error_Handler)
    FlashlightTask                           0x080009d1   Thumb Code   178  flashlighttask.o(i.FlashlightTask)
    FreeRTOS_Init                            0x08000aad   Thumb Code   284  freertos_watch.o(i.FreeRTOS_Init)
    GameTask                                 0x08000c7d   Thumb Code   400  gametask.o(i.GameTask)
    HAL_ADC_ConfigChannel                    0x08000e31   Thumb Code   240  stm32f1xx_hal_adc.o(i.HAL_ADC_ConfigChannel)
    HAL_ADC_ConvCpltCallback                 0x08000f2d   Thumb Code     8  game.o(i.HAL_ADC_ConvCpltCallback)
    HAL_ADC_ConvHalfCpltCallback             0x08000f39   Thumb Code     2  stm32f1xx_hal_adc.o(i.HAL_ADC_ConvHalfCpltCallback)
    HAL_ADC_ErrorCallback                    0x08000f3b   Thumb Code     2  stm32f1xx_hal_adc.o(i.HAL_ADC_ErrorCallback)
    HAL_ADC_Init                             0x08000f3d   Thumb Code   272  stm32f1xx_hal_adc.o(i.HAL_ADC_Init)
    HAL_ADC_MspInit                          0x08001059   Thumb Code   120  adc.o(i.HAL_ADC_MspInit)
    HAL_ADC_Start_DMA                        0x080010e5   Thumb Code   246  stm32f1xx_hal_adc.o(i.HAL_ADC_Start_DMA)
    HAL_DMA_IRQHandler                       0x080011f1   Thumb Code   316  stm32f1xx_hal_dma.o(i.HAL_DMA_IRQHandler)
    HAL_DMA_Init                             0x08001345   Thumb Code    84  stm32f1xx_hal_dma.o(i.HAL_DMA_Init)
    HAL_DMA_Start_IT                         0x080013a1   Thumb Code   112  stm32f1xx_hal_dma.o(i.HAL_DMA_Start_IT)
    HAL_Delay                                0x08001411   Thumb Code    32  stm32f1xx_hal.o(i.HAL_Delay)
    HAL_GPIO_Init                            0x08001435   Thumb Code   446  stm32f1xx_hal_gpio.o(i.HAL_GPIO_Init)
    HAL_GPIO_ReadPin                         0x08001615   Thumb Code    10  stm32f1xx_hal_gpio.o(i.HAL_GPIO_ReadPin)
    HAL_GPIO_TogglePin                       0x0800161f   Thumb Code    16  stm32f1xx_hal_gpio.o(i.HAL_GPIO_TogglePin)
    HAL_GPIO_WritePin                        0x0800162f   Thumb Code    10  stm32f1xx_hal_gpio.o(i.HAL_GPIO_WritePin)
    HAL_GetTick                              0x08001639   Thumb Code     6  stm32f1xx_hal.o(i.HAL_GetTick)
    HAL_I2C_Init                             0x08001645   Thumb Code   376  stm32f1xx_hal_i2c.o(i.HAL_I2C_Init)
    HAL_I2C_Master_Transmit                  0x080017cd   Thumb Code   290  stm32f1xx_hal_i2c.o(i.HAL_I2C_Master_Transmit)
    HAL_I2C_MspInit                          0x080018f9   Thumb Code    80  i2c.o(i.HAL_I2C_MspInit)
    HAL_IncTick                              0x08001955   Thumb Code    12  stm32f1xx_hal.o(i.HAL_IncTick)
    HAL_Init                                 0x08001965   Thumb Code    32  stm32f1xx_hal.o(i.HAL_Init)
    HAL_InitTick                             0x08001989   Thumb Code   134  stm32f1xx_hal_timebase_tim.o(i.HAL_InitTick)
    HAL_MspInit                              0x08001a21   Thumb Code    52  stm32f1xx_hal_msp.o(i.HAL_MspInit)
    HAL_NVIC_EnableIRQ                       0x08001a5d   Thumb Code    26  stm32f1xx_hal_cortex.o(i.HAL_NVIC_EnableIRQ)
    HAL_NVIC_SetPriority                     0x08001a79   Thumb Code    60  stm32f1xx_hal_cortex.o(i.HAL_NVIC_SetPriority)
    HAL_NVIC_SetPriorityGrouping             0x08001ab9   Thumb Code    26  stm32f1xx_hal_cortex.o(i.HAL_NVIC_SetPriorityGrouping)
    HAL_RCCEx_PeriphCLKConfig                0x08001add   Thumb Code   224  stm32f1xx_hal_rcc_ex.o(i.HAL_RCCEx_PeriphCLKConfig)
    HAL_RCC_ClockConfig                      0x08001bc9   Thumb Code   280  stm32f1xx_hal_rcc.o(i.HAL_RCC_ClockConfig)
    HAL_RCC_GetClockConfig                   0x08001cf5   Thumb Code    54  stm32f1xx_hal_rcc.o(i.HAL_RCC_GetClockConfig)
    HAL_RCC_GetPCLK1Freq                     0x08001d35   Thumb Code    20  stm32f1xx_hal_rcc.o(i.HAL_RCC_GetPCLK1Freq)
    HAL_RCC_GetSysClockFreq                  0x08001d55   Thumb Code    58  stm32f1xx_hal_rcc.o(i.HAL_RCC_GetSysClockFreq)
    HAL_RCC_OscConfig                        0x08001da1   Thumb Code   778  stm32f1xx_hal_rcc.o(i.HAL_RCC_OscConfig)
    HAL_TIMEx_BreakCallback                  0x080020c1   Thumb Code     2  stm32f1xx_hal_tim_ex.o(i.HAL_TIMEx_BreakCallback)
    HAL_TIMEx_CommutCallback                 0x080020c3   Thumb Code     2  stm32f1xx_hal_tim_ex.o(i.HAL_TIMEx_CommutCallback)
    HAL_TIMEx_ConfigBreakDeadTime            0x080020c5   Thumb Code    84  stm32f1xx_hal_tim_ex.o(i.HAL_TIMEx_ConfigBreakDeadTime)
    HAL_TIMEx_MasterConfigSynchronization    0x08002119   Thumb Code    92  stm32f1xx_hal_tim_ex.o(i.HAL_TIMEx_MasterConfigSynchronization)
    HAL_TIM_Base_Init                        0x08002181   Thumb Code    90  stm32f1xx_hal_tim.o(i.HAL_TIM_Base_Init)
    HAL_TIM_Base_MspInit                     0x080021dd   Thumb Code    72  tim.o(i.HAL_TIM_Base_MspInit)
    HAL_TIM_Base_Start_IT                    0x08002231   Thumb Code    76  stm32f1xx_hal_tim.o(i.HAL_TIM_Base_Start_IT)
    HAL_TIM_ConfigClockSource                0x08002289   Thumb Code   220  stm32f1xx_hal_tim.o(i.HAL_TIM_ConfigClockSource)
    HAL_TIM_IC_CaptureCallback               0x08002365   Thumb Code     2  stm32f1xx_hal_tim.o(i.HAL_TIM_IC_CaptureCallback)
    HAL_TIM_IRQHandler                       0x08002367   Thumb Code   304  stm32f1xx_hal_tim.o(i.HAL_TIM_IRQHandler)
    HAL_TIM_MspPostInit                      0x08002499   Thumb Code    64  tim.o(i.HAL_TIM_MspPostInit)
    HAL_TIM_OC_DelayElapsedCallback          0x080024e5   Thumb Code     2  stm32f1xx_hal_tim.o(i.HAL_TIM_OC_DelayElapsedCallback)
    HAL_TIM_PWM_ConfigChannel                0x080024e7   Thumb Code   204  stm32f1xx_hal_tim.o(i.HAL_TIM_PWM_ConfigChannel)
    HAL_TIM_PWM_Init                         0x080025b3   Thumb Code    90  stm32f1xx_hal_tim.o(i.HAL_TIM_PWM_Init)
    HAL_TIM_PWM_MspInit                      0x0800260d   Thumb Code     2  stm32f1xx_hal_tim.o(i.HAL_TIM_PWM_MspInit)
    HAL_TIM_PWM_PulseFinishedCallback        0x0800260f   Thumb Code     2  stm32f1xx_hal_tim.o(i.HAL_TIM_PWM_PulseFinishedCallback)
    HAL_TIM_PWM_Start                        0x08002611   Thumb Code   144  stm32f1xx_hal_tim.o(i.HAL_TIM_PWM_Start)
    HAL_TIM_PWM_Stop                         0x080026ad   Thumb Code   108  stm32f1xx_hal_tim.o(i.HAL_TIM_PWM_Stop)
    HAL_TIM_PeriodElapsedCallback            0x0800271d   Thumb Code    52  main.o(i.HAL_TIM_PeriodElapsedCallback)
    HAL_TIM_TriggerCallback                  0x08002759   Thumb Code     2  stm32f1xx_hal_tim.o(i.HAL_TIM_TriggerCallback)
    HardFault_Handler                        0x0800275b   Thumb Code     2  stm32f1xx_it.o(i.HardFault_Handler)
    HumitureTask                             0x0800275d   Thumb Code    22  humituretask.o(i.HumitureTask)
    IsBoardFull                              0x08002a3f   Thumb Code    36  game.o(i.IsBoardFull)
    Key_GetState                             0x08002a65   Thumb Code    62  key.o(i.Key_GetState)
    Key_ReleaseJudge                         0x08002aa9   Thumb Code   134  key.o(i.Key_ReleaseJudge)
    MX_ADC1_Init                             0x08002b39   Thumb Code    90  adc.o(i.MX_ADC1_Init)
    MX_DMA_Init                              0x08002b9d   Thumb Code    40  dma.o(i.MX_DMA_Init)
    MX_GPIO_Init                             0x08002bc9   Thumb Code   170  gpio.o(i.MX_GPIO_Init)
    MX_I2C1_Init                             0x08002c85   Thumb Code    50  i2c.o(i.MX_I2C1_Init)
    MX_TIM1_Init                             0x08002cc5   Thumb Code   198  tim.o(i.MX_TIM1_Init)
    MX_TIM3_Init                             0x08002d95   Thumb Code    96  tim.o(i.MX_TIM3_Init)
    MemManage_Handler                        0x08002dfd   Thumb Code     2  stm32f1xx_it.o(i.MemManage_Handler)
    MenuTask                                 0x08002e01   Thumb Code   378  menutask.o(i.MenuTask)
    MusicTask                                0x08002fb5   Thumb Code   300  musictask.o(i.MusicTask)
    Music_Pause                              0x0800310d   Thumb Code    24  buzzer.o(i.Music_Pause)
    Music_Resume                             0x0800312d   Thumb Code    36  buzzer.o(i.Music_Resume)
    Music_Start                              0x08003155   Thumb Code    42  buzzer.o(i.Music_Start)
    Music_Stop                               0x0800318d   Thumb Code    18  buzzer.o(i.Music_Stop)
    Music_Update                             0x080031a9   Thumb Code    88  buzzer.o(i.Music_Update)
    NMI_Handler                              0x08003209   Thumb Code     2  stm32f1xx_it.o(i.NMI_Handler)
    ResultJodge                              0x0800320b   Thumb Code   120  game.o(i.ResultJodge)
    SettingTask                              0x08003285   Thumb Code    22  settingtask.o(i.SettingTask)
    SysTick_Handler                          0x080032a1   Thumb Code    20  stm32f1xx_it.o(i.SysTick_Handler)
    SystemClock_Config                       0x080032b5   Thumb Code   120  main.o(i.SystemClock_Config)
    SystemInit                               0x0800332d   Thumb Code     2  system_stm32f1xx.o(i.SystemInit)
    TIM2_IRQHandler                          0x08003331   Thumb Code     6  stm32f1xx_it.o(i.TIM2_IRQHandler)
    TIM3_IRQHandler                          0x0800333d   Thumb Code     6  stm32f1xx_it.o(i.TIM3_IRQHandler)
    TIM_Base_SetConfig                       0x08003349   Thumb Code   108  stm32f1xx_hal_tim.o(i.TIM_Base_SetConfig)
    TIM_CCxChannelCmd                        0x080033c1   Thumb Code    26  stm32f1xx_hal_tim.o(i.TIM_CCxChannelCmd)
    TIM_ETR_SetConfig                        0x080033db   Thumb Code    20  stm32f1xx_hal_tim.o(i.TIM_ETR_SetConfig)
    TIM_OC2_SetConfig                        0x08003451   Thumb Code    84  stm32f1xx_hal_tim.o(i.TIM_OC2_SetConfig)
    TimeTask                                 0x0800358d   Thumb Code   426  timetask.o(i.TimeTask)
    UsageFault_Handler                       0x08003781   Thumb Code     2  stm32f1xx_it.o(i.UsageFault_Handler)
    clockCallbackFunction                    0x080037a5   Thumb Code    98  timetask.o(i.clockCallbackFunction)
    flickerCallbackFunction                  0x0800380d   Thumb Code    10  gametask.o(i.flickerCallbackFunction)
    main                                     0x0800381d   Thumb Code    44  main.o(i.main)
    pvPortMalloc                             0x08003f15   Thumb Code   146  heap_4.o(i.pvPortMalloc)
    pxPortInitialiseStack                    0x08003fad   Thumb Code    32  port.o(i.pxPortInitialiseStack)
    testtask                                 0x08003fd1   Thumb Code    54  testtask.o(i.testtask)
    u8g2_ClearBuffer                         0x08004011   Thumb Code    18  u8g2_buffer.o(i.u8g2_ClearBuffer)
    u8g2_ClearDisplay                        0x08004023   Thumb Code    30  u8g2_cleardisplay.o(i.u8g2_ClearDisplay)
    u8g2_DrawBox                             0x08004041   Thumb Code    68  u8g2_box.o(i.u8g2_DrawBox)
    u8g2_DrawCircle                          0x08004085   Thumb Code    64  u8g2_circle.o(i.u8g2_DrawCircle)
    u8g2_DrawDisc                            0x080040c5   Thumb Code    64  u8g2_circle.o(i.u8g2_DrawDisc)
    u8g2_DrawFrame                           0x08004105   Thumb Code   136  u8g2_box.o(i.u8g2_DrawFrame)
    u8g2_DrawGlyph                           0x0800418d   Thumb Code   112  u8g2_font.o(i.u8g2_DrawGlyph)
    u8g2_DrawHLine                           0x080041fd   Thumb Code    12  u8g2_hvline.o(i.u8g2_DrawHLine)
    u8g2_DrawHVLine                          0x08004209   Thumb Code   172  u8g2_hvline.o(i.u8g2_DrawHVLine)
    u8g2_DrawHXBMP                           0x080042b5   Thumb Code   172  u8g2_bitmap.o(i.u8g2_DrawHXBMP)
    u8g2_DrawPixel                           0x08004361   Thumb Code    46  u8g2_hvline.o(i.u8g2_DrawPixel)
    u8g2_DrawRBox                            0x0800438f   Thumb Code   230  u8g2_box.o(i.u8g2_DrawRBox)
    u8g2_DrawStr                             0x08004475   Thumb Code    12  u8g2_font.o(i.u8g2_DrawStr)
    u8g2_DrawUTF8                            0x08004485   Thumb Code    12  u8g2_font.o(i.u8g2_DrawUTF8)
    u8g2_DrawVLine                           0x08004495   Thumb Code    12  u8g2_hvline.o(i.u8g2_DrawVLine)
    u8g2_DrawXBMP                            0x080044a1   Thumb Code    76  u8g2_bitmap.o(i.u8g2_DrawXBMP)
    u8g2_FirstPage                           0x080044ed   Thumb Code    28  u8g2_buffer.o(i.u8g2_FirstPage)
    u8g2_Init                                0x08004509   Thumb Code    38  u8g2_d_setup.o(i.u8g2_Init)
    u8g2_IsIntersection                      0x0800453d   Thumb Code    48  u8g2_intersection.o(i.u8g2_IsIntersection)
    u8g2_NextPage                            0x0800456d   Thumb Code    62  u8g2_buffer.o(i.u8g2_NextPage)
    u8g2_SendBuffer                          0x080045ab   Thumb Code    18  u8g2_buffer.o(i.u8g2_SendBuffer)
    u8g2_SetBufferCurrTileRow                0x080045bd   Thumb Code    28  u8g2_buffer.o(i.u8g2_SetBufferCurrTileRow)
    u8g2_SetDrawColor                        0x080045d9   Thumb Code    16  u8g2_hvline.o(i.u8g2_SetDrawColor)
    u8g2_SetFont                             0x080045e9   Thumb Code    32  u8g2_font.o(i.u8g2_SetFont)
    u8g2_SetFontPosBaseline                  0x08004609   Thumb Code     6  u8g2_font.o(i.u8g2_SetFontPosBaseline)
    u8g2_SetMaxClipWindow                    0x08004615   Thumb Code    28  u8g2_setup.o(i.u8g2_SetMaxClipWindow)
    u8g2_SetupBuffer                         0x08004631   Thumb Code    70  u8g2_setup.o(i.u8g2_SetupBuffer)
    u8g2_Setup_ssd1306_i2c_128x64_noname_f   0x08004679   Thumb Code    42  u8g2_d_setup.o(i.u8g2_Setup_ssd1306_i2c_128x64_noname_f)
    u8g2_UpdateRefHeight                     0x080046b1   Thumb Code    82  u8g2_font.o(i.u8g2_UpdateRefHeight)
    u8g2_add_vector_x                        0x08004703   Thumb Code    28  u8g2_font.o(i.u8g2_add_vector_x)
    u8g2_add_vector_y                        0x0800471f   Thumb Code    28  u8g2_font.o(i.u8g2_add_vector_y)
    u8g2_draw_hv_line_2dir                   0x08004a3f   Thumb Code    18  u8g2_hvline.o(i.u8g2_draw_hv_line_2dir)
    u8g2_draw_l90_r0                         0x08004a51   Thumb Code    12  u8g2_setup.o(i.u8g2_draw_l90_r0)
    u8g2_font_calc_vref_font                 0x08004ad3   Thumb Code     4  u8g2_font.o(i.u8g2_font_calc_vref_font)
    u8g2_font_decode_get_signed_bits         0x08004ad7   Thumb Code    20  u8g2_font.o(i.u8g2_font_decode_get_signed_bits)
    u8g2_font_decode_get_unsigned_bits       0x08004aeb   Thumb Code    52  u8g2_font.o(i.u8g2_font_decode_get_unsigned_bits)
    u8g2_font_decode_glyph                   0x08004b21   Thumb Code   276  u8g2_font.o(i.u8g2_font_decode_glyph)
    u8g2_font_decode_len                     0x08004c35   Thumb Code   140  u8g2_font.o(i.u8g2_font_decode_len)
    u8g2_font_get_glyph_data                 0x08004cc1   Thumb Code   114  u8g2_font.o(i.u8g2_font_get_glyph_data)
    u8g2_is_intersection_decision_tree       0x08004d7b   Thumb Code    24  u8g2_intersection.o(i.u8g2_is_intersection_decision_tree)
    u8g2_ll_hvline_vertical_top_lsb          0x08004d95   Thumb Code   144  u8g2_ll_hvline.o(i.u8g2_ll_hvline_vertical_top_lsb)
    u8g2_m_16_8_f                            0x08004e25   Thumb Code     8  u8g2_d_memory.o(i.u8g2_m_16_8_f)
    u8g2_read_font_info                      0x08004e31   Thumb Code   106  u8g2_font.o(i.u8g2_read_font_info)
    u8g2_stm32_delay                         0x08004ee9   Thumb Code    24  main.o(i.u8g2_stm32_delay)
    u8g2_update_dimension_r0                 0x08004f47   Thumb Code     4  u8g2_setup.o(i.u8g2_update_dimension_r0)
    u8g2_update_page_win_r0                  0x08004f4b   Thumb Code    34  u8g2_setup.o(i.u8g2_update_page_win_r0)
    u8x8_DrawTile                            0x08004f6d   Thumb Code    30  u8x8_display.o(i.u8x8_DrawTile)
    u8x8_InitDisplay                         0x08004f8b   Thumb Code    16  u8x8_display.o(i.u8x8_InitDisplay)
    u8x8_RefreshDisplay                      0x08004f9b   Thumb Code    16  u8x8_display.o(i.u8x8_RefreshDisplay)
    u8x8_SetPowerSave                        0x08004fab   Thumb Code    16  u8x8_display.o(i.u8x8_SetPowerSave)
    u8x8_Setup                               0x08004fbb   Thumb Code    34  u8x8_setup.o(i.u8x8_Setup)
    u8x8_SetupDefaults                       0x08004fdd   Thumb Code    32  u8x8_setup.o(i.u8x8_SetupDefaults)
    u8x8_SetupMemory                         0x08005001   Thumb Code    16  u8x8_display.o(i.u8x8_SetupMemory)
    u8x8_ascii_next                          0x08005011   Thumb Code    14  u8x8_8x8.o(i.u8x8_ascii_next)
    u8x8_byte_EndTransfer                    0x0800501f   Thumb Code    16  u8x8_byte.o(i.u8x8_byte_EndTransfer)
    u8x8_byte_SendByte                       0x0800502f   Thumb Code    14  u8x8_byte.o(i.u8x8_byte_SendByte)
    u8x8_byte_StartTransfer                  0x0800503d   Thumb Code    16  u8x8_byte.o(i.u8x8_byte_StartTransfer)
    u8x8_byte_hw_i2c                         0x0800504d   Thumb Code    88  u8x8_byte.o(i.u8x8_byte_hw_i2c)
    u8x8_cad_EndTransfer                     0x080050b1   Thumb Code    16  u8x8_cad.o(i.u8x8_cad_EndTransfer)
    u8x8_cad_SendArg                         0x080050c1   Thumb Code    16  u8x8_cad.o(i.u8x8_cad_SendArg)
    u8x8_cad_SendCmd                         0x080050d1   Thumb Code    16  u8x8_cad.o(i.u8x8_cad_SendCmd)
    u8x8_cad_SendData                        0x080050e1   Thumb Code    16  u8x8_cad.o(i.u8x8_cad_SendData)
    u8x8_cad_SendSequence                    0x080050f1   Thumb Code   104  u8x8_cad.o(i.u8x8_cad_SendSequence)
    u8x8_cad_StartTransfer                   0x08005159   Thumb Code    16  u8x8_cad.o(i.u8x8_cad_StartTransfer)
    u8x8_cad_ssd13xx_fast_i2c                0x08005169   Thumb Code   182  u8x8_cad.o(i.u8x8_cad_ssd13xx_fast_i2c)
    u8x8_d_helper_display_init               0x08005225   Thumb Code    96  u8x8_display.o(i.u8x8_d_helper_display_init)
    u8x8_d_helper_display_setup_memory       0x08005285   Thumb Code    10  u8x8_display.o(i.u8x8_d_helper_display_setup_memory)
    u8x8_d_ssd1306_128x64_noname             0x08005291   Thumb Code    52  u8x8_d_ssd1306_128x64_noname.o(i.u8x8_d_ssd1306_128x64_noname)
    u8x8_dummy_cb                            0x08005395   Thumb Code     4  u8x8_setup.o(i.u8x8_dummy_cb)
    u8x8_gpio_call                           0x08005399   Thumb Code    12  u8x8_gpio.o(i.u8x8_gpio_call)
    u8x8_utf8_init                           0x080053d1   Thumb Code     8  u8x8_8x8.o(i.u8x8_utf8_init)
    u8x8_utf8_next                           0x080053d9   Thumb Code   144  u8x8_8x8.o(i.u8x8_utf8_next)
    uxListRemove                             0x08005469   Thumb Code    38  list.o(i.uxListRemove)
    uxTaskGetNumberOfTasks                   0x08005491   Thumb Code     6  tasks.o(i.uxTaskGetNumberOfTasks)
    vListInitialise                          0x0800549d   Thumb Code    22  list.o(i.vListInitialise)
    vListInitialiseItem                      0x080054b3   Thumb Code     6  list.o(i.vListInitialiseItem)
    vListInsert                              0x080054b9   Thumb Code    48  list.o(i.vListInsert)
    vListInsertEnd                           0x080054e9   Thumb Code    24  list.o(i.vListInsertEnd)
    vPortEnterCritical                       0x08005501   Thumb Code    24  port.o(i.vPortEnterCritical)
    vPortExitCritical                        0x0800551d   Thumb Code    16  port.o(i.vPortExitCritical)
    vPortFree                                0x08005531   Thumb Code    64  heap_4.o(i.vPortFree)
    vPortSetupTimerInterrupt                 0x08005575   Thumb Code    20  port.o(i.vPortSetupTimerInterrupt)
    vQueueWaitForMessageRestricted           0x0800558d   Thumb Code    68  queue.o(i.vQueueWaitForMessageRestricted)
    vTaskInternalSetTimeOutState             0x080055d1   Thumb Code    12  tasks.o(i.vTaskInternalSetTimeOutState)
    vTaskMissedYield                         0x080055e1   Thumb Code     8  tasks.o(i.vTaskMissedYield)
    vTaskPlaceOnEventList                    0x080055ed   Thumb Code    26  tasks.o(i.vTaskPlaceOnEventList)
    vTaskPlaceOnEventListRestricted          0x0800560d   Thumb Code    58  tasks.o(i.vTaskPlaceOnEventListRestricted)
    vTaskResume                              0x0800564d   Thumb Code   136  tasks.o(i.vTaskResume)
    vTaskStartScheduler                      0x080056e1   Thumb Code    72  tasks.o(i.vTaskStartScheduler)
    vTaskSuspend                             0x08005739   Thumb Code   150  tasks.o(i.vTaskSuspend)
    vTaskSuspendAll                          0x080057e1   Thumb Code    10  tasks.o(i.vTaskSuspendAll)
    vTaskSwitchContext                       0x080057f1   Thumb Code    60  tasks.o(i.vTaskSwitchContext)
    xPortStartScheduler                      0x08005835   Thumb Code    38  port.o(i.xPortStartScheduler)
    xPortSysTickHandler                      0x08005865   Thumb Code    38  port.o(i.xPortSysTickHandler)
    xQueueGenericCreate                      0x08005891   Thumb Code    70  queue.o(i.xQueueGenericCreate)
    xQueueGenericReset                       0x080058d9   Thumb Code   144  queue.o(i.xQueueGenericReset)
    xQueueGenericSend                        0x0800596d   Thumb Code   242  queue.o(i.xQueueGenericSend)
    xQueueGenericSendFromISR                 0x08005a65   Thumb Code   112  queue.o(i.xQueueGenericSendFromISR)
    xQueueReceive                            0x08005ad5   Thumb Code   236  queue.o(i.xQueueReceive)
    xTaskCheckForTimeOut                     0x08005bc5   Thumb Code    82  tasks.o(i.xTaskCheckForTimeOut)
    xTaskCreate                              0x08005c1d   Thumb Code    92  tasks.o(i.xTaskCreate)
    xTaskGetSchedulerState                   0x08005c79   Thumb Code    22  tasks.o(i.xTaskGetSchedulerState)
    xTaskGetTickCount                        0x08005c95   Thumb Code     6  tasks.o(i.xTaskGetTickCount)
    xTaskIncrementTick                       0x08005ca1   Thumb Code   282  tasks.o(i.xTaskIncrementTick)
    xTaskRemoveFromEventList                 0x08005dc5   Thumb Code   190  tasks.o(i.xTaskRemoveFromEventList)
    xTaskResumeAll                           0x08005e91   Thumb Code   266  tasks.o(i.xTaskResumeAll)
    xTimerCreate                             0x08005fad   Thumb Code    74  timers.o(i.xTimerCreate)
    xTimerCreateTimerTask                    0x08005ff9   Thumb Code    44  timers.o(i.xTimerCreateTimerTask)
    xTimerGenericCommand                     0x08006035   Thumb Code    68  timers.o(i.xTimerGenericCommand)
    AHBPrescTable                            0x0800608e   Data          16  system_stm32f1xx.o(.constdata)
    APBPrescTable                            0x0800609e   Data           8  system_stm32f1xx.o(.constdata)
    Signal                                   0x080060a6   Data          32  data.o(.constdata)
    Power                                    0x080060c6   Data          32  data.o(.constdata)
    Number8x16                               0x080060e6   Data         160  data.o(.constdata)
    Number16x32                              0x08006186   Data         640  data.o(.constdata)
    Setting                                  0x08006406   Data          64  data.o(.constdata)
    MenuItems                                0x08006448   Data        1020  data.o(.constdata)
    Bulb                                     0x08006844   Data         576  data.o(.constdata)
    Chess                                    0x08006a84   Data          24  data.o(.constdata)
    Confirm                                  0x08006a9c   Data          64  data.o(.constdata)
    little_star                              0x08006adc   Data         172  data.o(.constdata)
    castle_in_sky                            0x08006b88   Data         488  data.o(.constdata)
    Little_star                              0x08006d70   Data          96  data.o(.constdata)
    Castle_in_sky                            0x08006dd0   Data         128  data.o(.constdata)
    Last                                     0x08006e50   Data          32  data.o(.constdata)
    Next                                     0x08006e70   Data          32  data.o(.constdata)
    Pause                                    0x08006e90   Data          32  data.o(.constdata)
    Playing                                  0x08006eb0   Data          32  data.o(.constdata)
    u8g2_font_t0_11_tf                       0x08006ed0   Data        1994  u8g2_fonts.o(.constdata)
    u8g2_font_wqy16_t_chinese1               0x0800769a   Data       13882  u8g2_fonts.o(.constdata)
    u8g2_cb_r0                               0x0800acd4   Data          12  u8g2_setup.o(.constdata)
    Region$$Table$$Base                      0x0800ae7c   Number         0  anon$$obj.o(Region$$Table)
    Region$$Table$$Limit                     0x0800ae9c   Number         0  anon$$obj.o(Region$$Table)
    KeyQueue                                 0x20000000   Data           4  freertos_watch.o(.data)
    clock_handle                             0x20000004   Data           4  freertos_watch.o(.data)
    flicker_handle                           0x20000008   Data           4  freertos_watch.o(.data)
    testtask_handle                          0x2000000c   Data           4  freertos_watch.o(.data)
    TimeTask_handle                          0x20000010   Data           4  freertos_watch.o(.data)
    MenuTask_handle                          0x20000014   Data           4  freertos_watch.o(.data)
    AlarmTask_handle                         0x20000018   Data           4  freertos_watch.o(.data)
    FlashlightTask_handle                    0x2000001c   Data           4  freertos_watch.o(.data)
    GameTask_handle                          0x20000020   Data           4  freertos_watch.o(.data)
    MusicTask_handle                         0x20000024   Data           4  freertos_watch.o(.data)
    HumitureTask_handle                      0x20000028   Data           4  freertos_watch.o(.data)
    SettingTask_handle                       0x2000002c   Data           4  freertos_watch.o(.data)
    uwTickFreq                               0x20000034   Data           1  stm32f1xx_hal.o(.data)
    uwTickPrio                               0x20000038   Data           4  stm32f1xx_hal.o(.data)
    uwTick                                   0x2000003c   Data           4  stm32f1xx_hal.o(.data)
    SystemCoreClock                          0x20000040   Data           4  system_stm32f1xx.o(.data)
    pxCurrentTCB                             0x20000044   Data           4  tasks.o(.data)
    uxTopUsedPriority                        0x20000074   Data           4  tasks.o(.data)
    f_hour                                   0x200000b8   Data           1  timetask.o(.data)
    f_minute                                 0x200000b9   Data           1  timetask.o(.data)
    f_second                                 0x200000ba   Data           1  timetask.o(.data)
    s_hour                                   0x200000bb   Data           1  timetask.o(.data)
    s_minute                                 0x200000bc   Data           1  timetask.o(.data)
    s_second                                 0x200000bd   Data           1  timetask.o(.data)
    SelectedIndex                            0x200000c0   Data           4  menutask.o(.data)
    flickerBit                               0x200000c4   Data           1  alarmtask.o(.data)
    SettingState                             0x200000c5   Data           1  alarmtask.o(.data)
    A_f_hour                                 0x200000c6   Data           1  alarmtask.o(.data)
    A_f_minute                               0x200000c7   Data           1  alarmtask.o(.data)
    A_s_hour                                 0x200000c8   Data           1  alarmtask.o(.data)
    A_s_minute                               0x200000c9   Data           1  alarmtask.o(.data)
    a_f_hour                                 0x200000ca   Data           1  alarmtask.o(.data)
    a_f_minute                               0x200000cb   Data           1  alarmtask.o(.data)
    a_s_hour                                 0x200000cc   Data           1  alarmtask.o(.data)
    a_s_minute                               0x200000cd   Data           1  alarmtask.o(.data)
    Light_Status                             0x200000ce   Data           1  flashlighttask.o(.data)
    ResultFlag                               0x200000d0   Data           1  gametask.o(.data)
    GameEndFlag                              0x200000d1   Data           1  gametask.o(.data)
    x                                        0x200000d4   Data           4  gametask.o(.data)
    y                                        0x200000d8   Data           4  gametask.o(.data)
    flickerTime                              0x200000dc   Data           4  gametask.o(.data)
    ADCReady                                 0x200000e2   Data           1  game.o(.data)
    RandomValues                             0x200000e4   Data           4  game.o(.data)
    music_state                              0x200000e8   Data           1  buzzer.o(.data)
    current_song                             0x200000e9   Data           1  buzzer.o(.data)
    current_note                             0x200000ea   Data           2  buzzer.o(.data)
    note_start_time                          0x200000ec   Data           4  buzzer.o(.data)
    pause_time                               0x200000f0   Data           4  buzzer.o(.data)
    paused_duration                          0x200000f4   Data           4  buzzer.o(.data)
    current_melody                           0x200000f8   Data           4  buzzer.o(.data)
    hadc1                                    0x20000108   Data          48  adc.o(.bss)
    hdma_adc1                                0x20000138   Data          68  adc.o(.bss)
    hi2c1                                    0x2000017c   Data          84  i2c.o(.bss)
    htim1                                    0x200001d0   Data          72  tim.o(.bss)
    htim3                                    0x20000218   Data          72  tim.o(.bss)
    htim2                                    0x20000260   Data          72  stm32f1xx_hal_timebase_tim.o(.bss)
    chessflag                                0x200025b4   Data           9  gametask.o(.bss)
    __libspace_start                         0x200029e0   Data          96  libspace.o(.bss)
    __temporary_stack_top$libspace           0x20002a40   Data           0  libspace.o(.bss)



==============================================================================

Memory Map of the image

  Image Entry point : 0x080000ed

  Load Region LR_IROM1 (Base: 0x08000000, Size: 0x0000afa4, Max: 0x00010000, ABSOLUTE)

    Execution Region ER_IROM1 (Exec base: 0x08000000, Load base: 0x08000000, Size: 0x0000ae9c, Max: 0x00010000, ABSOLUTE)

    Exec Addr    Load Addr    Size         Type   Attr      Idx    E Section Name        Object

    0x08000000   0x08000000   0x000000ec   Data   RO            3    RESET               startup_stm32f103xb.o
    0x080000ec   0x080000ec   0x00000008   Code   RO         9556  * !!!main             c_w.l(__main.o)
    0x080000f4   0x080000f4   0x00000034   Code   RO         9715    !!!scatter          c_w.l(__scatter.o)
    0x08000128   0x08000128   0x0000001a   Code   RO         9717    !!handler_copy      c_w.l(__scatter_copy.o)
    0x08000142   0x08000142   0x00000002   PAD
    0x08000144   0x08000144   0x0000001c   Code   RO         9719    !!handler_zi        c_w.l(__scatter_zi.o)
    0x08000160   0x08000160   0x00000002   Code   RO         9585    .ARM.Collect$$libinit$$00000000  c_w.l(libinit.o)
    0x08000162   0x08000162   0x00000000   Code   RO         9592    .ARM.Collect$$libinit$$00000002  c_w.l(libinit2.o)
    0x08000162   0x08000162   0x00000000   Code   RO         9594    .ARM.Collect$$libinit$$00000004  c_w.l(libinit2.o)
    0x08000162   0x08000162   0x00000000   Code   RO         9597    .ARM.Collect$$libinit$$0000000A  c_w.l(libinit2.o)
    0x08000162   0x08000162   0x00000000   Code   RO         9599    .ARM.Collect$$libinit$$0000000C  c_w.l(libinit2.o)
    0x08000162   0x08000162   0x00000000   Code   RO         9601    .ARM.Collect$$libinit$$0000000E  c_w.l(libinit2.o)
    0x08000162   0x08000162   0x00000000   Code   RO         9604    .ARM.Collect$$libinit$$00000011  c_w.l(libinit2.o)
    0x08000162   0x08000162   0x00000000   Code   RO         9606    .ARM.Collect$$libinit$$00000013  c_w.l(libinit2.o)
    0x08000162   0x08000162   0x00000000   Code   RO         9608    .ARM.Collect$$libinit$$00000015  c_w.l(libinit2.o)
    0x08000162   0x08000162   0x00000000   Code   RO         9610    .ARM.Collect$$libinit$$00000017  c_w.l(libinit2.o)
    0x08000162   0x08000162   0x00000000   Code   RO         9612    .ARM.Collect$$libinit$$00000019  c_w.l(libinit2.o)
    0x08000162   0x08000162   0x00000000   Code   RO         9614    .ARM.Collect$$libinit$$0000001B  c_w.l(libinit2.o)
    0x08000162   0x08000162   0x00000000   Code   RO         9616    .ARM.Collect$$libinit$$0000001D  c_w.l(libinit2.o)
    0x08000162   0x08000162   0x00000000   Code   RO         9618    .ARM.Collect$$libinit$$0000001F  c_w.l(libinit2.o)
    0x08000162   0x08000162   0x00000000   Code   RO         9620    .ARM.Collect$$libinit$$00000021  c_w.l(libinit2.o)
    0x08000162   0x08000162   0x00000000   Code   RO         9622    .ARM.Collect$$libinit$$00000023  c_w.l(libinit2.o)
    0x08000162   0x08000162   0x00000000   Code   RO         9624    .ARM.Collect$$libinit$$00000025  c_w.l(libinit2.o)
    0x08000162   0x08000162   0x00000000   Code   RO         9628    .ARM.Collect$$libinit$$0000002C  c_w.l(libinit2.o)
    0x08000162   0x08000162   0x00000000   Code   RO         9630    .ARM.Collect$$libinit$$0000002E  c_w.l(libinit2.o)
    0x08000162   0x08000162   0x00000000   Code   RO         9632    .ARM.Collect$$libinit$$00000030  c_w.l(libinit2.o)
    0x08000162   0x08000162   0x00000000   Code   RO         9634    .ARM.Collect$$libinit$$00000032  c_w.l(libinit2.o)
    0x08000162   0x08000162   0x00000002   Code   RO         9635    .ARM.Collect$$libinit$$00000033  c_w.l(libinit2.o)
    0x08000164   0x08000164   0x00000002   Code   RO         9655    .ARM.Collect$$libshutdown$$00000000  c_w.l(libshutdown.o)
    0x08000166   0x08000166   0x00000000   Code   RO         9668    .ARM.Collect$$libshutdown$$00000002  c_w.l(libshutdown2.o)
    0x08000166   0x08000166   0x00000000   Code   RO         9670    .ARM.Collect$$libshutdown$$00000004  c_w.l(libshutdown2.o)
    0x08000166   0x08000166   0x00000000   Code   RO         9673    .ARM.Collect$$libshutdown$$00000007  c_w.l(libshutdown2.o)
    0x08000166   0x08000166   0x00000000   Code   RO         9676    .ARM.Collect$$libshutdown$$0000000A  c_w.l(libshutdown2.o)
    0x08000166   0x08000166   0x00000000   Code   RO         9678    .ARM.Collect$$libshutdown$$0000000C  c_w.l(libshutdown2.o)
    0x08000166   0x08000166   0x00000000   Code   RO         9681    .ARM.Collect$$libshutdown$$0000000F  c_w.l(libshutdown2.o)
    0x08000166   0x08000166   0x00000002   Code   RO         9682    .ARM.Collect$$libshutdown$$00000010  c_w.l(libshutdown2.o)
    0x08000168   0x08000168   0x00000000   Code   RO         9558    .ARM.Collect$$rtentry$$00000000  c_w.l(__rtentry.o)
    0x08000168   0x08000168   0x00000000   Code   RO         9562    .ARM.Collect$$rtentry$$00000002  c_w.l(__rtentry2.o)
    0x08000168   0x08000168   0x00000006   Code   RO         9574    .ARM.Collect$$rtentry$$00000004  c_w.l(__rtentry4.o)
    0x0800016e   0x0800016e   0x00000000   Code   RO         9564    .ARM.Collect$$rtentry$$00000009  c_w.l(__rtentry2.o)
    0x0800016e   0x0800016e   0x00000004   Code   RO         9565    .ARM.Collect$$rtentry$$0000000A  c_w.l(__rtentry2.o)
    0x08000172   0x08000172   0x00000000   Code   RO         9567    .ARM.Collect$$rtentry$$0000000C  c_w.l(__rtentry2.o)
    0x08000172   0x08000172   0x00000008   Code   RO         9568    .ARM.Collect$$rtentry$$0000000D  c_w.l(__rtentry2.o)
    0x0800017a   0x0800017a   0x00000002   Code   RO         9589    .ARM.Collect$$rtexit$$00000000  c_w.l(rtexit.o)
    0x0800017c   0x0800017c   0x00000000   Code   RO         9637    .ARM.Collect$$rtexit$$00000002  c_w.l(rtexit2.o)
    0x0800017c   0x0800017c   0x00000004   Code   RO         9638    .ARM.Collect$$rtexit$$00000003  c_w.l(rtexit2.o)
    0x08000180   0x08000180   0x00000006   Code   RO         9639    .ARM.Collect$$rtexit$$00000004  c_w.l(rtexit2.o)
    0x08000186   0x08000186   0x00000002   PAD
    0x08000188   0x08000188   0x00000096   Code   RO         4160    .emb_text           port.o
    0x0800021e   0x0800021e   0x00000002   PAD
    0x08000220   0x08000220   0x00000040   Code   RO            4    .text               startup_stm32f103xb.o
    0x08000260   0x08000260   0x0000008a   Code   RO         9548    .text               c_w.l(rt_memcpy_v6.o)
    0x080002ea   0x080002ea   0x00000044   Code   RO         9550    .text               c_w.l(rt_memclr.o)
    0x0800032e   0x0800032e   0x0000004e   Code   RO         9552    .text               c_w.l(rt_memclr_w.o)
    0x0800037c   0x0800037c   0x00000006   Code   RO         9554    .text               c_w.l(heapauxi.o)
    0x08000382   0x08000382   0x00000064   Code   RO         9559    .text               c_w.l(rt_memcpy_w.o)
    0x080003e6   0x080003e6   0x0000004a   Code   RO         9576    .text               c_w.l(sys_stackheap_outer.o)
    0x08000430   0x08000430   0x00000012   Code   RO         9578    .text               c_w.l(exit.o)
    0x08000442   0x08000442   0x00000002   PAD
    0x08000444   0x08000444   0x00000008   Code   RO         9586    .text               c_w.l(libspace.o)
    0x0800044c   0x0800044c   0x0000000c   Code   RO         9647    .text               c_w.l(sys_exit.o)
    0x08000458   0x08000458   0x00000002   Code   RO         9658    .text               c_w.l(use_no_semi.o)
    0x0800045a   0x0800045a   0x00000000   Code   RO         9660    .text               c_w.l(indicate_semi.o)
    0x0800045a   0x0800045a   0x00000002   PAD
    0x0800045c   0x0800045c   0x00000056   Code   RO          621    i.ADC_ConversionStop_Disable  stm32f1xx_hal_adc.o
    0x080004b2   0x080004b2   0x0000004e   Code   RO          622    i.ADC_DMAConvCplt   stm32f1xx_hal_adc.o
    0x08000500   0x08000500   0x0000001a   Code   RO          623    i.ADC_DMAError      stm32f1xx_hal_adc.o
    0x0800051a   0x0800051a   0x0000000a   Code   RO          624    i.ADC_DMAHalfConvCplt  stm32f1xx_hal_adc.o
    0x08000524   0x08000524   0x0000007c   Code   RO          625    i.ADC_Enable        stm32f1xx_hal_adc.o
    0x080005a0   0x080005a0   0x00000238   Code   RO         4392    i.AlarmTask         alarmtask.o
    0x080007d8   0x080007d8   0x00000002   Code   RO          440    i.BusFault_Handler  stm32f1xx_it.o
    0x080007da   0x080007da   0x00000002   PAD
    0x080007dc   0x080007dc   0x00000028   Code   RO         4690    i.Buzzer_PlayNote   buzzer.o
    0x08000804   0x08000804   0x0000007c   Code   RO         4645    i.ComputerPlay      game.o
    0x08000880   0x08000880   0x0000000c   Code   RO          441    i.DMA1_Channel1_IRQHandler  stm32f1xx_it.o
    0x0800088c   0x0800088c   0x0000002a   Code   RO         1277    i.DMA_SetConfig     stm32f1xx_hal_dma.o
    0x080008b6   0x080008b6   0x00000002   Code   RO          442    i.DebugMon_Handler  stm32f1xx_it.o
    0x080008b8   0x080008b8   0x00000090   Code   RO         4448    i.DrawBoardBuffer   gametask.o
    0x08000948   0x08000948   0x00000084   Code   RO         4358    i.DrawMenuBuffer    menutask.o
    0x080009cc   0x080009cc   0x00000004   Code   RO          187    i.Error_Handler     main.o
    0x080009d0   0x080009d0   0x000000dc   Code   RO         4420    i.FlashlightTask    flashlighttask.o
    0x08000aac   0x08000aac   0x000001d0   Code   RO           13    i.FreeRTOS_Init     freertos_watch.o
    0x08000c7c   0x08000c7c   0x000001b4   Code   RO         4449    i.GameTask          gametask.o
    0x08000e30   0x08000e30   0x000000fc   Code   RO          627    i.HAL_ADC_ConfigChannel  stm32f1xx_hal_adc.o
    0x08000f2c   0x08000f2c   0x0000000c   Code   RO         4646    i.HAL_ADC_ConvCpltCallback  game.o
    0x08000f38   0x08000f38   0x00000002   Code   RO          629    i.HAL_ADC_ConvHalfCpltCallback  stm32f1xx_hal_adc.o
    0x08000f3a   0x08000f3a   0x00000002   Code   RO          631    i.HAL_ADC_ErrorCallback  stm32f1xx_hal_adc.o
    0x08000f3c   0x08000f3c   0x0000011c   Code   RO          636    i.HAL_ADC_Init      stm32f1xx_hal_adc.o
    0x08001058   0x08001058   0x0000008c   Code   RO          279    i.HAL_ADC_MspInit   adc.o
    0x080010e4   0x080010e4   0x0000010c   Code   RO          643    i.HAL_ADC_Start_DMA  stm32f1xx_hal_adc.o
    0x080011f0   0x080011f0   0x00000154   Code   RO         1283    i.HAL_DMA_IRQHandler  stm32f1xx_hal_dma.o
    0x08001344   0x08001344   0x0000005c   Code   RO         1284    i.HAL_DMA_Init      stm32f1xx_hal_dma.o
    0x080013a0   0x080013a0   0x00000070   Code   RO         1288    i.HAL_DMA_Start_IT  stm32f1xx_hal_dma.o
    0x08001410   0x08001410   0x00000024   Code   RO          904    i.HAL_Delay         stm32f1xx_hal.o
    0x08001434   0x08001434   0x000001e0   Code   RO         1214    i.HAL_GPIO_Init     stm32f1xx_hal_gpio.o
    0x08001614   0x08001614   0x0000000a   Code   RO         1216    i.HAL_GPIO_ReadPin  stm32f1xx_hal_gpio.o
    0x0800161e   0x0800161e   0x00000010   Code   RO         1217    i.HAL_GPIO_TogglePin  stm32f1xx_hal_gpio.o
    0x0800162e   0x0800162e   0x0000000a   Code   RO         1218    i.HAL_GPIO_WritePin  stm32f1xx_hal_gpio.o
    0x08001638   0x08001638   0x0000000c   Code   RO          908    i.HAL_GetTick       stm32f1xx_hal.o
    0x08001644   0x08001644   0x00000188   Code   RO         1885    i.HAL_I2C_Init      stm32f1xx_hal_i2c.o
    0x080017cc   0x080017cc   0x0000012c   Code   RO         1898    i.HAL_I2C_Master_Transmit  stm32f1xx_hal_i2c.o
    0x080018f8   0x080018f8   0x0000005c   Code   RO          345    i.HAL_I2C_MspInit   i2c.o
    0x08001954   0x08001954   0x00000010   Code   RO          914    i.HAL_IncTick       stm32f1xx_hal.o
    0x08001964   0x08001964   0x00000024   Code   RO          915    i.HAL_Init          stm32f1xx_hal.o
    0x08001988   0x08001988   0x00000098   Code   RO          546    i.HAL_InitTick      stm32f1xx_hal_timebase_tim.o
    0x08001a20   0x08001a20   0x0000003c   Code   RO          522    i.HAL_MspInit       stm32f1xx_hal_msp.o
    0x08001a5c   0x08001a5c   0x0000001a   Code   RO         1374    i.HAL_NVIC_EnableIRQ  stm32f1xx_hal_cortex.o
    0x08001a76   0x08001a76   0x00000002   PAD
    0x08001a78   0x08001a78   0x00000040   Code   RO         1380    i.HAL_NVIC_SetPriority  stm32f1xx_hal_cortex.o
    0x08001ab8   0x08001ab8   0x00000024   Code   RO         1381    i.HAL_NVIC_SetPriorityGrouping  stm32f1xx_hal_cortex.o
    0x08001adc   0x08001adc   0x000000ec   Code   RO         1176    i.HAL_RCCEx_PeriphCLKConfig  stm32f1xx_hal_rcc_ex.o
    0x08001bc8   0x08001bc8   0x0000012c   Code   RO         1072    i.HAL_RCC_ClockConfig  stm32f1xx_hal_rcc.o
    0x08001cf4   0x08001cf4   0x00000040   Code   RO         1076    i.HAL_RCC_GetClockConfig  stm32f1xx_hal_rcc.o
    0x08001d34   0x08001d34   0x00000020   Code   RO         1079    i.HAL_RCC_GetPCLK1Freq  stm32f1xx_hal_rcc.o
    0x08001d54   0x08001d54   0x0000004c   Code   RO         1081    i.HAL_RCC_GetSysClockFreq  stm32f1xx_hal_rcc.o
    0x08001da0   0x08001da0   0x00000320   Code   RO         1084    i.HAL_RCC_OscConfig  stm32f1xx_hal_rcc.o
    0x080020c0   0x080020c0   0x00000002   Code   RO         3017    i.HAL_TIMEx_BreakCallback  stm32f1xx_hal_tim_ex.o
    0x080020c2   0x080020c2   0x00000002   Code   RO         3018    i.HAL_TIMEx_CommutCallback  stm32f1xx_hal_tim_ex.o
    0x080020c4   0x080020c4   0x00000054   Code   RO         3020    i.HAL_TIMEx_ConfigBreakDeadTime  stm32f1xx_hal_tim_ex.o
    0x08002118   0x08002118   0x00000068   Code   RO         3036    i.HAL_TIMEx_MasterConfigSynchronization  stm32f1xx_hal_tim_ex.o
    0x08002180   0x08002180   0x0000005a   Code   RO         2313    i.HAL_TIM_Base_Init  stm32f1xx_hal_tim.o
    0x080021da   0x080021da   0x00000002   PAD
    0x080021dc   0x080021dc   0x00000054   Code   RO          387    i.HAL_TIM_Base_MspInit  tim.o
    0x08002230   0x08002230   0x00000058   Code   RO         2318    i.HAL_TIM_Base_Start_IT  stm32f1xx_hal_tim.o
    0x08002288   0x08002288   0x000000dc   Code   RO         2322    i.HAL_TIM_ConfigClockSource  stm32f1xx_hal_tim.o
    0x08002364   0x08002364   0x00000002   Code   RO         2347    i.HAL_TIM_IC_CaptureCallback  stm32f1xx_hal_tim.o
    0x08002366   0x08002366   0x00000130   Code   RO         2361    i.HAL_TIM_IRQHandler  stm32f1xx_hal_tim.o
    0x08002496   0x08002496   0x00000002   PAD
    0x08002498   0x08002498   0x0000004c   Code   RO          388    i.HAL_TIM_MspPostInit  tim.o
    0x080024e4   0x080024e4   0x00000002   Code   RO         2364    i.HAL_TIM_OC_DelayElapsedCallback  stm32f1xx_hal_tim.o
    0x080024e6   0x080024e6   0x000000cc   Code   RO         2385    i.HAL_TIM_PWM_ConfigChannel  stm32f1xx_hal_tim.o
    0x080025b2   0x080025b2   0x0000005a   Code   RO         2388    i.HAL_TIM_PWM_Init  stm32f1xx_hal_tim.o
    0x0800260c   0x0800260c   0x00000002   Code   RO         2390    i.HAL_TIM_PWM_MspInit  stm32f1xx_hal_tim.o
    0x0800260e   0x0800260e   0x00000002   Code   RO         2391    i.HAL_TIM_PWM_PulseFinishedCallback  stm32f1xx_hal_tim.o
    0x08002610   0x08002610   0x0000009c   Code   RO         2393    i.HAL_TIM_PWM_Start  stm32f1xx_hal_tim.o
    0x080026ac   0x080026ac   0x00000070   Code   RO         2396    i.HAL_TIM_PWM_Stop  stm32f1xx_hal_tim.o
    0x0800271c   0x0800271c   0x0000003c   Code   RO          188    i.HAL_TIM_PeriodElapsedCallback  main.o
    0x08002758   0x08002758   0x00000002   Code   RO         2404    i.HAL_TIM_TriggerCallback  stm32f1xx_hal_tim.o
    0x0800275a   0x0800275a   0x00000002   Code   RO          443    i.HardFault_Handler  stm32f1xx_it.o
    0x0800275c   0x0800275c   0x0000001c   Code   RO         4520    i.HumitureTask      humituretask.o
    0x08002778   0x08002778   0x0000002e   Code   RO         1928    i.I2C_IsAcknowledgeFailed  stm32f1xx_hal_i2c.o
    0x080027a6   0x080027a6   0x00000002   PAD
    0x080027a8   0x080027a8   0x0000009c   Code   RO         1932    i.I2C_MasterRequestWrite  stm32f1xx_hal_i2c.o
    0x08002844   0x08002844   0x00000056   Code   RO         1943    i.I2C_WaitOnBTFFlagUntilTimeout  stm32f1xx_hal_i2c.o
    0x0800289a   0x0800289a   0x00000002   PAD
    0x0800289c   0x0800289c   0x00000090   Code   RO         1944    i.I2C_WaitOnFlagUntilTimeout  stm32f1xx_hal_i2c.o
    0x0800292c   0x0800292c   0x000000bc   Code   RO         1945    i.I2C_WaitOnMasterAddressFlagUntilTimeout  stm32f1xx_hal_i2c.o
    0x080029e8   0x080029e8   0x00000056   Code   RO         1947    i.I2C_WaitOnTXEFlagUntilTimeout  stm32f1xx_hal_i2c.o
    0x08002a3e   0x08002a3e   0x00000024   Code   RO         4647    i.IsBoardFull       game.o
    0x08002a62   0x08002a62   0x00000002   PAD
    0x08002a64   0x08002a64   0x00000044   Code   RO         4570    i.Key_GetState      key.o
    0x08002aa8   0x08002aa8   0x00000090   Code   RO         4571    i.Key_ReleaseJudge  key.o
    0x08002b38   0x08002b38   0x00000064   Code   RO          280    i.MX_ADC1_Init      adc.o
    0x08002b9c   0x08002b9c   0x0000002c   Code   RO          320    i.MX_DMA_Init       dma.o
    0x08002bc8   0x08002bc8   0x000000bc   Code   RO          254    i.MX_GPIO_Init      gpio.o
    0x08002c84   0x08002c84   0x00000040   Code   RO          346    i.MX_I2C1_Init      i2c.o
    0x08002cc4   0x08002cc4   0x000000d0   Code   RO          389    i.MX_TIM1_Init      tim.o
    0x08002d94   0x08002d94   0x00000068   Code   RO          390    i.MX_TIM3_Init      tim.o
    0x08002dfc   0x08002dfc   0x00000002   Code   RO          444    i.MemManage_Handler  stm32f1xx_it.o
    0x08002dfe   0x08002dfe   0x00000002   PAD
    0x08002e00   0x08002e00   0x000001b4   Code   RO         4359    i.MenuTask          menutask.o
    0x08002fb4   0x08002fb4   0x00000158   Code   RO         4492    i.MusicTask         musictask.o
    0x0800310c   0x0800310c   0x00000020   Code   RO         4691    i.Music_Pause       buzzer.o
    0x0800312c   0x0800312c   0x00000028   Code   RO         4692    i.Music_Resume      buzzer.o
    0x08003154   0x08003154   0x00000038   Code   RO         4693    i.Music_Start       buzzer.o
    0x0800318c   0x0800318c   0x0000001c   Code   RO         4694    i.Music_Stop        buzzer.o
    0x080031a8   0x080031a8   0x00000060   Code   RO         4695    i.Music_Update      buzzer.o
    0x08003208   0x08003208   0x00000002   Code   RO          445    i.NMI_Handler       stm32f1xx_it.o
    0x0800320a   0x0800320a   0x00000078   Code   RO         4648    i.ResultJodge       game.o
    0x08003282   0x08003282   0x00000002   PAD
    0x08003284   0x08003284   0x0000001c   Code   RO         4545    i.SettingTask       settingtask.o
    0x080032a0   0x080032a0   0x00000014   Code   RO          446    i.SysTick_Handler   stm32f1xx_it.o
    0x080032b4   0x080032b4   0x00000078   Code   RO          189    i.SystemClock_Config  main.o
    0x0800332c   0x0800332c   0x00000002   Code   RO         3285    i.SystemInit        system_stm32f1xx.o
    0x0800332e   0x0800332e   0x00000002   PAD
    0x08003330   0x08003330   0x0000000c   Code   RO          447    i.TIM2_IRQHandler   stm32f1xx_it.o
    0x0800333c   0x0800333c   0x0000000c   Code   RO          448    i.TIM3_IRQHandler   stm32f1xx_it.o
    0x08003348   0x08003348   0x00000078   Code   RO         2406    i.TIM_Base_SetConfig  stm32f1xx_hal_tim.o
    0x080033c0   0x080033c0   0x0000001a   Code   RO         2407    i.TIM_CCxChannelCmd  stm32f1xx_hal_tim.o
    0x080033da   0x080033da   0x00000014   Code   RO         2417    i.TIM_ETR_SetConfig  stm32f1xx_hal_tim.o
    0x080033ee   0x080033ee   0x00000010   Code   RO         2418    i.TIM_ITRx_SetConfig  stm32f1xx_hal_tim.o
    0x080033fe   0x080033fe   0x00000002   PAD
    0x08003400   0x08003400   0x00000050   Code   RO         2419    i.TIM_OC1_SetConfig  stm32f1xx_hal_tim.o
    0x08003450   0x08003450   0x00000058   Code   RO         2420    i.TIM_OC2_SetConfig  stm32f1xx_hal_tim.o
    0x080034a8   0x080034a8   0x00000058   Code   RO         2421    i.TIM_OC3_SetConfig  stm32f1xx_hal_tim.o
    0x08003500   0x08003500   0x00000044   Code   RO         2422    i.TIM_OC4_SetConfig  stm32f1xx_hal_tim.o
    0x08003544   0x08003544   0x00000022   Code   RO         2424    i.TIM_TI1_ConfigInputStage  stm32f1xx_hal_tim.o
    0x08003566   0x08003566   0x00000024   Code   RO         2426    i.TIM_TI2_ConfigInputStage  stm32f1xx_hal_tim.o
    0x0800358a   0x0800358a   0x00000002   PAD
    0x0800358c   0x0800358c   0x000001f4   Code   RO         4324    i.TimeTask          timetask.o
    0x08003780   0x08003780   0x00000002   Code   RO          449    i.UsageFault_Handler  stm32f1xx_it.o
    0x08003782   0x08003782   0x00000020   Code   RO         1387    i.__NVIC_SetPriority  stm32f1xx_hal_cortex.o
    0x080037a2   0x080037a2   0x00000002   PAD
    0x080037a4   0x080037a4   0x00000068   Code   RO         4325    i.clockCallbackFunction  timetask.o
    0x0800380c   0x0800380c   0x00000010   Code   RO         4450    i.flickerCallbackFunction  gametask.o
    0x0800381c   0x0800381c   0x00000030   Code   RO          190    i.main              main.o
    0x0800384c   0x0800384c   0x00000088   Code   RO         3732    i.prvAddCurrentTaskToDelayedList  tasks.o
    0x080038d4   0x080038d4   0x000000f0   Code   RO         3733    i.prvAddNewTaskToReadyList  tasks.o
    0x080039c4   0x080039c4   0x00000040   Code   RO         4031    i.prvCheckForValidListAndQueue  timers.o
    0x08003a04   0x08003a04   0x00000026   Code   RO         3456    i.prvCopyDataFromQueue  queue.o
    0x08003a2a   0x08003a2a   0x0000005a   Code   RO         3457    i.prvCopyDataToQueue  queue.o
    0x08003a84   0x08003a84   0x00000014   Code   RO         3734    i.prvDeleteTCB      tasks.o
    0x08003a98   0x08003a98   0x00000044   Code   RO         4231    i.prvHeapInit       heap_4.o
    0x08003adc   0x08003adc   0x00000060   Code   RO         3735    i.prvIdleTask       tasks.o
    0x08003b3c   0x08003b3c   0x00000070   Code   RO         3736    i.prvInitialiseNewTask  tasks.o
    0x08003bac   0x08003bac   0x0000004c   Code   RO         4232    i.prvInsertBlockIntoFreeList  heap_4.o
    0x08003bf8   0x08003bf8   0x00000038   Code   RO         4032    i.prvInsertTimerInActiveList  timers.o
    0x08003c30   0x08003c30   0x0000001c   Code   RO         3458    i.prvIsQueueEmpty   queue.o
    0x08003c4c   0x08003c4c   0x00000040   Code   RO         4033    i.prvProcessExpiredTimer  timers.o
    0x08003c8c   0x08003c8c   0x000000d0   Code   RO         4034    i.prvProcessReceivedCommands  timers.o
    0x08003d5c   0x08003d5c   0x0000006c   Code   RO         4035    i.prvProcessTimerOrBlockTask  timers.o
    0x08003dc8   0x08003dc8   0x00000028   Code   RO         4036    i.prvReloadTimer    timers.o
    0x08003df0   0x08003df0   0x0000001c   Code   RO         3737    i.prvResetNextTaskUnblockTime  tasks.o
    0x08003e0c   0x08003e0c   0x00000048   Code   RO         4037    i.prvSampleTimeNow  timers.o
    0x08003e54   0x08003e54   0x00000010   Code   RO         4161    i.prvTaskExitError  port.o
    0x08003e64   0x08003e64   0x00000020   Code   RO         3738    i.prvTaskIsTaskSuspended  tasks.o
    0x08003e84   0x08003e84   0x00000024   Code   RO         4038    i.prvTimerTask      timers.o
    0x08003ea8   0x08003ea8   0x0000006a   Code   RO         3459    i.prvUnlockQueue    queue.o
    0x08003f12   0x08003f12   0x00000002   PAD
    0x08003f14   0x08003f14   0x00000098   Code   RO         4234    i.pvPortMalloc      heap_4.o
    0x08003fac   0x08003fac   0x00000024   Code   RO         4162    i.pxPortInitialiseStack  port.o
    0x08003fd0   0x08003fd0   0x00000040   Code   RO         4295    i.testtask          testtask.o
    0x08004010   0x08004010   0x00000012   Code   RO         5529    i.u8g2_ClearBuffer  u8g2_buffer.o
    0x08004022   0x08004022   0x0000001e   Code   RO         5693    i.u8g2_ClearDisplay  u8g2_cleardisplay.o
    0x08004040   0x08004040   0x00000044   Code   RO         5499    i.u8g2_DrawBox      u8g2_box.o
    0x08004084   0x08004084   0x00000040   Code   RO         5623    i.u8g2_DrawCircle   u8g2_circle.o
    0x080040c4   0x080040c4   0x00000040   Code   RO         5624    i.u8g2_DrawDisc     u8g2_circle.o
    0x08004104   0x08004104   0x00000088   Code   RO         5500    i.u8g2_DrawFrame    u8g2_box.o
    0x0800418c   0x0800418c   0x00000070   Code   RO         5750    i.u8g2_DrawGlyph    u8g2_font.o
    0x080041fc   0x080041fc   0x0000000c   Code   RO         8057    i.u8g2_DrawHLine    u8g2_hvline.o
    0x08004208   0x08004208   0x000000ac   Code   RO         8058    i.u8g2_DrawHVLine   u8g2_hvline.o
    0x080042b4   0x080042b4   0x000000ac   Code   RO         5453    i.u8g2_DrawHXBMP    u8g2_bitmap.o
    0x08004360   0x08004360   0x0000002e   Code   RO         8059    i.u8g2_DrawPixel    u8g2_hvline.o
    0x0800438e   0x0800438e   0x000000e6   Code   RO         5501    i.u8g2_DrawRBox     u8g2_box.o
    0x08004474   0x08004474   0x00000010   Code   RO         5752    i.u8g2_DrawStr      u8g2_font.o
    0x08004484   0x08004484   0x00000010   Code   RO         5754    i.u8g2_DrawUTF8     u8g2_font.o
    0x08004494   0x08004494   0x0000000c   Code   RO         8060    i.u8g2_DrawVLine    u8g2_hvline.o
    0x080044a0   0x080044a0   0x0000004c   Code   RO         5456    i.u8g2_DrawXBMP     u8g2_bitmap.o
    0x080044ec   0x080044ec   0x0000001c   Code   RO         5530    i.u8g2_FirstPage    u8g2_buffer.o
    0x08004508   0x08004508   0x00000034   Code   RO         5721    i.u8g2_Init         u8g2_d_setup.o
    0x0800453c   0x0800453c   0x00000030   Code   RO         8119    i.u8g2_IsIntersection  u8g2_intersection.o
    0x0800456c   0x0800456c   0x0000003e   Code   RO         5531    i.u8g2_NextPage     u8g2_buffer.o
    0x080045aa   0x080045aa   0x00000012   Code   RO         5532    i.u8g2_SendBuffer   u8g2_buffer.o
    0x080045bc   0x080045bc   0x0000001c   Code   RO         5533    i.u8g2_SetBufferCurrTileRow  u8g2_buffer.o
    0x080045d8   0x080045d8   0x00000010   Code   RO         8061    i.u8g2_SetDrawColor  u8g2_hvline.o
    0x080045e8   0x080045e8   0x00000020   Code   RO         5770    i.u8g2_SetFont      u8g2_font.o
    0x08004608   0x08004608   0x0000000c   Code   RO         5773    i.u8g2_SetFontPosBaseline  u8g2_font.o
    0x08004614   0x08004614   0x0000001c   Code   RO         8307    i.u8g2_SetMaxClipWindow  u8g2_setup.o
    0x08004630   0x08004630   0x00000046   Code   RO         8308    i.u8g2_SetupBuffer  u8g2_setup.o
    0x08004676   0x08004676   0x00000002   PAD
    0x08004678   0x08004678   0x00000038   Code   RO         5722    i.u8g2_Setup_ssd1306_i2c_128x64_noname_f  u8g2_d_setup.o
    0x080046b0   0x080046b0   0x00000052   Code   RO         5780    i.u8g2_UpdateRefHeight  u8g2_font.o
    0x08004702   0x08004702   0x0000001c   Code   RO         5781    i.u8g2_add_vector_x  u8g2_font.o
    0x0800471e   0x0800471e   0x0000001c   Code   RO         5782    i.u8g2_add_vector_y  u8g2_font.o
    0x0800473a   0x0800473a   0x0000006e   Code   RO         8310    i.u8g2_apply_clip_window  u8g2_setup.o
    0x080047a8   0x080047a8   0x0000003c   Code   RO         8062    i.u8g2_clip_intersection2  u8g2_hvline.o
    0x080047e4   0x080047e4   0x0000006a   Code   RO         5627    i.u8g2_draw_circle  u8g2_circle.o
    0x0800484e   0x0800484e   0x000000ba   Code   RO         5628    i.u8g2_draw_circle_section  u8g2_circle.o
    0x08004908   0x08004908   0x0000006a   Code   RO         5629    i.u8g2_draw_disc    u8g2_circle.o
    0x08004972   0x08004972   0x000000cc   Code   RO         5630    i.u8g2_draw_disc_section  u8g2_circle.o
    0x08004a3e   0x08004a3e   0x00000012   Code   RO         8063    i.u8g2_draw_hv_line_2dir  u8g2_hvline.o
    0x08004a50   0x08004a50   0x0000000c   Code   RO         8312    i.u8g2_draw_l90_r0  u8g2_setup.o
    0x08004a5c   0x08004a5c   0x00000076   Code   RO         5783    i.u8g2_draw_string  u8g2_font.o
    0x08004ad2   0x08004ad2   0x00000004   Code   RO         5789    i.u8g2_font_calc_vref_font  u8g2_font.o
    0x08004ad6   0x08004ad6   0x00000014   Code   RO         5791    i.u8g2_font_decode_get_signed_bits  u8g2_font.o
    0x08004aea   0x08004aea   0x00000034   Code   RO         5792    i.u8g2_font_decode_get_unsigned_bits  u8g2_font.o
    0x08004b1e   0x08004b1e   0x00000002   PAD
    0x08004b20   0x08004b20   0x00000114   Code   RO         5793    i.u8g2_font_decode_glyph  u8g2_font.o
    0x08004c34   0x08004c34   0x0000008c   Code   RO         5794    i.u8g2_font_decode_len  u8g2_font.o
    0x08004cc0   0x08004cc0   0x00000072   Code   RO         5795    i.u8g2_font_get_glyph_data  u8g2_font.o
    0x08004d32   0x08004d32   0x00000014   Code   RO         5796    i.u8g2_font_get_word  u8g2_font.o
    0x08004d46   0x08004d46   0x00000034   Code   RO         5797    i.u8g2_font_setup_decode  u8g2_font.o
    0x08004d7a   0x08004d7a   0x00000018   Code   RO         8120    i.u8g2_is_intersection_decision_tree  u8g2_intersection.o
    0x08004d92   0x08004d92   0x00000002   PAD
    0x08004d94   0x08004d94   0x00000090   Code   RO         8168    i.u8g2_ll_hvline_vertical_top_lsb  u8g2_ll_hvline.o
    0x08004e24   0x08004e24   0x0000000c   Code   RO         5705    i.u8g2_m_16_8_f     u8g2_d_memory.o
    0x08004e30   0x08004e30   0x0000006a   Code   RO         5798    i.u8g2_read_font_info  u8g2_font.o
    0x08004e9a   0x08004e9a   0x0000004e   Code   RO         5540    i.u8g2_send_buffer  u8g2_buffer.o
    0x08004ee8   0x08004ee8   0x00000018   Code   RO          191    i.u8g2_stm32_delay  main.o
    0x08004f00   0x08004f00   0x00000046   Code   RO         8317    i.u8g2_update_dimension_common  u8g2_setup.o
    0x08004f46   0x08004f46   0x00000004   Code   RO         8318    i.u8g2_update_dimension_r0  u8g2_setup.o
    0x08004f4a   0x08004f4a   0x00000022   Code   RO         8322    i.u8g2_update_page_win_r0  u8g2_setup.o
    0x08004f6c   0x08004f6c   0x0000001e   Code   RO         9119    i.u8x8_DrawTile     u8x8_display.o
    0x08004f8a   0x08004f8a   0x00000010   Code   RO         9121    i.u8x8_InitDisplay  u8x8_display.o
    0x08004f9a   0x08004f9a   0x00000010   Code   RO         9123    i.u8x8_RefreshDisplay  u8x8_display.o
    0x08004faa   0x08004faa   0x00000010   Code   RO         9126    i.u8x8_SetPowerSave  u8x8_display.o
    0x08004fba   0x08004fba   0x00000022   Code   RO         9425    i.u8x8_Setup        u8x8_setup.o
    0x08004fdc   0x08004fdc   0x00000024   Code   RO         9426    i.u8x8_SetupDefaults  u8x8_setup.o
    0x08005000   0x08005000   0x00000010   Code   RO         9127    i.u8x8_SetupMemory  u8x8_display.o
    0x08005010   0x08005010   0x0000000e   Code   RO         8596    i.u8x8_ascii_next   u8x8_8x8.o
    0x0800501e   0x0800501e   0x00000010   Code   RO         8725    i.u8x8_byte_EndTransfer  u8x8_byte.o
    0x0800502e   0x0800502e   0x0000000e   Code   RO         8726    i.u8x8_byte_SendByte  u8x8_byte.o
    0x0800503c   0x0800503c   0x00000010   Code   RO         8729    i.u8x8_byte_StartTransfer  u8x8_byte.o
    0x0800504c   0x0800504c   0x00000064   Code   RO         8731    i.u8x8_byte_hw_i2c  u8x8_byte.o
    0x080050b0   0x080050b0   0x00000010   Code   RO         8866    i.u8x8_cad_EndTransfer  u8x8_cad.o
    0x080050c0   0x080050c0   0x00000010   Code   RO         8867    i.u8x8_cad_SendArg  u8x8_cad.o
    0x080050d0   0x080050d0   0x00000010   Code   RO         8868    i.u8x8_cad_SendCmd  u8x8_cad.o
    0x080050e0   0x080050e0   0x00000010   Code   RO         8869    i.u8x8_cad_SendData  u8x8_cad.o
    0x080050f0   0x080050f0   0x00000068   Code   RO         8871    i.u8x8_cad_SendSequence  u8x8_cad.o
    0x08005158   0x08005158   0x00000010   Code   RO         8872    i.u8x8_cad_StartTransfer  u8x8_cad.o
    0x08005168   0x08005168   0x000000bc   Code   RO         8875    i.u8x8_cad_ssd13xx_fast_i2c  u8x8_cad.o
    0x08005224   0x08005224   0x00000060   Code   RO         9128    i.u8x8_d_helper_display_init  u8x8_display.o
    0x08005284   0x08005284   0x0000000a   Code   RO         9129    i.u8x8_d_helper_display_setup_memory  u8x8_display.o
    0x0800528e   0x0800528e   0x00000002   PAD
    0x08005290   0x08005290   0x0000003c   Code   RO         9053    i.u8x8_d_ssd1306_128x64_noname  u8x8_d_ssd1306_128x64_noname.o
    0x080052cc   0x080052cc   0x000000c8   Code   RO         9055    i.u8x8_d_ssd1306_sh1106_generic  u8x8_d_ssd1306_128x64_noname.o
    0x08005394   0x08005394   0x00000004   Code   RO         9428    i.u8x8_dummy_cb     u8x8_setup.o
    0x08005398   0x08005398   0x0000000c   Code   RO         9347    i.u8x8_gpio_call    u8x8_gpio.o
    0x080053a4   0x080053a4   0x0000002c   Code   RO         8883    i.u8x8_i2c_data_transfer  u8x8_cad.o
    0x080053d0   0x080053d0   0x00000008   Code   RO         8604    i.u8x8_utf8_init    u8x8_8x8.o
    0x080053d8   0x080053d8   0x00000090   Code   RO         8605    i.u8x8_utf8_next    u8x8_8x8.o
    0x08005468   0x08005468   0x00000026   Code   RO         3417    i.uxListRemove      list.o
    0x0800548e   0x0800548e   0x00000002   PAD
    0x08005490   0x08005490   0x0000000c   Code   RO         3741    i.uxTaskGetNumberOfTasks  tasks.o
    0x0800549c   0x0800549c   0x00000016   Code   RO         3418    i.vListInitialise   list.o
    0x080054b2   0x080054b2   0x00000006   Code   RO         3419    i.vListInitialiseItem  list.o
    0x080054b8   0x080054b8   0x00000030   Code   RO         3420    i.vListInsert       list.o
    0x080054e8   0x080054e8   0x00000018   Code   RO         3421    i.vListInsertEnd    list.o
    0x08005500   0x08005500   0x0000001c   Code   RO         4164    i.vPortEnterCritical  port.o
    0x0800551c   0x0800551c   0x00000014   Code   RO         4165    i.vPortExitCritical  port.o
    0x08005530   0x08005530   0x00000044   Code   RO         4235    i.vPortFree         heap_4.o
    0x08005574   0x08005574   0x00000018   Code   RO         4166    i.vPortSetupTimerInterrupt  port.o
    0x0800558c   0x0800558c   0x00000044   Code   RO         3464    i.vQueueWaitForMessageRestricted  queue.o
    0x080055d0   0x080055d0   0x00000010   Code   RO         3749    i.vTaskInternalSetTimeOutState  tasks.o
    0x080055e0   0x080055e0   0x0000000c   Code   RO         3750    i.vTaskMissedYield  tasks.o
    0x080055ec   0x080055ec   0x00000020   Code   RO         3751    i.vTaskPlaceOnEventList  tasks.o
    0x0800560c   0x0800560c   0x00000040   Code   RO         3752    i.vTaskPlaceOnEventListRestricted  tasks.o
    0x0800564c   0x0800564c   0x00000094   Code   RO         3756    i.vTaskResume       tasks.o
    0x080056e0   0x080056e0   0x00000058   Code   RO         3758    i.vTaskStartScheduler  tasks.o
    0x08005738   0x08005738   0x000000a8   Code   RO         3759    i.vTaskSuspend      tasks.o
    0x080057e0   0x080057e0   0x00000010   Code   RO         3760    i.vTaskSuspendAll   tasks.o
    0x080057f0   0x080057f0   0x00000044   Code   RO         3761    i.vTaskSwitchContext  tasks.o
    0x08005834   0x08005834   0x00000030   Code   RO         4167    i.xPortStartScheduler  port.o
    0x08005864   0x08005864   0x0000002c   Code   RO         4168    i.xPortSysTickHandler  port.o
    0x08005890   0x08005890   0x00000046   Code   RO         3465    i.xQueueGenericCreate  queue.o
    0x080058d6   0x080058d6   0x00000002   PAD
    0x080058d8   0x080058d8   0x00000094   Code   RO         3466    i.xQueueGenericReset  queue.o
    0x0800596c   0x0800596c   0x000000f8   Code   RO         3467    i.xQueueGenericSend  queue.o
    0x08005a64   0x08005a64   0x00000070   Code   RO         3468    i.xQueueGenericSendFromISR  queue.o
    0x08005ad4   0x08005ad4   0x000000f0   Code   RO         3474    i.xQueueReceive     queue.o
    0x08005bc4   0x08005bc4   0x00000058   Code   RO         3763    i.xTaskCheckForTimeOut  tasks.o
    0x08005c1c   0x08005c1c   0x0000005c   Code   RO         3764    i.xTaskCreate       tasks.o
    0x08005c78   0x08005c78   0x0000001c   Code   RO         3771    i.xTaskGetSchedulerState  tasks.o
    0x08005c94   0x08005c94   0x0000000c   Code   RO         3772    i.xTaskGetTickCount  tasks.o
    0x08005ca0   0x08005ca0   0x00000124   Code   RO         3774    i.xTaskIncrementTick  tasks.o
    0x08005dc4   0x08005dc4   0x000000cc   Code   RO         3775    i.xTaskRemoveFromEventList  tasks.o
    0x08005e90   0x08005e90   0x0000011c   Code   RO         3776    i.xTaskResumeAll    tasks.o
    0x08005fac   0x08005fac   0x0000004a   Code   RO         4043    i.xTimerCreate      timers.o
    0x08005ff6   0x08005ff6   0x00000002   PAD
    0x08005ff8   0x08005ff8   0x0000003c   Code   RO         4044    i.xTimerCreateTimerTask  timers.o
    0x08006034   0x08006034   0x00000048   Code   RO         4045    i.xTimerGenericCommand  timers.o
    0x0800607c   0x0800607c   0x00000012   Data   RO         1085    .constdata          stm32f1xx_hal_rcc.o
    0x0800608e   0x0800608e   0x00000010   Data   RO         3286    .constdata          system_stm32f1xx.o
    0x0800609e   0x0800609e   0x00000008   Data   RO         3287    .constdata          system_stm32f1xx.o
    0x080060a6   0x080060a6   0x00000020   Data   RO         4602    .constdata          data.o
    0x080060c6   0x080060c6   0x00000020   Data   RO         4603    .constdata          data.o
    0x080060e6   0x080060e6   0x000000a0   Data   RO         4604    .constdata          data.o
    0x08006186   0x08006186   0x00000280   Data   RO         4605    .constdata          data.o
    0x08006406   0x08006406   0x00000040   Data   RO         4606    .constdata          data.o
    0x08006446   0x08006446   0x00000002   PAD
    0x08006448   0x08006448   0x000003fc   Data   RO         4607    .constdata          data.o
    0x08006844   0x08006844   0x00000240   Data   RO         4608    .constdata          data.o
    0x08006a84   0x08006a84   0x00000018   Data   RO         4611    .constdata          data.o
    0x08006a9c   0x08006a9c   0x00000040   Data   RO         4612    .constdata          data.o
    0x08006adc   0x08006adc   0x000000ac   Data   RO         4613    .constdata          data.o
    0x08006b88   0x08006b88   0x000001e8   Data   RO         4614    .constdata          data.o
    0x08006d70   0x08006d70   0x00000060   Data   RO         4615    .constdata          data.o
    0x08006dd0   0x08006dd0   0x00000080   Data   RO         4616    .constdata          data.o
    0x08006e50   0x08006e50   0x00000020   Data   RO         4617    .constdata          data.o
    0x08006e70   0x08006e70   0x00000020   Data   RO         4618    .constdata          data.o
    0x08006e90   0x08006e90   0x00000020   Data   RO         4619    .constdata          data.o
    0x08006eb0   0x08006eb0   0x00000020   Data   RO         4620    .constdata          data.o
    0x08006ed0   0x08006ed0   0x000007ca   Data   RO         6283    .constdata          u8g2_fonts.o
    0x0800769a   0x0800769a   0x0000363a   Data   RO         7223    .constdata          u8g2_fonts.o
    0x0800acd4   0x0800acd4   0x0000000c   Data   RO         8326    .constdata          u8g2_setup.o
    0x0800ace0   0x0800ace0   0x00000158   Data   RO         9057    .constdata          u8x8_d_ssd1306_128x64_noname.o
    0x0800ae38   0x0800ae38   0x00000043   Data   RO         4621    .conststring        data.o
    0x0800ae7b   0x0800ae7b   0x00000001   PAD
    0x0800ae7c   0x0800ae7c   0x00000020   Data   RO         9713    Region$$Table       anon$$obj.o


    Execution Region RW_IRAM1 (Exec base: 0x20000000, Load base: 0x0800ae9c, Size: 0x00003040, Max: 0x00005000, ABSOLUTE)

    Exec Addr    Load Addr    Size         Type   Attr      Idx    E Section Name        Object

    0x20000000   0x0800ae9c   0x00000030   Data   RW           14    .data               freertos_watch.o
    0x20000030   0x0800aecc   0x00000001   Data   RW          192    .data               main.o
    0x20000031   0x0800aecd   0x00000003   PAD
    0x20000034   0x0800aed0   0x0000000c   Data   RW          922    .data               stm32f1xx_hal.o
    0x20000040   0x0800aedc   0x00000004   Data   RW         3288    .data               system_stm32f1xx.o
    0x20000044   0x0800aee0   0x00000040   Data   RW         3779    .data               tasks.o
    0x20000084   0x0800af20   0x00000014   Data   RW         4052    .data               timers.o
    0x20000098   0x0800af34   0x00000004   Data   RW         4169    .data               port.o
    0x2000009c   0x0800af38   0x0000001c   Data   RW         4241    .data               heap_4.o
    0x200000b8   0x0800af54   0x00000006   Data   RW         4326    .data               timetask.o
    0x200000be   0x0800af5a   0x00000002   PAD
    0x200000c0   0x0800af5c   0x00000004   Data   RW         4360    .data               menutask.o
    0x200000c4   0x0800af60   0x0000000a   Data   RW         4393    .data               alarmtask.o
    0x200000ce   0x0800af6a   0x00000001   Data   RW         4421    .data               flashlighttask.o
    0x200000cf   0x0800af6b   0x00000001   PAD
    0x200000d0   0x0800af6c   0x00000010   Data   RW         4452    .data               gametask.o
    0x200000e0   0x0800af7c   0x00000002   Data   RW         4572    .data               key.o
    0x200000e2   0x0800af7e   0x00000006   Data   RW         4649    .data               game.o
    0x200000e8   0x0800af84   0x00000014   Data   RW         4696    .data               buzzer.o
    0x200000fc   0x0800af98   0x00000003   Data   RW         8737    .data               u8x8_byte.o
    0x200000ff   0x0800af9b   0x00000006   Data   RW         8885    .data               u8x8_cad.o
    0x20000105   0x0800afa1   0x00000003   PAD
    0x20000108        -       0x00000074   Zero   RW          281    .bss                adc.o
    0x2000017c        -       0x00000054   Zero   RW          347    .bss                i2c.o
    0x200001d0        -       0x00000090   Zero   RW          391    .bss                tim.o
    0x20000260        -       0x00000048   Zero   RW          549    .bss                stm32f1xx_hal_timebase_tim.o
    0x200002a8        -       0x000002e4   Zero   RW         3778    .bss                tasks.o
    0x2000058c        -       0x00000028   Zero   RW         4051    .bss                timers.o
    0x200005b4        -       0x00002000   Zero   RW         4240    .bss                heap_4.o
    0x200025b4        -       0x00000009   Zero   RW         4451    .bss                gametask.o
    0x200025bd        -       0x00000400   Zero   RW         5706    .bss                u8g2_d_memory.o
    0x200029bd        -       0x00000020   Zero   RW         8736    .bss                u8x8_byte.o
    0x200029dd   0x0800afa1   0x00000003   PAD
    0x200029e0        -       0x00000060   Zero   RW         9587    .bss                c_w.l(libspace.o)
    0x20002a40        -       0x00000200   Zero   RW            2    HEAP                startup_stm32f103xb.o
    0x20002c40        -       0x00000400   Zero   RW            1    STACK               startup_stm32f103xb.o


==============================================================================

Image component sizes


      Code (inc. data)   RO Data    RW Data    ZI Data      Debug   Object Name

       240         30          0          0        116       1699   adc.o
       568         36          0         10          0       1386   alarmtask.o
       292         52          0         20          0       3819   buzzer.o
         0          0       3691          0          0       1982   data.o
        44          4          0          0          0        726   dma.o
         0          0          0          0          0      14572   event_groups.o
       220         42          0          1          0        852   flashlighttask.o
       464        180          0         48          0     623524   freertos_watch.o
       292         16          0          6          0       3182   game.o
       596         52          0         16          9       2917   gametask.o
       188         18          0          0          0        951   gpio.o
       364         22          0         28       8192       4615   heap_4.o
        28          6          0          0          0        495   humituretask.o
       156         26          0          0         84       1569   i2c.o
       212         16          0          2          0       1166   key.o
       138          0          0          0          0       3150   list.o
       256         12          0          1          0       3235   main.o
       568         72          0          4          0       1616   menutask.o
         0          0          0          0          0     163162   mui_u8g2.o
       344         44          0          0          0        724   musictask.o
       366         44          0          4          0       9168   port.o
      1148         14          0          0          0      13523   queue.o
        28          6          0          0          0        494   settingtask.o
        64         26        236          0       1536        796   startup_stm32f103xb.o
       100         18          0         12          0       5138   stm32f1xx_hal.o
      1132         56          0          0          0       7843   stm32f1xx_hal_adc.o
       158         14          0          0          0      28110   stm32f1xx_hal_cortex.o
       586         32          0          0          0       3523   stm32f1xx_hal_dma.o
       516         34          0          0          0       4052   stm32f1xx_hal_gpio.o
      1398         32          0          0          0       8981   stm32f1xx_hal_i2c.o
        60          8          0          0          0        846   stm32f1xx_hal_msp.o
      1272         82         18          0          0       5082   stm32f1xx_hal_rcc.o
       236         12          0          0          0       1356   stm32f1xx_hal_rcc_ex.o
      1850         60          0          0          0      16465   stm32f1xx_hal_tim.o
       192         12          0          0          0       3113   stm32f1xx_hal_tim_ex.o
       152         18          0          0         72       1435   stm32f1xx_hal_timebase_tim.o
        68         18          0          0          0       4246   stm32f1xx_it.o
         2          0         24          4          0       1071   system_stm32f1xx.o
      2288        194          0         64        740      32113   tasks.o
        64         10          0          0          0       1797   testtask.o
       472         42          0          0        144       2981   tim.o
       854         74          0         20         40      12172   timers.o
       604         80          0          6          0       1563   timetask.o
       248          0          0          0          0       2225   u8g2_bitmap.o
       434          0          0          0          0       2208   u8g2_box.o
       232          0          0          0          0       3996   u8g2_buffer.o
       730          0          0          0          0       5914   u8g2_circle.o
        30          0          0          0          0        544   u8g2_cleardisplay.o
        12          4          0          0       1024        804   u8g2_d_memory.o
       108         28          0          0          0       1549   u8g2_d_setup.o
      1228         14          0          0          0      14037   u8g2_font.o
         0          0      15876          0          0     149511   u8g2_fonts.o
       336          0          0          0          0       4614   u8g2_hvline.o
        72          0          0          0          0       1827   u8g2_intersection.o
       144          0          0          0          0       1338   u8g2_ll_hvline.o
       328          0         12          0          0     150379   u8g2_setup.o
       166          0          0          0          0       2474   u8x8_8x8.o
       146         12          0          3         32       5123   u8x8_byte.o
       416         12          0          6          0       8484   u8x8_cad.o
       260         12        344          0          0       3007   u8x8_d_ssd1306_128x64_noname.o
       200          0          0          0          0       4134   u8x8_display.o
        12          0          0          0          0        561   u8x8_gpio.o
        74          4          0          0          0       1666   u8x8_setup.o

    ----------------------------------------------------------------------
     23800       1600      20236        264      11992    1365605   Object Totals
         0          0         32          0          0          0   (incl. Generated)
        44          0          3          9          3          0   (incl. Padding)

    ----------------------------------------------------------------------

      Code (inc. data)   RO Data    RW Data    ZI Data      Debug   Library Member Name

         8          0          0          0          0         68   __main.o
         0          0          0          0          0          0   __rtentry.o
        12          0          0          0          0          0   __rtentry2.o
         6          0          0          0          0          0   __rtentry4.o
        52          8          0          0          0          0   __scatter.o
        26          0          0          0          0          0   __scatter_copy.o
        28          0          0          0          0          0   __scatter_zi.o
        18          0          0          0          0         80   exit.o
         6          0          0          0          0        152   heapauxi.o
         0          0          0          0          0          0   indicate_semi.o
         2          0          0          0          0          0   libinit.o
         2          0          0          0          0          0   libinit2.o
         2          0          0          0          0          0   libshutdown.o
         2          0          0          0          0          0   libshutdown2.o
         8          4          0          0         96         68   libspace.o
        68          0          0          0          0         68   rt_memclr.o
        78          0          0          0          0         80   rt_memclr_w.o
       138          0          0          0          0         68   rt_memcpy_v6.o
       100          0          0          0          0         80   rt_memcpy_w.o
         2          0          0          0          0          0   rtexit.o
        10          0          0          0          0          0   rtexit2.o
        12          4          0          0          0         68   sys_exit.o
        74          0          0          0          0         80   sys_stackheap_outer.o
         2          0          0          0          0         68   use_no_semi.o

    ----------------------------------------------------------------------
       664         16          0          0         96        880   Library Totals
         8          0          0          0          0          0   (incl. Padding)

    ----------------------------------------------------------------------

      Code (inc. data)   RO Data    RW Data    ZI Data      Debug   Library Name

       656         16          0          0         96        880   c_w.l

    ----------------------------------------------------------------------
       664         16          0          0         96        880   Library Totals

    ----------------------------------------------------------------------

==============================================================================


      Code (inc. data)   RO Data    RW Data    ZI Data      Debug   

     24464       1616      20236        264      12088    1352545   Grand Totals
     24464       1616      20236        264      12088    1352545   ELF Image Totals
     24464       1616      20236        264          0          0   ROM Totals

==============================================================================

    Total RO  Size (Code + RO Data)                44700 (  43.65kB)
    Total RW  Size (RW Data + ZI Data)             12352 (  12.06kB)
    Total ROM Size (Code + RO Data + RW Data)      44964 (  43.91kB)

==============================================================================

